<html>
<body>
<pre>
<h1>µVision Build Log</h1>
<h2>Tool Versions:</h2>
IDE-Version: ¦ÌVision V5.24.2.0
Copyright (C) 2017 ARM Ltd and ARM Germany GmbH. All rights reserved.
License Information: A A, A, LIC=ATTQ1-CUUNH-X7NRZ-J11KY-70GQ9-XFNGQ
 
Tool Versions:
Toolchain:       MDK-ARM Plus  Version: 5.24.1
Toolchain Path:  D:\keil\ARM\ARMCC\Bin
C Compiler:      Armcc.exe V5.06 update 5 (build 528)
Assembler:       Armasm.exe V5.06 update 5 (build 528)
Linker/Locator:  ArmLink.exe V5.06 update 5 (build 528)
Library Manager: ArmAr.exe V5.06 update 5 (build 528)
Hex Converter:   FromElf.exe V5.06 update 5 (build 528)
CPU DLL:         SARMCM3.DLL V5.24.1
Dialog DLL:      DCM.DLL V1.16.0.0
Target DLL:      CMSIS_AGDI.dll V1.28.3.0
Dialog DLL:      TCM.DLL V1.32.0.0
 
<h2>Project:</h2>
D:\RTOS\RTOS_test1\04_first_freeRTOS\FreeRTOS\Demo\CORTEX_STM32F103_Keil\RTOSDemo.uvprojx
Project File Date:  06/26/2023

<h2>Output:</h2>
*** Using Compiler 'V5.06 update 5 (build 528)', folder: 'D:\keil\ARM\ARMCC\Bin'
Build target 'Target 1'
compiling stm32f10x_lib.c...
compiling lcd.c...
compiling stm32f10x_usart.c...
assembling STM32F10x.s...
assembling cortexm3_macro_rvds.s...
compiling stm32f10x_systick.c...
compiling ParTest.c...
compiling stm32f10x_spi.c...
compiling stm32f10x_gpio.c...
compiling stm32f10x_nvic.c...
compiling stm32f10x_tim.c...
compiling stm32f10x_rcc.c...
compiling serial.c...
serial\serial.c(97): warning:  #1-D: last line of file ends without a newline
  }
serial\serial.c: 1 warning, 0 errors
compiling timertest.c...
compiling spi_flash.c...
compiling main.c...
main.c(190): warning:  #177-D: function "vLCDTask"  was declared but never referenced
  void vLCDTask(void *pvParameters)
main.c(210): warning:  #177-D: function "vCheckTask"  was declared but never referenced
  static void vCheckTask(void *pvParameters)
main.c: 2 warnings, 0 errors
compiling semtest.c...
compiling BlockQ.c...
compiling blocktim.c...
compiling comtest.c...
..\Common\Minimal\comtest.c(174): warning:  #177-D: variable "cByteRxed"  was declared but never referenced
      signed char cExpectedByte, cByteRxed;
..\Common\Minimal\comtest.c(96): warning:  #177-D: variable "xPort"  was declared but never referenced
  static xComPortHandle xPort = NULL;
..\Common\Minimal\comtest.c: 2 warnings, 0 errors
compiling death.c...
compiling flash.c...
compiling integer.c...
compiling PollQ.c...
compiling list.c...
compiling tasks.c...
compiling queue.c...
compiling heap_2.c...
compiling port.c...
linking...
Program Size: Code=23930 RO-data=14530 RW-data=240 ZI-data=18152  
FromELF: creating hex file...
"..\..\RTOSDemo.axf" - 0 Error(s), 5 Warning(s).

<h2>Software Packages used:</h2>

Package Vendor: Keil
                http://www.keil.com/pack/Keil.STM32F1xx_DFP.2.2.0.pack
                Keil.STM32F1xx_DFP.2.2.0
                STMicroelectronics STM32F1 Series Device Support, Drivers and Examples

<h2>Collection of Component include folders:</h2>
  .\RTE\_Target_1
  D:\keil\ARM\PACK\Keil\STM32F1xx_DFP\2.2.0\Device\Include

<h2>Collection of Component Files used:</h2>
Build Time Elapsed:  00:00:02
</pre>
</body>
</html>
