Component: ARM Compiler 5.06 update 5 (build 528) Tool: armlink [4d35e2]

==============================================================================

Section Cross References

    main.o(i.main) refers to led.o(i.LED_Init) for LED_Init
    main.o(i.main) refers to oled.o(i.OLED_Init) for OLED_Init
    main.o(i.main) refers to tft.o(i.Lcd_Init) for Lcd_Init
    main.o(i.main) refers to tft.o(i.LCD_Clear) for LCD_Clear
    main.o(i.main) refers to serial.o(i.Serial_Init) for Serial_Init
    main.o(i.main) refers to main.o(i.xianshi) for xianshi
    main.o(i.main) refers to oled.o(i.OLED_ShowString) for OLED_ShowString
    main.o(i.main) refers to oled.o(i.OLED_ShowChineseString) for OLED_ShowChineseString
    main.o(i.main) refers to tft.o(i.LCD_ShowString) for LCD_ShowString
    main.o(i.main) refers to strcmpv7m.o(.text) for strcmp
    main.o(i.main) refers to ch32f10x_gpio.o(i.GPIO_WriteBit) for GPIO_WriteBit
    main.o(i.main) refers to ch32f10x_gpio.o(i.GPIO_SetBits) for GPIO_SetBits
    main.o(i.main) refers to serial.o(i.Serial_Printf) for Serial_Printf
    main.o(i.main) refers to tft.o(.data) for BACK_COLOR
    main.o(i.main) refers to serial.o(.data) for Serial_RxFlag
    main.o(i.main) refers to serial.o(.bss) for Serial_RxPacket
    main.o(i.main) refers to main.o(.data) for i
    main.o(i.showimage) refers to tft.o(i.Address_set) for Address_set
    main.o(i.showimage) refers to tft.o(i.LCD_WR_DATA8) for LCD_WR_DATA8
    main.o(i.showimage) refers to main.o(.constdata) for image
    main.o(i.showimage) refers to main.o(.data) for ref
    main.o(i.xianshi) refers to tft.o(i.showhanzi) for showhanzi
    main.o(i.xianshi) refers to tft.o(.data) for BACK_COLOR
    oled.o(i.OLED_Clear) refers to oled.o(i.OLED_SetCursor) for OLED_SetCursor
    oled.o(i.OLED_Clear) refers to oled.o(i.OLED_WriteData) for OLED_WriteData
    oled.o(i.OLED_I2C_Init) refers to ch32f10x_rcc.o(i.RCC_APB2PeriphClockCmd) for RCC_APB2PeriphClockCmd
    oled.o(i.OLED_I2C_Init) refers to ch32f10x_gpio.o(i.GPIO_Init) for GPIO_Init
    oled.o(i.OLED_I2C_Init) refers to ch32f10x_gpio.o(i.GPIO_WriteBit) for GPIO_WriteBit
    oled.o(i.OLED_I2C_SendByte) refers to ch32f10x_gpio.o(i.GPIO_WriteBit) for GPIO_WriteBit
    oled.o(i.OLED_I2C_Start) refers to ch32f10x_gpio.o(i.GPIO_WriteBit) for GPIO_WriteBit
    oled.o(i.OLED_I2C_Stop) refers to ch32f10x_gpio.o(i.GPIO_WriteBit) for GPIO_WriteBit
    oled.o(i.OLED_Init) refers to oled.o(i.OLED_I2C_Init) for OLED_I2C_Init
    oled.o(i.OLED_Init) refers to oled.o(i.OLED_WriteCommand) for OLED_WriteCommand
    oled.o(i.OLED_Init) refers to oled.o(i.OLED_Clear) for OLED_Clear
    oled.o(i.OLED_SetCursor) refers to oled.o(i.OLED_WriteCommand) for OLED_WriteCommand
    oled.o(i.OLED_ShowBinNum) refers to oled.o(i.OLED_Pow) for OLED_Pow
    oled.o(i.OLED_ShowBinNum) refers to oled.o(i.OLED_ShowChar) for OLED_ShowChar
    oled.o(i.OLED_ShowChar) refers to oled.o(i.OLED_SetCursor) for OLED_SetCursor
    oled.o(i.OLED_ShowChar) refers to oled.o(i.OLED_WriteData) for OLED_WriteData
    oled.o(i.OLED_ShowChar) refers to oled.o(.constdata) for OLED_F8x16
    oled.o(i.OLED_ShowChineseChar) refers to oled.o(i.OLED_SetCursor) for OLED_SetCursor
    oled.o(i.OLED_ShowChineseChar) refers to oled.o(i.OLED_WriteData) for OLED_WriteData
    oled.o(i.OLED_ShowChineseChar) refers to oled.o(.constdata) for Hzk
    oled.o(i.OLED_ShowChineseString) refers to oled.o(i.OLED_ShowChineseChar) for OLED_ShowChineseChar
    oled.o(i.OLED_ShowHexNum) refers to oled.o(i.OLED_Pow) for OLED_Pow
    oled.o(i.OLED_ShowHexNum) refers to oled.o(i.OLED_ShowChar) for OLED_ShowChar
    oled.o(i.OLED_ShowNum) refers to oled.o(i.OLED_Pow) for OLED_Pow
    oled.o(i.OLED_ShowNum) refers to oled.o(i.OLED_ShowChar) for OLED_ShowChar
    oled.o(i.OLED_ShowSignedNum) refers to oled.o(i.OLED_ShowChar) for OLED_ShowChar
    oled.o(i.OLED_ShowSignedNum) refers to oled.o(i.OLED_Pow) for OLED_Pow
    oled.o(i.OLED_ShowString) refers to oled.o(i.OLED_ShowChar) for OLED_ShowChar
    oled.o(i.OLED_WriteCommand) refers to oled.o(i.OLED_I2C_Start) for OLED_I2C_Start
    oled.o(i.OLED_WriteCommand) refers to oled.o(i.OLED_I2C_SendByte) for OLED_I2C_SendByte
    oled.o(i.OLED_WriteCommand) refers to oled.o(i.OLED_I2C_Stop) for OLED_I2C_Stop
    oled.o(i.OLED_WriteData) refers to oled.o(i.OLED_I2C_Start) for OLED_I2C_Start
    oled.o(i.OLED_WriteData) refers to oled.o(i.OLED_I2C_SendByte) for OLED_I2C_SendByte
    oled.o(i.OLED_WriteData) refers to oled.o(i.OLED_I2C_Stop) for OLED_I2C_Stop
    ds18b20.o(i.DS18B20_Check) refers to ds18b20.o(i.DS18B20_IO_IN) for DS18B20_IO_IN
    ds18b20.o(i.DS18B20_Check) refers to delay.o(i.Delay_us) for Delay_us
    ds18b20.o(i.DS18B20_GetTemperture) refers to ds18b20.o(i.DS18B20_Start) for DS18B20_Start
    ds18b20.o(i.DS18B20_GetTemperture) refers to ds18b20.o(i.DS18B20_Reset) for DS18B20_Reset
    ds18b20.o(i.DS18B20_GetTemperture) refers to ds18b20.o(i.DS18B20_Check) for DS18B20_Check
[...]
    D:\\keil\\ARM\\PACK\\Keil\\WCH32F1xx_DFP\\1.0.1\\Device\\StdPeriph_Driver\\src\\ch32f10x_tim.c 0x00000000   Number         0  ch32f10x_tim.o ABSOLUTE
    D:\\keil\\ARM\\PACK\\Keil\\WCH32F1xx_DFP\\1.0.1\\Device\\StdPeriph_Driver\\src\\ch32f10x_usart.c 0x00000000   Number         0  ch32f10x_usart.o ABSOLUTE
    D:\keil\ARM\PACK\Keil\WCH32F1xx_DFP\1.0.1\Device\StdPeriph_Driver\src\ch32f10x_adc.c 0x00000000   Number         0  ch32f10x_adc.o ABSOLUTE
    D:\keil\ARM\PACK\Keil\WCH32F1xx_DFP\1.0.1\Device\StdPeriph_Driver\src\ch32f10x_can.c 0x00000000   Number         0  ch32f10x_can.o ABSOLUTE
    D:\keil\ARM\PACK\Keil\WCH32F1xx_DFP\1.0.1\Device\StdPeriph_Driver\src\ch32f10x_dma.c 0x00000000   Number         0  ch32f10x_dma.o ABSOLUTE
    D:\keil\ARM\PACK\Keil\WCH32F1xx_DFP\1.0.1\Device\StdPeriph_Driver\src\ch32f10x_exti.c 0x00000000   Number         0  ch32f10x_exti.o ABSOLUTE
    D:\keil\ARM\PACK\Keil\WCH32F1xx_DFP\1.0.1\Device\StdPeriph_Driver\src\ch32f10x_gpio.c 0x00000000   Number         0  ch32f10x_gpio.o ABSOLUTE
    D:\keil\ARM\PACK\Keil\WCH32F1xx_DFP\1.0.1\Device\StdPeriph_Driver\src\ch32f10x_i2c.c 0x00000000   Number         0  ch32f10x_i2c.o ABSOLUTE
    D:\keil\ARM\PACK\Keil\WCH32F1xx_DFP\1.0.1\Device\StdPeriph_Driver\src\ch32f10x_misc.c 0x00000000   Number         0  ch32f10x_misc.o ABSOLUTE
    D:\keil\ARM\PACK\Keil\WCH32F1xx_DFP\1.0.1\Device\StdPeriph_Driver\src\ch32f10x_rcc.c 0x00000000   Number         0  ch32f10x_rcc.o ABSOLUTE
    D:\keil\ARM\PACK\Keil\WCH32F1xx_DFP\1.0.1\Device\StdPeriph_Driver\src\ch32f10x_spi.c 0x00000000   Number         0  ch32f10x_spi.o ABSOLUTE
    D:\keil\ARM\PACK\Keil\WCH32F1xx_DFP\1.0.1\Device\StdPeriph_Driver\src\ch32f10x_tim.c 0x00000000   Number         0  ch32f10x_tim.o ABSOLUTE
    D:\keil\ARM\PACK\Keil\WCH32F1xx_DFP\1.0.1\Device\StdPeriph_Driver\src\ch32f10x_usart.c 0x00000000   Number         0  ch32f10x_usart.o ABSOLUTE
    RTE\CH32F1xx\CH32F103C8\startup_ch32f10x.s 0x00000000   Number         0  startup_ch32f10x.o ABSOLUTE
    RTE\CH32F1xx\CH32F103C8\system_ch32f10x.c 0x00000000   Number         0  system_ch32f10x.o ABSOLUTE
    RTE\\CH32F1xx\\CH32F103C8\\system_ch32f10x.c 0x00000000   Number         0  system_ch32f10x.o ABSOLUTE
    USER\\main.c                             0x00000000   Number         0  main.o ABSOLUTE
    USER\main.c                              0x00000000   Number         0  main.o ABSOLUTE
    dc.s                                     0x00000000   Number         0  dc.o ABSOLUTE
    hardware\Key.c                           0x00000000   Number         0  key.o ABSOLUTE
    hardware\LED.c                           0x00000000   Number         0  led.o ABSOLUTE
    hardware\LightSensor.c                   0x00000000   Number         0  lightsensor.o ABSOLUTE
    hardware\MySPI.c                         0x00000000   Number         0  myspi.o ABSOLUTE
    hardware\OLED.c                          0x00000000   Number         0  oled.o ABSOLUTE
    hardware\Serial.c                        0x00000000   Number         0  serial.o ABSOLUTE
    hardware\TFT.c                           0x00000000   Number         0  tft.o ABSOLUTE
    hardware\\Key.c                          0x00000000   Number         0  key.o ABSOLUTE
    hardware\\LED.c                          0x00000000   Number         0  led.o ABSOLUTE
    hardware\\LightSensor.c                  0x00000000   Number         0  lightsensor.o ABSOLUTE
    hardware\\MySPI.c                        0x00000000   Number         0  myspi.o ABSOLUTE
    hardware\\OLED.c                         0x00000000   Number         0  oled.o ABSOLUTE
    hardware\\Serial.c                       0x00000000   Number         0  serial.o ABSOLUTE
    hardware\\TFT.c                          0x00000000   Number         0  tft.o ABSOLUTE
    hardware\\ds18b20.c                      0x00000000   Number         0  ds18b20.o ABSOLUTE
    hardware\ds18b20.c                       0x00000000   Number         0  ds18b20.o ABSOLUTE
    system\Delay.c                           0x00000000   Number         0  delay.o ABSOLUTE
    system\\Delay.c                          0x00000000   Number         0  delay.o ABSOLUTE
    RESET                                    0x08000000   Section      240  startup_ch32f10x.o(RESET)
    !!!main                                  0x080000f0   Section        8  __main.o(!!!main)
    !!!scatter                               0x080000f8   Section       52  __scatter.o(!!!scatter)
    !!dczerorl2                              0x0800012c   Section       90  __dczerorl2.o(!!dczerorl2)
    !!handler_zi                             0x08000188   Section       28  __scatter_zi.o(!!handler_zi)
    .ARM.Collect$$_printf_percent$$00000000  0x080001a4   Section        0  _printf_percent.o(.ARM.Collect$$_printf_percent$$00000000)
    .ARM.Collect$$_printf_percent$$00000001  0x080001a4   Section        6  _printf_n.o(.ARM.Collect$$_printf_percent$$00000001)
    .ARM.Collect$$_printf_percent$$00000002  0x080001aa   Section        6  _printf_p.o(.ARM.Collect$$_printf_percent$$00000002)
    .ARM.Collect$$_printf_percent$$00000003  0x080001b0   Section        6  _printf_f.o(.ARM.Collect$$_printf_percent$$00000003)
    .ARM.Collect$$_printf_percent$$00000004  0x080001b6   Section        6  _printf_e.o(.ARM.Collect$$_printf_percent$$00000004)
    .ARM.Collect$$_printf_percent$$00000005  0x080001bc   Section        6  _printf_g.o(.ARM.Collect$$_printf_percent$$00000005)
    .ARM.Collect$$_printf_percent$$00000006  0x080001c2   Section        6  _printf_a.o(.ARM.Collect$$_printf_percent$$00000006)
    .ARM.Collect$$_printf_percent$$00000007  0x080001c8   Section       10  _printf_ll.o(.ARM.Collect$$_printf_percent$$00000007)
    .ARM.Collect$$_printf_percent$$00000008  0x080001d2   Section        6  _printf_i.o(.ARM.Collect$$_printf_percent$$00000008)
    .ARM.Collect$$_printf_percent$$00000009  0x080001d8   Section        6  _printf_d.o(.ARM.Collect$$_printf_percent$$00000009)
    .ARM.Collect$$_printf_percent$$0000000A  0x080001de   Section        6  _printf_u.o(.ARM.Collect$$_printf_percent$$0000000A)
    .ARM.Collect$$_printf_percent$$0000000B  0x080001e4   Section        6  _printf_o.o(.ARM.Collect$$_printf_percent$$0000000B)
    .ARM.Collect$$_printf_percent$$0000000C  0x080001ea   Section        6  _printf_x.o(.ARM.Collect$$_printf_percent$$0000000C)
    .ARM.Collect$$_printf_percent$$0000000D  0x080001f0   Section        6  _printf_lli.o(.ARM.Collect$$_printf_percent$$0000000D)
    .ARM.Collect$$_printf_percent$$0000000E  0x080001f6   Section        6  _printf_lld.o(.ARM.Collect$$_printf_percent$$0000000E)
    .ARM.Collect$$_printf_percent$$0000000F  0x080001fc   Section        6  _printf_llu.o(.ARM.Collect$$_printf_percent$$0000000F)
    .ARM.Collect$$_printf_percent$$00000010  0x08000202   Section        6  _printf_llo.o(.ARM.Collect$$_printf_percent$$00000010)
    .ARM.Collect$$_printf_percent$$00000011  0x08000208   Section        6  _printf_llx.o(.ARM.Collect$$_printf_percent$$00000011)
    .ARM.Collect$$_printf_percent$$00000012  0x0800020e   Section       10  _printf_l.o(.ARM.Collect$$_printf_percent$$00000012)
    .ARM.Collect$$_printf_percent$$00000013  0x08000218   Section        6  _printf_c.o(.ARM.Collect$$_printf_percent$$00000013)
    .ARM.Collect$$_printf_percent$$00000014  0x0800021e   Section        6  _printf_s.o(.ARM.Collect$$_printf_percent$$00000014)
    .ARM.Collect$$_printf_percent$$00000015  0x08000224   Section        6  _printf_lc.o(.ARM.Collect$$_printf_percent$$00000015)
    .ARM.Collect$$_printf_percent$$00000016  0x0800022a   Section        6  _printf_ls.o(.ARM.Collect$$_printf_percent$$00000016)
    .ARM.Collect$$_printf_percent$$00000017  0x08000230   Section        4  _printf_percent_end.o(.ARM.Collect$$_printf_percent$$00000017)
    .ARM.Collect$$libinit$$00000000          0x08000234   Section        2  libinit.o(.ARM.Collect$$libinit$$00000000)
    .ARM.Collect$$libinit$$00000002          0x08000236   Section        0  libinit2.o(.ARM.Collect$$libinit$$00000002)
    .ARM.Collect$$libinit$$00000004          0x08000236   Section        0  libinit2.o(.ARM.Collect$$libinit$$00000004)
    .ARM.Collect$$libinit$$0000000A          0x08000236   Section        0  libinit2.o(.ARM.Collect$$libinit$$0000000A)
    .ARM.Collect$$libinit$$0000000C          0x08000236   Section        0  libinit2.o(.ARM.Collect$$libinit$$0000000C)
    .ARM.Collect$$libinit$$0000000E          0x08000236   Section        0  libinit2.o(.ARM.Collect$$libinit$$0000000E)
    .ARM.Collect$$libinit$$0000000F          0x08000236   Section        6  libinit2.o(.ARM.Collect$$libinit$$0000000F)
    .ARM.Collect$$libinit$$00000011          0x0800023c   Section        0  libinit2.o(.ARM.Collect$$libinit$$00000011)
    .ARM.Collect$$libinit$$00000012          0x0800023c   Section       12  libinit2.o(.ARM.Collect$$libinit$$00000012)
    .ARM.Collect$$libinit$$00000013          0x08000248   Section        0  libinit2.o(.ARM.Collect$$libinit$$00000013)
    .ARM.Collect$$libinit$$00000015          0x08000248   Section        0  libinit2.o(.ARM.Collect$$libinit$$00000015)
    .ARM.Collect$$libinit$$00000016          0x08000248   Section       10  libinit2.o(.ARM.Collect$$libinit$$00000016)
    .ARM.Collect$$libinit$$00000017          0x08000252   Section        0  libinit2.o(.ARM.Collect$$libinit$$00000017)
    .ARM.Collect$$libinit$$00000019          0x08000252   Section        0  libinit2.o(.ARM.Collect$$libinit$$00000019)
    .ARM.Collect$$libinit$$0000001B          0x08000252   Section        0  libinit2.o(.ARM.Collect$$libinit$$0000001B)
    .ARM.Collect$$libinit$$0000001D          0x08000252   Section        0  libinit2.o(.ARM.Collect$$libinit$$0000001D)
    .ARM.Collect$$libinit$$0000001F          0x08000252   Section        0  libinit2.o(.ARM.Collect$$libinit$$0000001F)
    .ARM.Collect$$libinit$$00000021          0x08000252   Section        0  libinit2.o(.ARM.Collect$$libinit$$00000021)
    .ARM.Collect$$libinit$$00000023          0x08000252   Section        0  libinit2.o(.ARM.Collect$$libinit$$00000023)
    .ARM.Collect$$libinit$$00000025          0x08000252   Section        0  libinit2.o(.ARM.Collect$$libinit$$00000025)
    .ARM.Collect$$libinit$$0000002C          0x08000252   Section        0  libinit2.o(.ARM.Collect$$libinit$$0000002C)
    .ARM.Collect$$libinit$$0000002E          0x08000252   Section        0  libinit2.o(.ARM.Collect$$libinit$$0000002E)
    .ARM.Collect$$libinit$$00000030          0x08000252   Section        0  libinit2.o(.ARM.Collect$$libinit$$00000030)
    .ARM.Collect$$libinit$$00000032          0x08000252   Section        0  libinit2.o(.ARM.Collect$$libinit$$00000032)
    .ARM.Collect$$libinit$$00000033          0x08000252   Section        2  libinit2.o(.ARM.Collect$$libinit$$00000033)
    .ARM.Collect$$libshutdown$$00000000      0x08000254   Section        2  libshutdown.o(.ARM.Collect$$libshutdown$$00000000)
    .ARM.Collect$$libshutdown$$00000002      0x08000256   Section        0  libshutdown2.o(.ARM.Collect$$libshutdown$$00000002)
    .ARM.Collect$$libshutdown$$00000004      0x08000256   Section        0  libshutdown2.o(.ARM.Collect$$libshutdown$$00000004)
    .ARM.Collect$$libshutdown$$00000007      0x08000256   Section        0  libshutdown2.o(.ARM.Collect$$libshutdown$$00000007)
    .ARM.Collect$$libshutdown$$0000000A      0x08000256   Section        0  libshutdown2.o(.ARM.Collect$$libshutdown$$0000000A)
    .ARM.Collect$$libshutdown$$0000000C      0x08000256   Section        0  libshutdown2.o(.ARM.Collect$$libshutdown$$0000000C)
    .ARM.Collect$$libshutdown$$0000000F      0x08000256   Section        0  libshutdown2.o(.ARM.Collect$$libshutdown$$0000000F)
    .ARM.Collect$$libshutdown$$00000010      0x08000256   Section        2  libshutdown2.o(.ARM.Collect$$libshutdown$$00000010)
    .ARM.Collect$$rtentry$$00000000          0x08000258   Section        0  __rtentry.o(.ARM.Collect$$rtentry$$00000000)
    .ARM.Collect$$rtentry$$00000002          0x08000258   Section        0  __rtentry2.o(.ARM.Collect$$rtentry$$00000002)
    .ARM.Collect$$rtentry$$00000004          0x08000258   Section        6  __rtentry4.o(.ARM.Collect$$rtentry$$00000004)
    .ARM.Collect$$rtentry$$00000009          0x0800025e   Section        0  __rtentry2.o(.ARM.Collect$$rtentry$$00000009)
    .ARM.Collect$$rtentry$$0000000A          0x0800025e   Section        4  __rtentry2.o(.ARM.Collect$$rtentry$$0000000A)
    .ARM.Collect$$rtentry$$0000000C          0x08000262   Section        0  __rtentry2.o(.ARM.Collect$$rtentry$$0000000C)
    .ARM.Collect$$rtentry$$0000000D          0x08000262   Section        8  __rtentry2.o(.ARM.Collect$$rtentry$$0000000D)
    .ARM.Collect$$rtexit$$00000000           0x0800026a   Section        2  rtexit.o(.ARM.Collect$$rtexit$$00000000)
    .ARM.Collect$$rtexit$$00000002           0x0800026c   Section        0  rtexit2.o(.ARM.Collect$$rtexit$$00000002)
    .ARM.Collect$$rtexit$$00000003           0x0800026c   Section        4  rtexit2.o(.ARM.Collect$$rtexit$$00000003)
    .ARM.Collect$$rtexit$$00000004           0x08000270   Section        6  rtexit2.o(.ARM.Collect$$rtexit$$00000004)
    .text                                    0x08000278   Section       64  startup_ch32f10x.o(.text)
    .text                                    0x080002b8   Section        0  vsprintf.o(.text)
    .text                                    0x080002dc   Section      128  strcmpv7m.o(.text)
    .text                                    0x0800035c   Section        0  heapauxi.o(.text)
    .text                                    0x08000362   Section        0  _printf_pad.o(.text)
    .text                                    0x080003b0   Section        0  _printf_truncate.o(.text)
    .text                                    0x080003d4   Section        0  _printf_str.o(.text)
    .text                                    0x08000428   Section        0  _printf_dec.o(.text)
    .text                                    0x080004a0   Section        0  _printf_charcount.o(.text)
    .text                                    0x080004c8   Section        0  _printf_char_common.o(.text)
    _printf_input_char                       0x080004c9   Thumb Code    10  _printf_char_common.o(.text)
    .text                                    0x080004f8   Section        0  _sputc.o(.text)
    .text                                    0x08000504   Section        0  _printf_wctomb.o(.text)
    .text                                    0x080005c0   Section        0  _printf_longlong_dec.o(.text)
    .text                                    0x0800063c   Section        0  _printf_oct_int_ll.o(.text)
    _printf_longlong_oct_internal            0x0800063d   Thumb Code     0  _printf_oct_int_ll.o(.text)
    .text                                    0x080006ac   Section        0  _printf_hex_int_ll_ptr.o(.text)
    _printf_hex_common                       0x080006ad   Thumb Code     0  _printf_hex_int_ll_ptr.o(.text)
    .text                                    0x08000740   Section        0  __printf_flags_ss_wp.o(.text)
    .text                                    0x080008c8   Section      138  lludiv10.o(.text)
    .text                                    0x08000952   Section        0  _printf_intcommon.o(.text)
    .text                                    0x08000a04   Section        0  _printf_fp_dec.o(.text)
    _fp_digits                               0x08000a07   Thumb Code   432  _printf_fp_dec.o(.text)
    .text                                    0x08000e24   Section        0  _printf_fp_hex.o(.text)
    .text                                    0x08001120   Section        0  _printf_char.o(.text)
    .text                                    0x0800114c   Section        0  _printf_wchar.o(.text)
    .text                                    0x08001178   Section        0  _wcrtomb.o(.text)
    .text                                    0x080011b8   Section       74  sys_stackheap_outer.o(.text)
    .text                                    0x08001204   Section       16  rt_ctype_table.o(.text)
    .text                                    0x08001214   Section        8  rt_locale_intlibspace.o(.text)
    .text                                    0x0800121c   Section        0  _printf_fp_infnan.o(.text)
    .text                                    0x0800129c   Section        0  bigflt0.o(.text)
    .text                                    0x08001380   Section        0  exit.o(.text)
    .text                                    0x08001394   Section        8  libspace.o(.text)
    .text                                    0x0800139c   Section        0  sys_exit.o(.text)
    .text                                    0x080013a8   Section        2  use_no_semi.o(.text)
    .text                                    0x080013aa   Section        0  indicate_semi.o(.text)
    CL$$btod_d2e                             0x080013aa   Section       62  btod.o(CL$$btod_d2e)
    CL$$btod_d2e_denorm_low                  0x080013e8   Section       70  btod.o(CL$$btod_d2e_denorm_low)
    CL$$btod_d2e_norm_op1                    0x0800142e   Section       96  btod.o(CL$$btod_d2e_norm_op1)
    CL$$btod_div_common                      0x0800148e   Section      824  btod.o(CL$$btod_div_common)
    CL$$btod_e2e                             0x080017c6   Section      220  btod.o(CL$$btod_e2e)
    CL$$btod_ediv                            0x080018a2   Section       42  btod.o(CL$$btod_ediv)
    CL$$btod_emul                            0x080018cc   Section       42  btod.o(CL$$btod_emul)
    CL$$btod_mult_common                     0x080018f6   Section      580  btod.o(CL$$btod_mult_common)
    i.Address_set                            0x08001b3a   Section        0  tft.o(i.Address_set)
    i.Delay_ms                               0x08001b8c   Section        0  delay.o(i.Delay_ms)
    i.Delay_us                               0x08001ba4   Section        0  delay.o(i.Delay_us)
    i.GPIO_Init                              0x08001bd2   Section        0  ch32f10x_gpio.o(i.GPIO_Init)
    i.GPIO_SetBits                           0x08001ce8   Section        0  ch32f10x_gpio.o(i.GPIO_SetBits)
    i.GPIO_WriteBit                          0x08001cec   Section        0  ch32f10x_gpio.o(i.GPIO_WriteBit)
    i.LCD_Clear                              0x08001cf6   Section        0  tft.o(i.LCD_Clear)
    i.LCD_DrawPoint                          0x08001d28   Section        0  tft.o(i.LCD_DrawPoint)
    i.LCD_ShowChar                           0x08001d48   Section        0  tft.o(i.LCD_ShowChar)
    i.LCD_ShowString                         0x08001e38   Section        0  tft.o(i.LCD_ShowString)
    i.LCD_WR_DATA                            0x08001e7c   Section        0  tft.o(i.LCD_WR_DATA)
    i.LCD_WR_DATA8                           0x08001e94   Section        0  tft.o(i.LCD_WR_DATA8)
    i.LCD_WR_REG                             0x08001ea6   Section        0  tft.o(i.LCD_WR_REG)
    i.LED_Init                               0x08001eb8   Section        0  led.o(i.LED_Init)
    i.Lcd_Init                               0x08001eec   Section        0  tft.o(i.Lcd_Init)
    i.MySPI_Init                             0x080020a8   Section        0  myspi.o(i.MySPI_Init)
    i.MySPI_SwapByte                         0x08002160   Section        0  myspi.o(i.MySPI_SwapByte)
    i.MySPI_W_DC                             0x08002198   Section        0  myspi.o(i.MySPI_W_DC)
    i.MySPI_W_RES                            0x080021ac   Section        0  myspi.o(i.MySPI_W_RES)
    i.MySPI_W_SS                             0x080021c0   Section        0  myspi.o(i.MySPI_W_SS)
    i.NVIC_Init                              0x080021d4   Section        0  ch32f10x_misc.o(i.NVIC_Init)
    i.NVIC_PriorityGroupConfig               0x08002244   Section        0  ch32f10x_misc.o(i.NVIC_PriorityGroupConfig)
    i.OLED_Clear                             0x08002258   Section        0  oled.o(i.OLED_Clear)
    i.OLED_I2C_Init                          0x08002284   Section        0  oled.o(i.OLED_I2C_Init)
    i.OLED_I2C_SendByte                      0x080022d4   Section        0  oled.o(i.OLED_I2C_SendByte)
    i.OLED_I2C_Start                         0x08002328   Section        0  oled.o(i.OLED_I2C_Start)
    i.OLED_I2C_Stop                          0x0800235c   Section        0  oled.o(i.OLED_I2C_Stop)
    i.OLED_Init                              0x08002384   Section        0  oled.o(i.OLED_Init)
    i.OLED_SetCursor                         0x08002432   Section        0  oled.o(i.OLED_SetCursor)
    i.OLED_ShowChar                          0x08002454   Section        0  oled.o(i.OLED_ShowChar)
    i.OLED_ShowChineseChar                   0x080024c8   Section        0  oled.o(i.OLED_ShowChineseChar)
    i.OLED_ShowChineseString                 0x08002534   Section        0  oled.o(i.OLED_ShowChineseString)
    i.OLED_ShowString                        0x0800256a   Section        0  oled.o(i.OLED_ShowString)
    i.OLED_WriteCommand                      0x08002592   Section        0  oled.o(i.OLED_WriteCommand)
    i.OLED_WriteData                         0x080025b2   Section        0  oled.o(i.OLED_WriteData)
    i.RCC_APB2PeriphClockCmd                 0x080025d4   Section        0  ch32f10x_rcc.o(i.RCC_APB2PeriphClockCmd)
    i.RCC_GetClocksFreq                      0x080025f4   Section        0  ch32f10x_rcc.o(i.RCC_GetClocksFreq)
    i.SPI_Cmd                                0x080026c8   Section        0  ch32f10x_spi.o(i.SPI_Cmd)
    i.SPI_I2S_GetFlagStatus                  0x080026e0   Section        0  ch32f10x_spi.o(i.SPI_I2S_GetFlagStatus)
    i.SPI_I2S_ReceiveData                    0x080026f2   Section        0  ch32f10x_spi.o(i.SPI_I2S_ReceiveData)
    i.SPI_I2S_SendData                       0x080026f8   Section        0  ch32f10x_spi.o(i.SPI_I2S_SendData)
    i.SPI_Init                               0x080026fc   Section        0  ch32f10x_spi.o(i.SPI_Init)
    i.Serial_Init                            0x08002738   Section        0  serial.o(i.Serial_Init)
    i.Serial_Printf                          0x080027f0   Section        0  serial.o(i.Serial_Printf)
    i.Serial_SendByte                        0x08002814   Section        0  serial.o(i.Serial_SendByte)
    i.Serial_SendString                      0x08002834   Section        0  serial.o(i.Serial_SendString)
    i.SetSysClock                            0x0800284e   Section        0  system_ch32f10x.o(i.SetSysClock)
    SetSysClock                              0x0800284f   Thumb Code     8  system_ch32f10x.o(i.SetSysClock)
    i.SetSysClockTo72                        0x08002858   Section        0  system_ch32f10x.o(i.SetSysClockTo72)
    SetSysClockTo72                          0x08002859   Thumb Code   214  system_ch32f10x.o(i.SetSysClockTo72)
    i.SystemInit                             0x08002938   Section        0  system_ch32f10x.o(i.SystemInit)
    i.USART1_IRQHandler                      0x08002998   Section        0  serial.o(i.USART1_IRQHandler)
    i.USART_ClearITPendingBit                0x08002a38   Section        0  ch32f10x_usart.o(i.USART_ClearITPendingBit)
    i.USART_Cmd                              0x08002a4c   Section        0  ch32f10x_usart.o(i.USART_Cmd)
    i.USART_GetFlagStatus                    0x08002a64   Section        0  ch32f10x_usart.o(i.USART_GetFlagStatus)
    i.USART_GetITStatus                      0x08002a76   Section        0  ch32f10x_usart.o(i.USART_GetITStatus)
    i.USART_ITConfig                         0x08002ac2   Section        0  ch32f10x_usart.o(i.USART_ITConfig)
    i.USART_Init                             0x08002b04   Section        0  ch32f10x_usart.o(i.USART_Init)
    i.USART_ReceiveData                      0x08002bd4   Section        0  ch32f10x_usart.o(i.USART_ReceiveData)
    i.USART_SendData                         0x08002bde   Section        0  ch32f10x_usart.o(i.USART_SendData)
    i.__ARM_fpclassify                       0x08002be6   Section        0  fpclassify.o(i.__ARM_fpclassify)
    i._is_digit                              0x08002c0e   Section        0  __printf_wp.o(i._is_digit)
    i.main                                   0x08002c1c   Section        0  main.o(i.main)
    i.showhanzi                              0x08002df4   Section        0  tft.o(i.showhanzi)
    i.xianshi                                0x08002e70   Section        0  main.o(i.xianshi)
    locale$$code                             0x08002eac   Section       44  lc_numeric_c.o(locale$$code)
    locale$$code                             0x08002ed8   Section       44  lc_ctype_c.o(locale$$code)
    x$fpl$printf1                            0x08002f04   Section        4  printf1.o(x$fpl$printf1)
    x$fpl$printf2                            0x08002f08   Section        4  printf2.o(x$fpl$printf2)
    .constdata                               0x08002f0c   Section     2864  oled.o(.constdata)
    x$fpl$usenofp                            0x08002f0c   Section        0  usenofp.o(x$fpl$usenofp)
    .constdata                               0x08003a3c   Section     1520  tft.o(.constdata)
    .constdata                               0x0800402c   Section        8  _printf_wctomb.o(.constdata)
    initial_mbstate                          0x0800402c   Data           8  _printf_wctomb.o(.constdata)
    .constdata                               0x08004034   Section       40  _printf_hex_int_ll_ptr.o(.constdata)
    uc_hextab                                0x08004034   Data          20  _printf_hex_int_ll_ptr.o(.constdata)
    lc_hextab                                0x08004048   Data          20  _printf_hex_int_ll_ptr.o(.constdata)
    .constdata                               0x0800405c   Section       17  __printf_flags_ss_wp.o(.constdata)
    maptable                                 0x0800405c   Data          17  __printf_flags_ss_wp.o(.constdata)
    .constdata                               0x0800406d   Section       38  _printf_fp_hex.o(.constdata)
    lc_hextab                                0x0800406d   Data          19  _printf_fp_hex.o(.constdata)
    uc_hextab                                0x08004080   Data          19  _printf_fp_hex.o(.constdata)
    .constdata                               0x08004094   Section      148  bigflt0.o(.constdata)
    tenpwrs_x                                0x08004094   Data          60  bigflt0.o(.constdata)
    tenpwrs_i                                0x080040d0   Data          64  bigflt0.o(.constdata)
    locale$$data                             0x08004148   Section       28  lc_numeric_c.o(locale$$data)
    __lcnum_c_name                           0x0800414c   Data           2  lc_numeric_c.o(locale$$data)
    __lcnum_c_start                          0x08004154   Data           0  lc_numeric_c.o(locale$$data)
    __lcnum_c_point                          0x08004160   Data           0  lc_numeric_c.o(locale$$data)
    __lcnum_c_thousands                      0x08004162   Data           0  lc_numeric_c.o(locale$$data)
    __lcnum_c_grouping                       0x08004163   Data           0  lc_numeric_c.o(locale$$data)
    locale$$data                             0x08004164   Section      272  lc_ctype_c.o(locale$$data)
    __lcnum_c_end                            0x08004164   Data           0  lc_numeric_c.o(locale$$data)
    __lcctype_c_name                         0x08004168   Data           2  lc_ctype_c.o(locale$$data)
    __lcctype_c_start                        0x08004170   Data           0  lc_ctype_c.o(locale$$data)
    __lcctype_c_end                          0x08004274   Data           0  lc_ctype_c.o(locale$$data)
    .data                                    0x20000000   Section       10  main.o(.data)
    .data                                    0x2000000a   Section        3  serial.o(.data)
    RxState                                  0x2000000b   Data           1  serial.o(.data)
    pRxPacket                                0x2000000c   Data           1  serial.o(.data)
    .data                                    0x2000000e   Section     2628  tft.o(.data)
    .data                                    0x20000a52   Section       20  ch32f10x_rcc.o(.data)
    APBAHBPrescTable                         0x20000a52   Data          16  ch32f10x_rcc.o(.data)
    ADCPrescTable                            0x20000a62   Data           4  ch32f10x_rcc.o(.data)
    .bss                                     0x20000a68   Section      100  serial.o(.bss)
    .bss                                     0x20000acc   Section       96  libspace.o(.bss)
    HEAP                                     0x20000b30   Section      512  startup_ch32f10x.o(HEAP)
    Heap_Mem                                 0x20000b30   Data         512  startup_ch32f10x.o(HEAP)
    STACK                                    0x20000d30   Section     1024  startup_ch32f10x.o(STACK)
    Stack_Mem                                0x20000d30   Data        1024  startup_ch32f10x.o(STACK)
    __initial_sp                             0x20001130   Data           0  startup_ch32f10x.o(STACK)

    Global Symbols

    Symbol Name                              Value     Ov Type        Size  Object(Section)

    BuildAttributes$$THM_ISAv4$P$D$K$B$S$PE$A:L22UL41UL21$X:L11$S22US41US21$IEEE1$IW$USESV6$~STKCKD$USESV7$~SHL$OTIME$ROPI$IEEEJ$EBA8$UX$STANDARDLIB$REQ8$PRES8$EABIv2 0x00000000   Number         0  anon$$obj.o ABSOLUTE
    __ARM_use_no_argv                        0x00000000   Number         0  main.o ABSOLUTE
    _printf_flags                            0x00000000   Number         0  printf_stubs.o ABSOLUTE
    _printf_return_value                     0x00000000   Number         0  printf_stubs.o ABSOLUTE
    _printf_sizespec                         0x00000000   Number         0  printf_stubs.o ABSOLUTE
    _printf_widthprec                        0x00000000   Number         0  printf_stubs.o ABSOLUTE
    __ARM_exceptions_init                     - Undefined Weak Reference
    __alloca_initialize                       - Undefined Weak Reference
    __arm_preinit_                            - Undefined Weak Reference
    __cpp_initialize__aeabi_                  - Undefined Weak Reference
    __cxa_finalize                            - Undefined Weak Reference
    __sigvec_lookup                           - Undefined Weak Reference
    _atexit_init                              - Undefined Weak Reference
    _call_atexit_fns                          - Undefined Weak Reference
    _clock_init                               - Undefined Weak Reference
    _fp_trap_init                             - Undefined Weak Reference
    _fp_trap_shutdown                         - Undefined Weak Reference
    _get_lc_collate                           - Undefined Weak Reference
    _get_lc_monetary                          - Undefined Weak Reference
    _get_lc_time                              - Undefined Weak Reference
    _getenv_init                              - Undefined Weak Reference
    _handle_redirection                       - Undefined Weak Reference
    _init_alloc                               - Undefined Weak Reference
    _init_user_alloc                          - Undefined Weak Reference
    _initio                                   - Undefined Weak Reference
    _printf_mbtowc                            - Undefined Weak Reference
    _printf_wc                                - Undefined Weak Reference
    _rand_init                                - Undefined Weak Reference
    _signal_finish                            - Undefined Weak Reference
    _signal_init                              - Undefined Weak Reference
    _terminate_alloc                          - Undefined Weak Reference
    _terminate_user_alloc                     - Undefined Weak Reference
    _terminateio                              - Undefined Weak Reference
    __Vectors_Size                           0x000000f0   Number         0  startup_ch32f10x.o ABSOLUTE
    __Vectors                                0x08000000   Data           4  startup_ch32f10x.o(RESET)
    __Vectors_End                            0x080000f0   Data           0  startup_ch32f10x.o(RESET)
    __main                                   0x080000f1   Thumb Code     8  __main.o(!!!main)
    __scatterload                            0x080000f9   Thumb Code     0  __scatter.o(!!!scatter)
    __scatterload_rt2                        0x080000f9   Thumb Code    44  __scatter.o(!!!scatter)
    __scatterload_rt2_thumb_only             0x080000f9   Thumb Code     0  __scatter.o(!!!scatter)
    __scatterload_null                       0x08000107   Thumb Code     0  __scatter.o(!!!scatter)
    __decompress                             0x0800012d   Thumb Code    90  __dczerorl2.o(!!dczerorl2)
    __decompress1                            0x0800012d   Thumb Code     0  __dczerorl2.o(!!dczerorl2)
    __scatterload_zeroinit                   0x08000189   Thumb Code    28  __scatter_zi.o(!!handler_zi)
    _printf_n                                0x080001a5   Thumb Code     0  _printf_n.o(.ARM.Collect$$_printf_percent$$00000001)
    _printf_percent                          0x080001a5   Thumb Code     0  _printf_percent.o(.ARM.Collect$$_printf_percent$$00000000)
    _printf_p                                0x080001ab   Thumb Code     0  _printf_p.o(.ARM.Collect$$_printf_percent$$00000002)
    _printf_f                                0x080001b1   Thumb Code     0  _printf_f.o(.ARM.Collect$$_printf_percent$$00000003)
    _printf_e                                0x080001b7   Thumb Code     0  _printf_e.o(.ARM.Collect$$_printf_percent$$00000004)
    _printf_g                                0x080001bd   Thumb Code     0  _printf_g.o(.ARM.Collect$$_printf_percent$$00000005)
    _printf_a                                0x080001c3   Thumb Code     0  _printf_a.o(.ARM.Collect$$_printf_percent$$00000006)
    _printf_ll                               0x080001c9   Thumb Code     0  _printf_ll.o(.ARM.Collect$$_printf_percent$$00000007)
    _printf_i                                0x080001d3   Thumb Code     0  _printf_i.o(.ARM.Collect$$_printf_percent$$00000008)
    _printf_d                                0x080001d9   Thumb Code     0  _printf_d.o(.ARM.Collect$$_printf_percent$$00000009)
    _printf_u                                0x080001df   Thumb Code     0  _printf_u.o(.ARM.Collect$$_printf_percent$$0000000A)
    _printf_o                                0x080001e5   Thumb Code     0  _printf_o.o(.ARM.Collect$$_printf_percent$$0000000B)
    _printf_x                                0x080001eb   Thumb Code     0  _printf_x.o(.ARM.Collect$$_printf_percent$$0000000C)
    _printf_lli                              0x080001f1   Thumb Code     0  _printf_lli.o(.ARM.Collect$$_printf_percent$$0000000D)
    _printf_lld                              0x080001f7   Thumb Code     0  _printf_lld.o(.ARM.Collect$$_printf_percent$$0000000E)
    _printf_llu                              0x080001fd   Thumb Code     0  _printf_llu.o(.ARM.Collect$$_printf_percent$$0000000F)
    _printf_llo                              0x08000203   Thumb Code     0  _printf_llo.o(.ARM.Collect$$_printf_percent$$00000010)
    _printf_llx                              0x08000209   Thumb Code     0  _printf_llx.o(.ARM.Collect$$_printf_percent$$00000011)
    _printf_l                                0x0800020f   Thumb Code     0  _printf_l.o(.ARM.Collect$$_printf_percent$$00000012)
    _printf_c                                0x08000219   Thumb Code     0  _printf_c.o(.ARM.Collect$$_printf_percent$$00000013)
    _printf_s                                0x0800021f   Thumb Code     0  _printf_s.o(.ARM.Collect$$_printf_percent$$00000014)
    _printf_lc                               0x08000225   Thumb Code     0  _printf_lc.o(.ARM.Collect$$_printf_percent$$00000015)
    _printf_ls                               0x0800022b   Thumb Code     0  _printf_ls.o(.ARM.Collect$$_printf_percent$$00000016)
    _printf_percent_end                      0x08000231   Thumb Code     0  _printf_percent_end.o(.ARM.Collect$$_printf_percent$$00000017)
    __rt_lib_init                            0x08000235   Thumb Code     0  libinit.o(.ARM.Collect$$libinit$$00000000)
    __rt_lib_init_fp_1                       0x08000237   Thumb Code     0  libinit2.o(.ARM.Collect$$libinit$$00000002)
    __rt_lib_init_heap_1                     0x08000237   Thumb Code     0  libinit2.o(.ARM.Collect$$libinit$$0000000A)
    __rt_lib_init_lc_common                  0x08000237   Thumb Code     0  libinit2.o(.ARM.Collect$$libinit$$0000000F)
    __rt_lib_init_preinit_1                  0x08000237   Thumb Code     0  libinit2.o(.ARM.Collect$$libinit$$00000004)
    __rt_lib_init_rand_1                     0x08000237   Thumb Code     0  libinit2.o(.ARM.Collect$$libinit$$0000000E)
    __rt_lib_init_user_alloc_1               0x08000237   Thumb Code     0  libinit2.o(.ARM.Collect$$libinit$$0000000C)
    __rt_lib_init_lc_collate_1               0x0800023d   Thumb Code     0  libinit2.o(.ARM.Collect$$libinit$$00000011)
    __rt_lib_init_lc_ctype_2                 0x0800023d   Thumb Code     0  libinit2.o(.ARM.Collect$$libinit$$00000012)
    __rt_lib_init_lc_ctype_1                 0x08000249   Thumb Code     0  libinit2.o(.ARM.Collect$$libinit$$00000013)
    __rt_lib_init_lc_monetary_1              0x08000249   Thumb Code     0  libinit2.o(.ARM.Collect$$libinit$$00000015)
    __rt_lib_init_lc_numeric_2               0x08000249   Thumb Code     0  libinit2.o(.ARM.Collect$$libinit$$00000016)
    __rt_lib_init_alloca_1                   0x08000253   Thumb Code     0  libinit2.o(.ARM.Collect$$libinit$$0000002E)
    __rt_lib_init_argv_1                     0x08000253   Thumb Code     0  libinit2.o(.ARM.Collect$$libinit$$0000002C)
    __rt_lib_init_atexit_1                   0x08000253   Thumb Code     0  libinit2.o(.ARM.Collect$$libinit$$0000001B)
    __rt_lib_init_clock_1                    0x08000253   Thumb Code     0  libinit2.o(.ARM.Collect$$libinit$$00000021)
    __rt_lib_init_cpp_1                      0x08000253   Thumb Code     0  libinit2.o(.ARM.Collect$$libinit$$00000032)
    __rt_lib_init_exceptions_1               0x08000253   Thumb Code     0  libinit2.o(.ARM.Collect$$libinit$$00000030)
    __rt_lib_init_fp_trap_1                  0x08000253   Thumb Code     0  libinit2.o(.ARM.Collect$$libinit$$0000001F)
    __rt_lib_init_getenv_1                   0x08000253   Thumb Code     0  libinit2.o(.ARM.Collect$$libinit$$00000023)
    __rt_lib_init_lc_numeric_1               0x08000253   Thumb Code     0  libinit2.o(.ARM.Collect$$libinit$$00000017)
    __rt_lib_init_lc_time_1                  0x08000253   Thumb Code     0  libinit2.o(.ARM.Collect$$libinit$$00000019)
    __rt_lib_init_return                     0x08000253   Thumb Code     0  libinit2.o(.ARM.Collect$$libinit$$00000033)
    __rt_lib_init_signal_1                   0x08000253   Thumb Code     0  libinit2.o(.ARM.Collect$$libinit$$0000001D)
    __rt_lib_init_stdio_1                    0x08000253   Thumb Code     0  libinit2.o(.ARM.Collect$$libinit$$00000025)
    __rt_lib_shutdown                        0x08000255   Thumb Code     0  libshutdown.o(.ARM.Collect$$libshutdown$$00000000)
    __rt_lib_shutdown_cpp_1                  0x08000257   Thumb Code     0  libshutdown2.o(.ARM.Collect$$libshutdown$$00000002)
    __rt_lib_shutdown_fp_trap_1              0x08000257   Thumb Code     0  libshutdown2.o(.ARM.Collect$$libshutdown$$00000007)
    __rt_lib_shutdown_heap_1                 0x08000257   Thumb Code     0  libshutdown2.o(.ARM.Collect$$libshutdown$$0000000F)
    __rt_lib_shutdown_return                 0x08000257   Thumb Code     0  libshutdown2.o(.ARM.Collect$$libshutdown$$00000010)
    __rt_lib_shutdown_signal_1               0x08000257   Thumb Code     0  libshutdown2.o(.ARM.Collect$$libshutdown$$0000000A)
    __rt_lib_shutdown_stdio_1                0x08000257   Thumb Code     0  libshutdown2.o(.ARM.Collect$$libshutdown$$00000004)
    __rt_lib_shutdown_user_alloc_1           0x08000257   Thumb Code     0  libshutdown2.o(.ARM.Collect$$libshutdown$$0000000C)
    __rt_entry                               0x08000259   Thumb Code     0  __rtentry.o(.ARM.Collect$$rtentry$$00000000)
    __rt_entry_presh_1                       0x08000259   Thumb Code     0  __rtentry2.o(.ARM.Collect$$rtentry$$00000002)
    __rt_entry_sh                            0x08000259   Thumb Code     0  __rtentry4.o(.ARM.Collect$$rtentry$$00000004)
    __rt_entry_li                            0x0800025f   Thumb Code     0  __rtentry2.o(.ARM.Collect$$rtentry$$0000000A)
    __rt_entry_postsh_1                      0x0800025f   Thumb Code     0  __rtentry2.o(.ARM.Collect$$rtentry$$00000009)
    __rt_entry_main                          0x08000263   Thumb Code     0  __rtentry2.o(.ARM.Collect$$rtentry$$0000000D)
    __rt_entry_postli_1                      0x08000263   Thumb Code     0  __rtentry2.o(.ARM.Collect$$rtentry$$0000000C)
    __rt_exit                                0x0800026b   Thumb Code     0  rtexit.o(.ARM.Collect$$rtexit$$00000000)
    __rt_exit_ls                             0x0800026d   Thumb Code     0  rtexit2.o(.ARM.Collect$$rtexit$$00000003)
    __rt_exit_prels_1                        0x0800026d   Thumb Code     0  rtexit2.o(.ARM.Collect$$rtexit$$00000002)
    __rt_exit_exit                           0x08000271   Thumb Code     0  rtexit2.o(.ARM.Collect$$rtexit$$00000004)
    Reset_Handler                            0x08000279   Thumb Code     8  startup_ch32f10x.o(.text)
    NMI_Handler                              0x08000281   Thumb Code     2  startup_ch32f10x.o(.text)
    HardFault_Handler                        0x08000283   Thumb Code     2  startup_ch32f10x.o(.text)
    MemManage_Handler                        0x08000285   Thumb Code     2  startup_ch32f10x.o(.text)
    BusFault_Handler                         0x08000287   Thumb Code     2  startup_ch32f10x.o(.text)
    UsageFault_Handler                       0x08000289   Thumb Code     2  startup_ch32f10x.o(.text)
    SVC_Handler                              0x0800028b   Thumb Code     2  startup_ch32f10x.o(.text)
    DebugMon_Handler                         0x0800028d   Thumb Code     2  startup_ch32f10x.o(.text)
    PendSV_Handler                           0x0800028f   Thumb Code     2  startup_ch32f10x.o(.text)
    SysTick_Handler                          0x08000291   Thumb Code     2  startup_ch32f10x.o(.text)
    ADC1_2_IRQHandler                        0x08000293   Thumb Code     0  startup_ch32f10x.o(.text)
    CAN1_RX1_IRQHandler                      0x08000293   Thumb Code     0  startup_ch32f10x.o(.text)
    CAN1_SCE_IRQHandler                      0x08000293   Thumb Code     0  startup_ch32f10x.o(.text)
    DMA1_Channel1_IRQHandler                 0x08000293   Thumb Code     0  startup_ch32f10x.o(.text)
    DMA1_Channel2_IRQHandler                 0x08000293   Thumb Code     0  startup_ch32f10x.o(.text)
    DMA1_Channel3_IRQHandler                 0x08000293   Thumb Code     0  startup_ch32f10x.o(.text)
    DMA1_Channel4_IRQHandler                 0x08000293   Thumb Code     0  startup_ch32f10x.o(.text)
    DMA1_Channel5_IRQHandler                 0x08000293   Thumb Code     0  startup_ch32f10x.o(.text)
    DMA1_Channel6_IRQHandler                 0x08000293   Thumb Code     0  startup_ch32f10x.o(.text)
    DMA1_Channel7_IRQHandler                 0x08000293   Thumb Code     0  startup_ch32f10x.o(.text)
    EXTI0_IRQHandler                         0x08000293   Thumb Code     0  startup_ch32f10x.o(.text)
    EXTI15_10_IRQHandler                     0x08000293   Thumb Code     0  startup_ch32f10x.o(.text)
    EXTI1_IRQHandler                         0x08000293   Thumb Code     0  startup_ch32f10x.o(.text)
    EXTI2_IRQHandler                         0x08000293   Thumb Code     0  startup_ch32f10x.o(.text)
    EXTI3_IRQHandler                         0x08000293   Thumb Code     0  startup_ch32f10x.o(.text)
    EXTI4_IRQHandler                         0x08000293   Thumb Code     0  startup_ch32f10x.o(.text)
    EXTI9_5_IRQHandler                       0x08000293   Thumb Code     0  startup_ch32f10x.o(.text)
    FLASH_IRQHandler                         0x08000293   Thumb Code     0  startup_ch32f10x.o(.text)
    I2C1_ER_IRQHandler                       0x08000293   Thumb Code     0  startup_ch32f10x.o(.text)
    I2C1_EV_IRQHandler                       0x08000293   Thumb Code     0  startup_ch32f10x.o(.text)
    I2C2_ER_IRQHandler                       0x08000293   Thumb Code     0  startup_ch32f10x.o(.text)
    I2C2_EV_IRQHandler                       0x08000293   Thumb Code     0  startup_ch32f10x.o(.text)
    PVD_IRQHandler                           0x08000293   Thumb Code     0  startup_ch32f10x.o(.text)
    RCC_IRQHandler                           0x08000293   Thumb Code     0  startup_ch32f10x.o(.text)
    RTCAlarm_IRQHandler                      0x08000293   Thumb Code     0  startup_ch32f10x.o(.text)
    RTC_IRQHandler                           0x08000293   Thumb Code     0  startup_ch32f10x.o(.text)
    SPI1_IRQHandler                          0x08000293   Thumb Code     0  startup_ch32f10x.o(.text)
    SPI2_IRQHandler                          0x08000293   Thumb Code     0  startup_ch32f10x.o(.text)
    TAMPER_IRQHandler                        0x08000293   Thumb Code     0  startup_ch32f10x.o(.text)
    TIM1_BRK_IRQHandler                      0x08000293   Thumb Code     0  startup_ch32f10x.o(.text)
    TIM1_CC_IRQHandler                       0x08000293   Thumb Code     0  startup_ch32f10x.o(.text)
    TIM1_TRG_COM_IRQHandler                  0x08000293   Thumb Code     0  startup_ch32f10x.o(.text)
    TIM1_UP_IRQHandler                       0x08000293   Thumb Code     0  startup_ch32f10x.o(.text)
    TIM2_IRQHandler                          0x08000293   Thumb Code     0  startup_ch32f10x.o(.text)
    TIM3_IRQHandler                          0x08000293   Thumb Code     0  startup_ch32f10x.o(.text)
    TIM4_IRQHandler                          0x08000293   Thumb Code     0  startup_ch32f10x.o(.text)
    USART2_IRQHandler                        0x08000293   Thumb Code     0  startup_ch32f10x.o(.text)
    USART3_IRQHandler                        0x08000293   Thumb Code     0  startup_ch32f10x.o(.text)
    USBWakeUp_IRQHandler                     0x08000293   Thumb Code     0  startup_ch32f10x.o(.text)
    USB_HP_CAN1_TX_IRQHandler                0x08000293   Thumb Code     0  startup_ch32f10x.o(.text)
    USB_IRQHandler                           0x08000293   Thumb Code     0  startup_ch32f10x.o(.text)
    USB_LP_CAN1_RX0_IRQHandler               0x08000293   Thumb Code     0  startup_ch32f10x.o(.text)
    WWDG_IRQHandler                          0x08000293   Thumb Code     0  startup_ch32f10x.o(.text)
    __user_initial_stackheap                 0x08000295   Thumb Code     0  startup_ch32f10x.o(.text)
    vsprintf                                 0x080002b9   Thumb Code    32  vsprintf.o(.text)
    strcmp                                   0x080002dd   Thumb Code   128  strcmpv7m.o(.text)
    __use_two_region_memory                  0x0800035d   Thumb Code     2  heapauxi.o(.text)
    __rt_heap_escrow$2region                 0x0800035f   Thumb Code     2  heapauxi.o(.text)
    __rt_heap_expand$2region                 0x08000361   Thumb Code     2  heapauxi.o(.text)
    _printf_pre_padding                      0x08000363   Thumb Code    44  _printf_pad.o(.text)
    _printf_post_padding                     0x0800038f   Thumb Code    34  _printf_pad.o(.text)
    _printf_truncate_signed                  0x080003b1   Thumb Code    18  _printf_truncate.o(.text)
    _printf_truncate_unsigned                0x080003c3   Thumb Code    18  _printf_truncate.o(.text)
    _printf_str                              0x080003d5   Thumb Code    82  _printf_str.o(.text)
    _printf_int_dec                          0x08000429   Thumb Code   104  _printf_dec.o(.text)
    _printf_charcount                        0x080004a1   Thumb Code    40  _printf_charcount.o(.text)
    _printf_char_common                      0x080004d3   Thumb Code    32  _printf_char_common.o(.text)
    _sputc                                   0x080004f9   Thumb Code    10  _sputc.o(.text)
    _printf_wctomb                           0x08000505   Thumb Code   182  _printf_wctomb.o(.text)
    _printf_longlong_dec                     0x080005c1   Thumb Code   108  _printf_longlong_dec.o(.text)
    _printf_longlong_oct                     0x0800063d   Thumb Code    66  _printf_oct_int_ll.o(.text)
    _printf_int_oct                          0x0800067f   Thumb Code    24  _printf_oct_int_ll.o(.text)
    _printf_ll_oct                           0x08000697   Thumb Code    12  _printf_oct_int_ll.o(.text)
    _printf_longlong_hex                     0x080006ad   Thumb Code    86  _printf_hex_int_ll_ptr.o(.text)
    _printf_int_hex                          0x08000703   Thumb Code    28  _printf_hex_int_ll_ptr.o(.text)
    _printf_ll_hex                           0x0800071f   Thumb Code    12  _printf_hex_int_ll_ptr.o(.text)
    _printf_hex_ptr                          0x0800072b   Thumb Code    18  _printf_hex_int_ll_ptr.o(.text)
    __printf                                 0x08000741   Thumb Code   388  __printf_flags_ss_wp.o(.text)
    _ll_udiv10                               0x080008c9   Thumb Code   138  lludiv10.o(.text)
    _printf_int_common                       0x08000953   Thumb Code   178  _printf_intcommon.o(.text)
    __lib_sel_fp_printf                      0x08000a05   Thumb Code     2  _printf_fp_dec.o(.text)
    _printf_fp_dec_real                      0x08000bb7   Thumb Code   620  _printf_fp_dec.o(.text)
    _printf_fp_hex_real                      0x08000e25   Thumb Code   756  _printf_fp_hex.o(.text)
    _printf_cs_common                        0x08001121   Thumb Code    20  _printf_char.o(.text)
    _printf_char                             0x08001135   Thumb Code    16  _printf_char.o(.text)
    _printf_string                           0x08001145   Thumb Code     8  _printf_char.o(.text)
    _printf_lcs_common                       0x0800114d   Thumb Code    20  _printf_wchar.o(.text)
    _printf_wchar                            0x08001161   Thumb Code    16  _printf_wchar.o(.text)
    _printf_wstring                          0x08001171   Thumb Code     8  _printf_wchar.o(.text)
    _wcrtomb                                 0x08001179   Thumb Code    64  _wcrtomb.o(.text)
    __user_setup_stackheap                   0x080011b9   Thumb Code    74  sys_stackheap_outer.o(.text)
    __rt_ctype_table                         0x08001205   Thumb Code    16  rt_ctype_table.o(.text)
    __rt_locale                              0x08001215   Thumb Code     8  rt_locale_intlibspace.o(.text)
    _printf_fp_infnan                        0x0800121d   Thumb Code   112  _printf_fp_infnan.o(.text)
    _btod_etento                             0x0800129d   Thumb Code   224  bigflt0.o(.text)
    exit                                     0x08001381   Thumb Code    18  exit.o(.text)
    __user_libspace                          0x08001395   Thumb Code     8  libspace.o(.text)
    __user_perproc_libspace                  0x08001395   Thumb Code     0  libspace.o(.text)
    __user_perthread_libspace                0x08001395   Thumb Code     0  libspace.o(.text)
    _sys_exit                                0x0800139d   Thumb Code     8  sys_exit.o(.text)
    __I$use$semihosting                      0x080013a9   Thumb Code     0  use_no_semi.o(.text)
    __use_no_semihosting_swi                 0x080013a9   Thumb Code     2  use_no_semi.o(.text)
    __semihosting_library_function           0x080013ab   Thumb Code     0  indicate_semi.o(.text)
    _btod_d2e                                0x080013ab   Thumb Code    62  btod.o(CL$$btod_d2e)
    _d2e_denorm_low                          0x080013e9   Thumb Code    70  btod.o(CL$$btod_d2e_denorm_low)
    _d2e_norm_op1                            0x0800142f   Thumb Code    96  btod.o(CL$$btod_d2e_norm_op1)
    __btod_div_common                        0x0800148f   Thumb Code   696  btod.o(CL$$btod_div_common)
    _e2e                                     0x080017c7   Thumb Code   220  btod.o(CL$$btod_e2e)
    _btod_ediv                               0x080018a3   Thumb Code    42  btod.o(CL$$btod_ediv)
    _btod_emul                               0x080018cd   Thumb Code    42  btod.o(CL$$btod_emul)
    __btod_mult_common                       0x080018f7   Thumb Code   580  btod.o(CL$$btod_mult_common)
    Address_set                              0x08001b3b   Thumb Code    82  tft.o(i.Address_set)
    Delay_ms                                 0x08001b8d   Thumb Code    24  delay.o(i.Delay_ms)
    Delay_us                                 0x08001ba5   Thumb Code    46  delay.o(i.Delay_us)
    GPIO_Init                                0x08001bd3   Thumb Code   278  ch32f10x_gpio.o(i.GPIO_Init)
    GPIO_SetBits                             0x08001ce9   Thumb Code     4  ch32f10x_gpio.o(i.GPIO_SetBits)
    GPIO_WriteBit                            0x08001ced   Thumb Code    10  ch32f10x_gpio.o(i.GPIO_WriteBit)
    LCD_Clear                                0x08001cf7   Thumb Code    48  tft.o(i.LCD_Clear)
    LCD_DrawPoint                            0x08001d29   Thumb Code    28  tft.o(i.LCD_DrawPoint)
    LCD_ShowChar                             0x08001d49   Thumb Code   226  tft.o(i.LCD_ShowChar)
    LCD_ShowString                           0x08001e39   Thumb Code    68  tft.o(i.LCD_ShowString)
    LCD_WR_DATA                              0x08001e7d   Thumb Code    24  tft.o(i.LCD_WR_DATA)
    LCD_WR_DATA8                             0x08001e95   Thumb Code    18  tft.o(i.LCD_WR_DATA8)
    LCD_WR_REG                               0x08001ea7   Thumb Code    18  tft.o(i.LCD_WR_REG)
    LED_Init                                 0x08001eb9   Thumb Code    48  led.o(i.LED_Init)
    Lcd_Init                                 0x08001eed   Thumb Code   438  tft.o(i.Lcd_Init)
    MySPI_Init                               0x080020a9   Thumb Code   176  myspi.o(i.MySPI_Init)
    MySPI_SwapByte                           0x08002161   Thumb Code    50  myspi.o(i.MySPI_SwapByte)
    MySPI_W_DC                               0x08002199   Thumb Code    16  myspi.o(i.MySPI_W_DC)
    MySPI_W_RES                              0x080021ad   Thumb Code    16  myspi.o(i.MySPI_W_RES)
    MySPI_W_SS                               0x080021c1   Thumb Code    16  myspi.o(i.MySPI_W_SS)
    NVIC_Init                                0x080021d5   Thumb Code   100  ch32f10x_misc.o(i.NVIC_Init)
    NVIC_PriorityGroupConfig                 0x08002245   Thumb Code    10  ch32f10x_misc.o(i.NVIC_PriorityGroupConfig)
    OLED_Clear                               0x08002259   Thumb Code    42  oled.o(i.OLED_Clear)
    OLED_I2C_Init                            0x08002285   Thumb Code    76  oled.o(i.OLED_I2C_Init)
    OLED_I2C_SendByte                        0x080022d5   Thumb Code    80  oled.o(i.OLED_I2C_SendByte)
    OLED_I2C_Start                           0x08002329   Thumb Code    48  oled.o(i.OLED_I2C_Start)
    OLED_I2C_Stop                            0x0800235d   Thumb Code    36  oled.o(i.OLED_I2C_Stop)
    OLED_Init                                0x08002385   Thumb Code   174  oled.o(i.OLED_Init)
    OLED_SetCursor                           0x08002433   Thumb Code    34  oled.o(i.OLED_SetCursor)
    OLED_ShowChar                            0x08002455   Thumb Code   110  oled.o(i.OLED_ShowChar)
    OLED_ShowChineseChar                     0x080024c9   Thumb Code   102  oled.o(i.OLED_ShowChineseChar)
    OLED_ShowChineseString                   0x08002535   Thumb Code    54  oled.o(i.OLED_ShowChineseString)
    OLED_ShowString                          0x0800256b   Thumb Code    40  oled.o(i.OLED_ShowString)
    OLED_WriteCommand                        0x08002593   Thumb Code    32  oled.o(i.OLED_WriteCommand)
    OLED_WriteData                           0x080025b3   Thumb Code    32  oled.o(i.OLED_WriteData)
    RCC_APB2PeriphClockCmd                   0x080025d5   Thumb Code    26  ch32f10x_rcc.o(i.RCC_APB2PeriphClockCmd)
    RCC_GetClocksFreq                        0x080025f5   Thumb Code   192  ch32f10x_rcc.o(i.RCC_GetClocksFreq)
    SPI_Cmd                                  0x080026c9   Thumb Code    24  ch32f10x_spi.o(i.SPI_Cmd)
    SPI_I2S_GetFlagStatus                    0x080026e1   Thumb Code    18  ch32f10x_spi.o(i.SPI_I2S_GetFlagStatus)
    SPI_I2S_ReceiveData                      0x080026f3   Thumb Code     6  ch32f10x_spi.o(i.SPI_I2S_ReceiveData)
    SPI_I2S_SendData                         0x080026f9   Thumb Code     4  ch32f10x_spi.o(i.SPI_I2S_SendData)
    SPI_Init                                 0x080026fd   Thumb Code    60  ch32f10x_spi.o(i.SPI_Init)
    Serial_Init                              0x08002739   Thumb Code   174  serial.o(i.Serial_Init)
    Serial_Printf                            0x080027f1   Thumb Code    36  serial.o(i.Serial_Printf)
    Serial_SendByte                          0x08002815   Thumb Code    28  serial.o(i.Serial_SendByte)
    Serial_SendString                        0x08002835   Thumb Code    26  serial.o(i.Serial_SendString)
    SystemInit                               0x08002939   Thumb Code    78  system_ch32f10x.o(i.SystemInit)
    USART1_IRQHandler                        0x08002999   Thumb Code   140  serial.o(i.USART1_IRQHandler)
    USART_ClearITPendingBit                  0x08002a39   Thumb Code    20  ch32f10x_usart.o(i.USART_ClearITPendingBit)
    USART_Cmd                                0x08002a4d   Thumb Code    24  ch32f10x_usart.o(i.USART_Cmd)
    USART_GetFlagStatus                      0x08002a65   Thumb Code    18  ch32f10x_usart.o(i.USART_GetFlagStatus)
    USART_GetITStatus                        0x08002a77   Thumb Code    76  ch32f10x_usart.o(i.USART_GetITStatus)
    USART_ITConfig                           0x08002ac3   Thumb Code    64  ch32f10x_usart.o(i.USART_ITConfig)
    USART_Init                               0x08002b05   Thumb Code   204  ch32f10x_usart.o(i.USART_Init)
    USART_ReceiveData                        0x08002bd5   Thumb Code    10  ch32f10x_usart.o(i.USART_ReceiveData)
    USART_SendData                           0x08002bdf   Thumb Code     8  ch32f10x_usart.o(i.USART_SendData)
    __ARM_fpclassify                         0x08002be7   Thumb Code    40  fpclassify.o(i.__ARM_fpclassify)
    _is_digit                                0x08002c0f   Thumb Code    14  __printf_wp.o(i._is_digit)
    main                                     0x08002c1d   Thumb Code   338  main.o(i.main)
    showhanzi                                0x08002df5   Thumb Code   112  tft.o(i.showhanzi)
    xianshi                                  0x08002e71   Thumb Code    52  main.o(i.xianshi)
    _get_lc_numeric                          0x08002ead   Thumb Code    44  lc_numeric_c.o(locale$$code)
    _get_lc_ctype                            0x08002ed9   Thumb Code    44  lc_ctype_c.o(locale$$code)
    _printf_fp_dec                           0x08002f05   Thumb Code     4  printf1.o(x$fpl$printf1)
    _printf_fp_hex                           0x08002f09   Thumb Code     4  printf2.o(x$fpl$printf2)
    Hzk                                      0x08002f0c   Data        1344  oled.o(.constdata)
    __I$use$fp                               0x08002f0c   Number         0  usenofp.o(x$fpl$usenofp)
    OLED_F8x16                               0x0800344c   Data        1520  oled.o(.constdata)
    asc2_1608                                0x08003a3c   Data        1520  tft.o(.constdata)
    Region$$Table$$Base                      0x08004128   Number         0  anon$$obj.o(Region$$Table)
    Region$$Table$$Limit                     0x08004148   Number         0  anon$$obj.o(Region$$Table)
    __ctype                                  0x08004171   Data           0  lc_ctype_c.o(locale$$data)
    i                                        0x20000000   Data           1  main.o(.data)
    ref                                      0x20000001   Data           1  main.o(.data)
    vx                                       0x20000002   Data           2  main.o(.data)
    vy                                       0x20000004   Data           2  main.o(.data)
    chx                                      0x20000006   Data           2  main.o(.data)
    chy                                      0x20000008   Data           2  main.o(.data)
    Serial_RxFlag                            0x2000000a   Data           1  serial.o(.data)
    hanzi                                    0x2000000e   Data        2176  tft.o(.data)
    Hzk2                                     0x2000088e   Data         448  tft.o(.data)
    BACK_COLOR                               0x20000a4e   Data           2  tft.o(.data)
    POINT_COLOR                              0x20000a50   Data           2  tft.o(.data)
    Serial_RxPacket                          0x20000a68   Data         100  serial.o(.bss)
    __libspace_start                         0x20000acc   Data          96  libspace.o(.bss)
    __temporary_stack_top$libspace           0x20000b2c   Data           0  libspace.o(.bss)



==============================================================================

Memory Map of the image

  Image Entry point : 0x080000f1

  Load Region LR_IROM1 (Base: 0x08000000, Size: 0x00004cdc, Max: 0x00010000, ABSOLUTE, COMPRESSED[0x0000481c])

    Execution Region ER_IROM1 (Exec base: 0x08000000, Load base: 0x08000000, Size: 0x00004274, Max: 0x00010000, ABSOLUTE)

    Exec Addr    Load Addr    Size         Type   Attr      Idx    E Section Name        Object

    0x08000000   0x08000000   0x000000f0   Data   RO         2881    RESET               startup_ch32f10x.o
    0x080000f0   0x080000f0   0x00000008   Code   RO         2940  * !!!main             c_w.l(__main.o)
    0x080000f8   0x080000f8   0x00000034   Code   RO         3277    !!!scatter          c_w.l(__scatter.o)
    0x0800012c   0x0800012c   0x0000005a   Code   RO         3275    !!dczerorl2         c_w.l(__dczerorl2.o)
    0x08000186   0x08000186   0x00000002   PAD
    0x08000188   0x08000188   0x0000001c   Code   RO         3279    !!handler_zi        c_w.l(__scatter_zi.o)
    0x080001a4   0x080001a4   0x00000000   Code   RO         3034    .ARM.Collect$$_printf_percent$$00000000  c_w.l(_printf_percent.o)
    0x080001a4   0x080001a4   0x00000006   Code   RO         3023    .ARM.Collect$$_printf_percent$$00000001  c_w.l(_printf_n.o)
    0x080001aa   0x080001aa   0x00000006   Code   RO         3025    .ARM.Collect$$_printf_percent$$00000002  c_w.l(_printf_p.o)
    0x080001b0   0x080001b0   0x00000006   Code   RO         3030    .ARM.Collect$$_printf_percent$$00000003  c_w.l(_printf_f.o)
    0x080001b6   0x080001b6   0x00000006   Code   RO         3031    .ARM.Collect$$_printf_percent$$00000004  c_w.l(_printf_e.o)
    0x080001bc   0x080001bc   0x00000006   Code   RO         3032    .ARM.Collect$$_printf_percent$$00000005  c_w.l(_printf_g.o)
    0x080001c2   0x080001c2   0x00000006   Code   RO         3033    .ARM.Collect$$_printf_percent$$00000006  c_w.l(_printf_a.o)
    0x080001c8   0x080001c8   0x0000000a   Code   RO         3038    .ARM.Collect$$_printf_percent$$00000007  c_w.l(_printf_ll.o)
    0x080001d2   0x080001d2   0x00000006   Code   RO         3027    .ARM.Collect$$_printf_percent$$00000008  c_w.l(_printf_i.o)
    0x080001d8   0x080001d8   0x00000006   Code   RO         3028    .ARM.Collect$$_printf_percent$$00000009  c_w.l(_printf_d.o)
    0x080001de   0x080001de   0x00000006   Code   RO         3029    .ARM.Collect$$_printf_percent$$0000000A  c_w.l(_printf_u.o)
    0x080001e4   0x080001e4   0x00000006   Code   RO         3026    .ARM.Collect$$_printf_percent$$0000000B  c_w.l(_printf_o.o)
    0x080001ea   0x080001ea   0x00000006   Code   RO         3024    .ARM.Collect$$_printf_percent$$0000000C  c_w.l(_printf_x.o)
    0x080001f0   0x080001f0   0x00000006   Code   RO         3035    .ARM.Collect$$_printf_percent$$0000000D  c_w.l(_printf_lli.o)
    0x080001f6   0x080001f6   0x00000006   Code   RO         3036    .ARM.Collect$$_printf_percent$$0000000E  c_w.l(_printf_lld.o)
    0x080001fc   0x080001fc   0x00000006   Code   RO         3037    .ARM.Collect$$_printf_percent$$0000000F  c_w.l(_printf_llu.o)
    0x08000202   0x08000202   0x00000006   Code   RO         3042    .ARM.Collect$$_printf_percent$$00000010  c_w.l(_printf_llo.o)
    0x08000208   0x08000208   0x00000006   Code   RO         3043    .ARM.Collect$$_printf_percent$$00000011  c_w.l(_printf_llx.o)
    0x0800020e   0x0800020e   0x0000000a   Code   RO         3039    .ARM.Collect$$_printf_percent$$00000012  c_w.l(_printf_l.o)
    0x08000218   0x08000218   0x00000006   Code   RO         3021    .ARM.Collect$$_printf_percent$$00000013  c_w.l(_printf_c.o)
    0x0800021e   0x0800021e   0x00000006   Code   RO         3022    .ARM.Collect$$_printf_percent$$00000014  c_w.l(_printf_s.o)
    0x08000224   0x08000224   0x00000006   Code   RO         3040    .ARM.Collect$$_printf_percent$$00000015  c_w.l(_printf_lc.o)
    0x0800022a   0x0800022a   0x00000006   Code   RO         3041    .ARM.Collect$$_printf_percent$$00000016  c_w.l(_printf_ls.o)
    0x08000230   0x08000230   0x00000004   Code   RO         3089    .ARM.Collect$$_printf_percent$$00000017  c_w.l(_printf_percent_end.o)
    0x08000234   0x08000234   0x00000002   Code   RO         3138    .ARM.Collect$$libinit$$00000000  c_w.l(libinit.o)
    0x08000236   0x08000236   0x00000000   Code   RO         3152    .ARM.Collect$$libinit$$00000002  c_w.l(libinit2.o)
    0x08000236   0x08000236   0x00000000   Code   RO         3154    .ARM.Collect$$libinit$$00000004  c_w.l(libinit2.o)
    0x08000236   0x08000236   0x00000000   Code   RO         3157    .ARM.Collect$$libinit$$0000000A  c_w.l(libinit2.o)
    0x08000236   0x08000236   0x00000000   Code   RO         3159    .ARM.Collect$$libinit$$0000000C  c_w.l(libinit2.o)
    0x08000236   0x08000236   0x00000000   Code   RO         3161    .ARM.Collect$$libinit$$0000000E  c_w.l(libinit2.o)
    0x08000236   0x08000236   0x00000006   Code   RO         3162    .ARM.Collect$$libinit$$0000000F  c_w.l(libinit2.o)
    0x0800023c   0x0800023c   0x00000000   Code   RO         3164    .ARM.Collect$$libinit$$00000011  c_w.l(libinit2.o)
    0x0800023c   0x0800023c   0x0000000c   Code   RO         3165    .ARM.Collect$$libinit$$00000012  c_w.l(libinit2.o)
    0x08000248   0x08000248   0x00000000   Code   RO         3166    .ARM.Collect$$libinit$$00000013  c_w.l(libinit2.o)
    0x08000248   0x08000248   0x00000000   Code   RO         3168    .ARM.Collect$$libinit$$00000015  c_w.l(libinit2.o)
    0x08000248   0x08000248   0x0000000a   Code   RO         3169    .ARM.Collect$$libinit$$00000016  c_w.l(libinit2.o)
    0x08000252   0x08000252   0x00000000   Code   RO         3170    .ARM.Collect$$libinit$$00000017  c_w.l(libinit2.o)
    0x08000252   0x08000252   0x00000000   Code   RO         3172    .ARM.Collect$$libinit$$00000019  c_w.l(libinit2.o)
    0x08000252   0x08000252   0x00000000   Code   RO         3174    .ARM.Collect$$libinit$$0000001B  c_w.l(libinit2.o)
    0x08000252   0x08000252   0x00000000   Code   RO         3176    .ARM.Collect$$libinit$$0000001D  c_w.l(libinit2.o)
    0x08000252   0x08000252   0x00000000   Code   RO         3178    .ARM.Collect$$libinit$$0000001F  c_w.l(libinit2.o)
    0x08000252   0x08000252   0x00000000   Code   RO         3180    .ARM.Collect$$libinit$$00000021  c_w.l(libinit2.o)
    0x08000252   0x08000252   0x00000000   Code   RO         3182    .ARM.Collect$$libinit$$00000023  c_w.l(libinit2.o)
    0x08000252   0x08000252   0x00000000   Code   RO         3184    .ARM.Collect$$libinit$$00000025  c_w.l(libinit2.o)
    0x08000252   0x08000252   0x00000000   Code   RO         3188    .ARM.Collect$$libinit$$0000002C  c_w.l(libinit2.o)
    0x08000252   0x08000252   0x00000000   Code   RO         3190    .ARM.Collect$$libinit$$0000002E  c_w.l(libinit2.o)
    0x08000252   0x08000252   0x00000000   Code   RO         3192    .ARM.Collect$$libinit$$00000030  c_w.l(libinit2.o)
    0x08000252   0x08000252   0x00000000   Code   RO         3194    .ARM.Collect$$libinit$$00000032  c_w.l(libinit2.o)
    0x08000252   0x08000252   0x00000002   Code   RO         3195    .ARM.Collect$$libinit$$00000033  c_w.l(libinit2.o)
    0x08000254   0x08000254   0x00000002   Code   RO         3215    .ARM.Collect$$libshutdown$$00000000  c_w.l(libshutdown.o)
    0x08000256   0x08000256   0x00000000   Code   RO         3228    .ARM.Collect$$libshutdown$$00000002  c_w.l(libshutdown2.o)
    0x08000256   0x08000256   0x00000000   Code   RO         3230    .ARM.Collect$$libshutdown$$00000004  c_w.l(libshutdown2.o)
    0x08000256   0x08000256   0x00000000   Code   RO         3233    .ARM.Collect$$libshutdown$$00000007  c_w.l(libshutdown2.o)
    0x08000256   0x08000256   0x00000000   Code   RO         3236    .ARM.Collect$$libshutdown$$0000000A  c_w.l(libshutdown2.o)
    0x08000256   0x08000256   0x00000000   Code   RO         3238    .ARM.Collect$$libshutdown$$0000000C  c_w.l(libshutdown2.o)
    0x08000256   0x08000256   0x00000000   Code   RO         3241    .ARM.Collect$$libshutdown$$0000000F  c_w.l(libshutdown2.o)
    0x08000256   0x08000256   0x00000002   Code   RO         3242    .ARM.Collect$$libshutdown$$00000010  c_w.l(libshutdown2.o)
    0x08000258   0x08000258   0x00000000   Code   RO         2952    .ARM.Collect$$rtentry$$00000000  c_w.l(__rtentry.o)
    0x08000258   0x08000258   0x00000000   Code   RO         3060    .ARM.Collect$$rtentry$$00000002  c_w.l(__rtentry2.o)
    0x08000258   0x08000258   0x00000006   Code   RO         3072    .ARM.Collect$$rtentry$$00000004  c_w.l(__rtentry4.o)
    0x0800025e   0x0800025e   0x00000000   Code   RO         3062    .ARM.Collect$$rtentry$$00000009  c_w.l(__rtentry2.o)
    0x0800025e   0x0800025e   0x00000004   Code   RO         3063    .ARM.Collect$$rtentry$$0000000A  c_w.l(__rtentry2.o)
    0x08000262   0x08000262   0x00000000   Code   RO         3065    .ARM.Collect$$rtentry$$0000000C  c_w.l(__rtentry2.o)
    0x08000262   0x08000262   0x00000008   Code   RO         3066    .ARM.Collect$$rtentry$$0000000D  c_w.l(__rtentry2.o)
    0x0800026a   0x0800026a   0x00000002   Code   RO         3146    .ARM.Collect$$rtexit$$00000000  c_w.l(rtexit.o)
    0x0800026c   0x0800026c   0x00000000   Code   RO         3197    .ARM.Collect$$rtexit$$00000002  c_w.l(rtexit2.o)
    0x0800026c   0x0800026c   0x00000004   Code   RO         3198    .ARM.Collect$$rtexit$$00000003  c_w.l(rtexit2.o)
    0x08000270   0x08000270   0x00000006   Code   RO         3199    .ARM.Collect$$rtexit$$00000004  c_w.l(rtexit2.o)
    0x08000276   0x08000276   0x00000002   PAD
    0x08000278   0x08000278   0x00000040   Code   RO         2882    .text               startup_ch32f10x.o
    0x080002b8   0x080002b8   0x00000024   Code   RO         2934    .text               c_w.l(vsprintf.o)
    0x080002dc   0x080002dc   0x00000080   Code   RO         2936    .text               c_w.l(strcmpv7m.o)
    0x0800035c   0x0800035c   0x00000006   Code   RO         2938    .text               c_w.l(heapauxi.o)
    0x08000362   0x08000362   0x0000004e   Code   RO         2955    .text               c_w.l(_printf_pad.o)
    0x080003b0   0x080003b0   0x00000024   Code   RO         2957    .text               c_w.l(_printf_truncate.o)
    0x080003d4   0x080003d4   0x00000052   Code   RO         2959    .text               c_w.l(_printf_str.o)
    0x08000426   0x08000426   0x00000002   PAD
    0x08000428   0x08000428   0x00000078   Code   RO         2961    .text               c_w.l(_printf_dec.o)
    0x080004a0   0x080004a0   0x00000028   Code   RO         2963    .text               c_w.l(_printf_charcount.o)
    0x080004c8   0x080004c8   0x00000030   Code   RO         2965    .text               c_w.l(_printf_char_common.o)
    0x080004f8   0x080004f8   0x0000000a   Code   RO         2967    .text               c_w.l(_sputc.o)
    0x08000502   0x08000502   0x00000002   PAD
    0x08000504   0x08000504   0x000000bc   Code   RO         2969    .text               c_w.l(_printf_wctomb.o)
    0x080005c0   0x080005c0   0x0000007c   Code   RO         2972    .text               c_w.l(_printf_longlong_dec.o)
    0x0800063c   0x0800063c   0x00000070   Code   RO         2978    .text               c_w.l(_printf_oct_int_ll.o)
    0x080006ac   0x080006ac   0x00000094   Code   RO         2998    .text               c_w.l(_printf_hex_int_ll_ptr.o)
    0x08000740   0x08000740   0x00000188   Code   RO         3018    .text               c_w.l(__printf_flags_ss_wp.o)
    0x080008c8   0x080008c8   0x0000008a   Code   RO         3074    .text               c_w.l(lludiv10.o)
    0x08000952   0x08000952   0x000000b2   Code   RO         3076    .text               c_w.l(_printf_intcommon.o)
    0x08000a04   0x08000a04   0x0000041e   Code   RO         3078    .text               c_w.l(_printf_fp_dec.o)
    0x08000e22   0x08000e22   0x00000002   PAD
    0x08000e24   0x08000e24   0x000002fc   Code   RO         3080    .text               c_w.l(_printf_fp_hex.o)
    0x08001120   0x08001120   0x0000002c   Code   RO         3085    .text               c_w.l(_printf_char.o)
    0x0800114c   0x0800114c   0x0000002c   Code   RO         3087    .text               c_w.l(_printf_wchar.o)
    0x08001178   0x08001178   0x00000040   Code   RO         3090    .text               c_w.l(_wcrtomb.o)
    0x080011b8   0x080011b8   0x0000004a   Code   RO         3092    .text               c_w.l(sys_stackheap_outer.o)
    0x08001202   0x08001202   0x00000002   PAD
    0x08001204   0x08001204   0x00000010   Code   RO         3094    .text               c_w.l(rt_ctype_table.o)
    0x08001214   0x08001214   0x00000008   Code   RO         3099    .text               c_w.l(rt_locale_intlibspace.o)
    0x0800121c   0x0800121c   0x00000080   Code   RO         3101    .text               c_w.l(_printf_fp_infnan.o)
    0x0800129c   0x0800129c   0x000000e4   Code   RO         3103    .text               c_w.l(bigflt0.o)
    0x08001380   0x08001380   0x00000012   Code   RO         3131    .text               c_w.l(exit.o)
    0x08001392   0x08001392   0x00000002   PAD
    0x08001394   0x08001394   0x00000008   Code   RO         3143    .text               c_w.l(libspace.o)
    0x0800139c   0x0800139c   0x0000000c   Code   RO         3207    .text               c_w.l(sys_exit.o)
    0x080013a8   0x080013a8   0x00000002   Code   RO         3218    .text               c_w.l(use_no_semi.o)
    0x080013aa   0x080013aa   0x00000000   Code   RO         3220    .text               c_w.l(indicate_semi.o)
    0x080013aa   0x080013aa   0x0000003e   Code   RO         3106    CL$$btod_d2e        c_w.l(btod.o)
    0x080013e8   0x080013e8   0x00000046   Code   RO         3108    CL$$btod_d2e_denorm_low  c_w.l(btod.o)
    0x0800142e   0x0800142e   0x00000060   Code   RO         3107    CL$$btod_d2e_norm_op1  c_w.l(btod.o)
    0x0800148e   0x0800148e   0x00000338   Code   RO         3116    CL$$btod_div_common  c_w.l(btod.o)
    0x080017c6   0x080017c6   0x000000dc   Code   RO         3113    CL$$btod_e2e        c_w.l(btod.o)
    0x080018a2   0x080018a2   0x0000002a   Code   RO         3110    CL$$btod_ediv       c_w.l(btod.o)
    0x080018cc   0x080018cc   0x0000002a   Code   RO         3109    CL$$btod_emul       c_w.l(btod.o)
    0x080018f6   0x080018f6   0x00000244   Code   RO         3115    CL$$btod_mult_common  c_w.l(btod.o)
    0x08001b3a   0x08001b3a   0x00000052   Code   RO          567    i.Address_set       tft.o
    0x08001b8c   0x08001b8c   0x00000018   Code   RO          772    i.Delay_ms          delay.o
    0x08001ba4   0x08001ba4   0x0000002e   Code   RO          774    i.Delay_us          delay.o
    0x08001bd2   0x08001bd2   0x00000116   Code   RO         1383    i.GPIO_Init         ch32f10x_gpio.o
    0x08001ce8   0x08001ce8   0x00000004   Code   RO         1391    i.GPIO_SetBits      ch32f10x_gpio.o
    0x08001cec   0x08001cec   0x0000000a   Code   RO         1394    i.GPIO_WriteBit     ch32f10x_gpio.o
    0x08001cf6   0x08001cf6   0x00000030   Code   RO          569    i.LCD_Clear         tft.o
    0x08001d26   0x08001d26   0x00000002   PAD
    0x08001d28   0x08001d28   0x00000020   Code   RO          571    i.LCD_DrawPoint     tft.o
    0x08001d48   0x08001d48   0x000000f0   Code   RO          576    i.LCD_ShowChar      tft.o
    0x08001e38   0x08001e38   0x00000044   Code   RO          578    i.LCD_ShowString    tft.o
    0x08001e7c   0x08001e7c   0x00000018   Code   RO          579    i.LCD_WR_DATA       tft.o
    0x08001e94   0x08001e94   0x00000012   Code   RO          580    i.LCD_WR_DATA8      tft.o
    0x08001ea6   0x08001ea6   0x00000012   Code   RO          581    i.LCD_WR_REG        tft.o
    0x08001eb8   0x08001eb8   0x00000034   Code   RO          415    i.LED_Init          led.o
    0x08001eec   0x08001eec   0x000001bc   Code   RO          583    i.Lcd_Init          tft.o
    0x080020a8   0x080020a8   0x000000b8   Code   RO          712    i.MySPI_Init        myspi.o
    0x08002160   0x08002160   0x00000038   Code   RO          715    i.MySPI_SwapByte    myspi.o
    0x08002198   0x08002198   0x00000014   Code   RO          716    i.MySPI_W_DC        myspi.o
    0x080021ac   0x080021ac   0x00000014   Code   RO          717    i.MySPI_W_RES       myspi.o
    0x080021c0   0x080021c0   0x00000014   Code   RO          718    i.MySPI_W_SS        myspi.o
    0x080021d4   0x080021d4   0x00000070   Code   RO         1714    i.NVIC_Init         ch32f10x_misc.o
    0x08002244   0x08002244   0x00000014   Code   RO         1715    i.NVIC_PriorityGroupConfig  ch32f10x_misc.o
    0x08002258   0x08002258   0x0000002a   Code   RO          160    i.OLED_Clear        oled.o
    0x08002282   0x08002282   0x00000002   PAD
    0x08002284   0x08002284   0x00000050   Code   RO          161    i.OLED_I2C_Init     oled.o
    0x080022d4   0x080022d4   0x00000054   Code   RO          162    i.OLED_I2C_SendByte  oled.o
    0x08002328   0x08002328   0x00000034   Code   RO          163    i.OLED_I2C_Start    oled.o
    0x0800235c   0x0800235c   0x00000028   Code   RO          164    i.OLED_I2C_Stop     oled.o
    0x08002384   0x08002384   0x000000ae   Code   RO          165    i.OLED_Init         oled.o
    0x08002432   0x08002432   0x00000022   Code   RO          167    i.OLED_SetCursor    oled.o
    0x08002454   0x08002454   0x00000074   Code   RO          169    i.OLED_ShowChar     oled.o
    0x080024c8   0x080024c8   0x0000006c   Code   RO          170    i.OLED_ShowChineseChar  oled.o
    0x08002534   0x08002534   0x00000036   Code   RO          171    i.OLED_ShowChineseString  oled.o
    0x0800256a   0x0800256a   0x00000028   Code   RO          175    i.OLED_ShowString   oled.o
    0x08002592   0x08002592   0x00000020   Code   RO          176    i.OLED_WriteCommand  oled.o
    0x080025b2   0x080025b2   0x00000020   Code   RO          177    i.OLED_WriteData    oled.o
    0x080025d2   0x080025d2   0x00000002   PAD
    0x080025d4   0x080025d4   0x00000020   Code   RO         1766    i.RCC_APB2PeriphClockCmd  ch32f10x_rcc.o
    0x080025f4   0x080025f4   0x000000d4   Code   RO         1774    i.RCC_GetClocksFreq  ch32f10x_rcc.o
    0x080026c8   0x080026c8   0x00000018   Code   RO         1979    i.SPI_Cmd           ch32f10x_spi.o
    0x080026e0   0x080026e0   0x00000012   Code   RO         1987    i.SPI_I2S_GetFlagStatus  ch32f10x_spi.o
    0x080026f2   0x080026f2   0x00000006   Code   RO         1990    i.SPI_I2S_ReceiveData  ch32f10x_spi.o
    0x080026f8   0x080026f8   0x00000004   Code   RO         1991    i.SPI_I2S_SendData  ch32f10x_spi.o
    0x080026fc   0x080026fc   0x0000003c   Code   RO         1992    i.SPI_Init          ch32f10x_spi.o
    0x08002738   0x08002738   0x000000b8   Code   RO          484    i.Serial_Init       serial.o
    0x080027f0   0x080027f0   0x00000024   Code   RO          486    i.Serial_Printf     serial.o
    0x08002814   0x08002814   0x00000020   Code   RO          488    i.Serial_SendByte   serial.o
    0x08002834   0x08002834   0x0000001a   Code   RO          490    i.Serial_SendString  serial.o
    0x0800284e   0x0800284e   0x00000008   Code   RO         2889    i.SetSysClock       system_ch32f10x.o
    0x08002856   0x08002856   0x00000002   PAD
    0x08002858   0x08002858   0x000000e0   Code   RO         2890    i.SetSysClockTo72   system_ch32f10x.o
    0x08002938   0x08002938   0x00000060   Code   RO         2892    i.SystemInit        system_ch32f10x.o
    0x08002998   0x08002998   0x000000a0   Code   RO          491    i.USART1_IRQHandler  serial.o
    0x08002a38   0x08002a38   0x00000014   Code   RO         2691    i.USART_ClearITPendingBit  ch32f10x_usart.o
    0x08002a4c   0x08002a4c   0x00000018   Code   RO         2694    i.USART_Cmd         ch32f10x_usart.o
    0x08002a64   0x08002a64   0x00000012   Code   RO         2697    i.USART_GetFlagStatus  ch32f10x_usart.o
    0x08002a76   0x08002a76   0x0000004c   Code   RO         2698    i.USART_GetITStatus  ch32f10x_usart.o
    0x08002ac2   0x08002ac2   0x00000040   Code   RO         2700    i.USART_ITConfig    ch32f10x_usart.o
    0x08002b02   0x08002b02   0x00000002   PAD
    0x08002b04   0x08002b04   0x000000d0   Code   RO         2701    i.USART_Init        ch32f10x_usart.o
    0x08002bd4   0x08002bd4   0x0000000a   Code   RO         2708    i.USART_ReceiveData  ch32f10x_usart.o
    0x08002bde   0x08002bde   0x00000008   Code   RO         2711    i.USART_SendData    ch32f10x_usart.o
    0x08002be6   0x08002be6   0x00000028   Code   RO         3141    i.__ARM_fpclassify  m_ws.l(fpclassify.o)
    0x08002c0e   0x08002c0e   0x0000000e   Code   RO         3011    i._is_digit         c_w.l(__printf_wp.o)
    0x08002c1c   0x08002c1c   0x000001d8   Code   RO            4    i.main              main.o
    0x08002df4   0x08002df4   0x0000007c   Code   RO          585    i.showhanzi         tft.o
    0x08002e70   0x08002e70   0x0000003c   Code   RO            6    i.xianshi           main.o
    0x08002eac   0x08002eac   0x0000002c   Code   RO         3129    locale$$code        c_w.l(lc_numeric_c.o)
    0x08002ed8   0x08002ed8   0x0000002c   Code   RO         3149    locale$$code        c_w.l(lc_ctype_c.o)
    0x08002f04   0x08002f04   0x00000004   Code   RO         3050    x$fpl$printf1       fz_ws.l(printf1.o)
    0x08002f08   0x08002f08   0x00000004   Code   RO         3052    x$fpl$printf2       fz_ws.l(printf2.o)
    0x08002f0c   0x08002f0c   0x00000000   Code   RO         3058    x$fpl$usenofp       fz_ws.l(usenofp.o)
    0x08002f0c   0x08002f0c   0x00000b30   Data   RO          178    .constdata          oled.o
    0x08003a3c   0x08003a3c   0x000005f0   Data   RO          586    .constdata          tft.o
    0x0800402c   0x0800402c   0x00000008   Data   RO         2970    .constdata          c_w.l(_printf_wctomb.o)
    0x08004034   0x08004034   0x00000028   Data   RO         2999    .constdata          c_w.l(_printf_hex_int_ll_ptr.o)
    0x0800405c   0x0800405c   0x00000011   Data   RO         3019    .constdata          c_w.l(__printf_flags_ss_wp.o)
    0x0800406d   0x0800406d   0x00000026   Data   RO         3081    .constdata          c_w.l(_printf_fp_hex.o)
    0x08004093   0x08004093   0x00000001   PAD
    0x08004094   0x08004094   0x00000094   Data   RO         3104    .constdata          c_w.l(bigflt0.o)
    0x08004128   0x08004128   0x00000020   Data   RO         3273    Region$$Table       anon$$obj.o
    0x08004148   0x08004148   0x0000001c   Data   RO         3128    locale$$data        c_w.l(lc_numeric_c.o)
    0x08004164   0x08004164   0x00000110   Data   RO         3148    locale$$data        c_w.l(lc_ctype_c.o)


    Execution Region RW_IRAM1 (Exec base: 0x20000000, Load base: 0x08004274, Size: 0x00001130, Max: 0x00005000, ABSOLUTE, COMPRESSED[0x000005a8])

    Exec Addr    Load Addr    Size         Type   Attr      Idx    E Section Name        Object

    0x20000000   COMPRESSED   0x0000000a   Data   RW            8    .data               main.o
    0x2000000a   COMPRESSED   0x00000003   Data   RW          494    .data               serial.o
    0x2000000d   COMPRESSED   0x00000001   PAD
    0x2000000e   COMPRESSED   0x00000a44   Data   RW          587    .data               tft.o
    0x20000a52   COMPRESSED   0x00000014   Data   RW         1794    .data               ch32f10x_rcc.o
    0x20000a66   COMPRESSED   0x00000002   PAD
    0x20000a68        -       0x00000064   Zero   RW          493    .bss                serial.o
    0x20000acc        -       0x00000060   Zero   RW         3144    .bss                c_w.l(libspace.o)
    0x20000b2c   COMPRESSED   0x00000004   PAD
    0x20000b30        -       0x00000200   Zero   RW         2880    HEAP                startup_ch32f10x.o
    0x20000d30        -       0x00000400   Zero   RW         2879    STACK               startup_ch32f10x.o


==============================================================================

Image component sizes


      Code (inc. data)   RO Data    RW Data    ZI Data      Debug   Object Name

         0          0          0          0          0     161768   ch32f10x_adc.o
       292          0          0          0          0       3223   ch32f10x_gpio.o
       132         22          0          0          0       1723   ch32f10x_misc.o
       244         26          0         20          0       4017   ch32f10x_rcc.o
       112          0          0          0          0       4046   ch32f10x_spi.o
       428          4          0          0          0       7123   ch32f10x_usart.o
        70          0          0          0          0        874   delay.o
        52          4          0          0          0        435   led.o
       532        142          0         10          0     183197   main.o
       300         26          0          0          0       2518   myspi.o
       888         28       2864          0          0       7331   oled.o
       438         34          0          3        100       3928   serial.o
        64         26        240          0       1536        792   startup_ch32f10x.o
       328         28          0          0          0       1893   system_ch32f10x.o
      1098         36       1520       2628          0       7025   tft.o

    ----------------------------------------------------------------------
      4988        376       4656       2664       1636     389893   Object Totals
         0          0         32          0          0          0   (incl. Generated)
        10          0          0          3          0          0   (incl. Padding)

    ----------------------------------------------------------------------

      Code (inc. data)   RO Data    RW Data    ZI Data      Debug   Library Member Name

        90          0          0          0          0          0   __dczerorl2.o
         8          0          0          0          0         68   __main.o
       392          4         17          0          0         92   __printf_flags_ss_wp.o
        14          0          0          0          0         68   __printf_wp.o
         0          0          0          0          0          0   __rtentry.o
        12          0          0          0          0          0   __rtentry2.o
         6          0          0          0          0          0   __rtentry4.o
        52          8          0          0          0          0   __scatter.o
        28          0          0          0          0          0   __scatter_zi.o
         6          0          0          0          0          0   _printf_a.o
         6          0          0          0          0          0   _printf_c.o
        44          0          0          0          0        108   _printf_char.o
        48          6          0          0          0         96   _printf_char_common.o
        40          0          0          0          0         68   _printf_charcount.o
         6          0          0          0          0          0   _printf_d.o
       120         16          0          0          0         92   _printf_dec.o
         6          0          0          0          0          0   _printf_e.o
         6          0          0          0          0          0   _printf_f.o
      1054          0          0          0          0        216   _printf_fp_dec.o
       764          8         38          0          0        100   _printf_fp_hex.o
       128         16          0          0          0         84   _printf_fp_infnan.o
         6          0          0          0          0          0   _printf_g.o
       148          4         40          0          0        160   _printf_hex_int_ll_ptr.o
         6          0          0          0          0          0   _printf_i.o
       178          0          0          0          0         88   _printf_intcommon.o
        10          0          0          0          0          0   _printf_l.o
         6          0          0          0          0          0   _printf_lc.o
        10          0          0          0          0          0   _printf_ll.o
         6          0          0          0          0          0   _printf_lld.o
         6          0          0          0          0          0   _printf_lli.o
         6          0          0          0          0          0   _printf_llo.o
         6          0          0          0          0          0   _printf_llu.o
         6          0          0          0          0          0   _printf_llx.o
       124         16          0          0          0         92   _printf_longlong_dec.o
         6          0          0          0          0          0   _printf_ls.o
         6          0          0          0          0          0   _printf_n.o
         6          0          0          0          0          0   _printf_o.o
       112         10          0          0          0        124   _printf_oct_int_ll.o
         6          0          0          0          0          0   _printf_p.o
        78          0          0          0          0        108   _printf_pad.o
         0          0          0          0          0          0   _printf_percent.o
         4          0          0          0          0          0   _printf_percent_end.o
         6          0          0          0          0          0   _printf_s.o
        82          0          0          0          0         80   _printf_str.o
        36          0          0          0          0         84   _printf_truncate.o
         6          0          0          0          0          0   _printf_u.o
        44          0          0          0          0        108   _printf_wchar.o
       188          6          8          0          0         92   _printf_wctomb.o
         6          0          0          0          0          0   _printf_x.o
        10          0          0          0          0         68   _sputc.o
        64          0          0          0          0         92   _wcrtomb.o
       228          4        148          0          0         96   bigflt0.o
      1936        128          0          0          0        672   btod.o
        18          0          0          0          0         80   exit.o
         6          0          0          0          0        152   heapauxi.o
         0          0          0          0          0          0   indicate_semi.o
        44         10        272          0          0         76   lc_ctype_c.o
        44         10         28          0          0         76   lc_numeric_c.o
         2          0          0          0          0          0   libinit.o
        30          0          0          0          0          0   libinit2.o
         2          0          0          0          0          0   libshutdown.o
         2          0          0          0          0          0   libshutdown2.o
         8          4          0          0         96         68   libspace.o
       138          0          0          0          0         80   lludiv10.o
        16          4          0          0          0         76   rt_ctype_table.o
         8          4          0          0          0         68   rt_locale_intlibspace.o
         2          0          0          0          0          0   rtexit.o
        10          0          0          0          0          0   rtexit2.o
       128          0          0          0          0         68   strcmpv7m.o
        12          4          0          0          0         68   sys_exit.o
        74          0          0          0          0         80   sys_stackheap_outer.o
         2          0          0          0          0         68   use_no_semi.o
        36          4          0          0          0         76   vsprintf.o
         4          0          0          0          0         68   printf1.o
         4          0          0          0          0         68   printf2.o
         0          0          0          0          0          0   usenofp.o
        40          0          0          0          0         68   fpclassify.o

    ----------------------------------------------------------------------
      6816        266        552          0        100       4096   Library Totals
        14          0          1          0          4          0   (incl. Padding)

    ----------------------------------------------------------------------

      Code (inc. data)   RO Data    RW Data    ZI Data      Debug   Library Name

      6754        266        551          0         96       3892   c_w.l
         8          0          0          0          0        136   fz_ws.l
        40          0          0          0          0         68   m_ws.l

    ----------------------------------------------------------------------
      6816        266        552          0        100       4096   Library Totals

    ----------------------------------------------------------------------

==============================================================================


      Code (inc. data)   RO Data    RW Data    ZI Data      Debug   

     11804        642       5208       2664       1736     388733   Grand Totals
     11804        642       5208       1448       1736     388733   ELF Image Totals (compressed)
     11804        642       5208       1448          0          0   ROM Totals

==============================================================================

    Total RO  Size (Code + RO Data)                17012 (  16.61kB)
    Total RW  Size (RW Data + ZI Data)              4400 (   4.30kB)
    Total ROM Size (Code + RO Data + RW Data)      18460 (  18.03kB)

==============================================================================

