<html>
<body>
<pre>
<h1>µVision Build Log</h1>
<h2>Tool Versions:</h2>
IDE-Version: ¦ÌVision V5.24.2.0
Copyright (C) 2017 ARM Ltd and ARM Germany GmbH. All rights reserved.
License Information: A A, A, LIC=ATTQ1-CUUNH-X7NRZ-J11KY-70GQ9-XFNGQ
 
Tool Versions:
Toolchain:       MDK-ARM Plus  Version: 5.24.1
Toolchain Path:  D:\keil\ARM\ARMCC\Bin
C Compiler:      Armcc.exe V5.06 update 5 (build 528)
Assembler:       Armasm.exe V5.06 update 5 (build 528)
Linker/Locator:  ArmLink.exe V5.06 update 5 (build 528)
Library Manager: ArmAr.exe V5.06 update 5 (build 528)
Hex Converter:   FromElf.exe V5.06 update 5 (build 528)
CPU DLL:         SARMCM3.DLL V5.24.1
Dialog DLL:      DCM.DLL V1.16.0.0
Target DLL:      CMSIS_AGDI.dll V1.28.3.0
Dialog DLL:      TCM.DLL V1.32.0.0
 
<h2>Project:</h2>
D:\stm32_code\ch32\ch32.uvprojx
Project File Date:  05/25/2023

<h2>Output:</h2>
*** Using Compiler 'V5.06 update 5 (build 528)', folder: 'D:\keil\ARM\ARMCC\Bin'
Rebuild target 'Target 1'
compiling Delay.c...
compiling OLED.c...
compiling LightSensor.c...
compiling Key.c...
compiling ch32f10x_gpio.c...
compiling Serial.c...
compiling ds18b20.c...
compiling main.c...
USER\main.c(17): warning:  #177-D: variable "i"  was declared but never referenced
  	char i;
USER\main.c: 1 warning, 0 errors
compiling ch32f10x_exti.c...
compiling ch32f10x_misc.c...
compiling ch32f10x_i2c.c...
compiling LED.c...
assembling startup_ch32f10x.s...
compiling ch32f10x_rcc.c...
compiling ch32f10x_usart.c...
compiling system_ch32f10x.c...
linking...
Program Size: Code=2280 RO-data=2624 RW-data=4 ZI-data=1732  
FromELF: creating hex file...
".\output\ch32.axf" - 0 Error(s), 1 Warning(s).

<h2>Software Packages used:</h2>

Package Vendor: ARM
                http://www.keil.com/pack/ARM.CMSIS.5.0.1.pack
                ARM.CMSIS.5.0.1
                CMSIS (Cortex Microcontroller Software Interface Standard)
   * Component: CORE Version: 5.0.1

Package Vendor: Keil
                http://www.wch.cn/Keil.WCH32F1xx_DFP.1.0.1.pack
                Keil.WCH32F1xx_DFP.1.0.1
                WCH CH32F1 Series Device Support, Drivers and Examples
   * Component: USART Version: 1.0.0
   * Component: RCC Version: 1.0.0
   * Component: I2C Version: 1.0.0
   * Component: GPIO Version: 1.0.0
   * Component: Framework Version: 1.0.0
   * Component: EXTI Version: 1.0.0
   * Component: Startup Version: 1.0.0

<h2>Collection of Component include folders:</h2>
  .\RTE\CH32F1xx\CH32F103C8
  .\RTE\_Target_1
  D:\keil\ARM\PACK\ARM\CMSIS\5.0.1\CMSIS\Include
  D:\keil\ARM\PACK\Keil\WCH32F1xx_DFP\1.0.1\Device\Include
  D:\keil\ARM\PACK\Keil\WCH32F1xx_DFP\1.0.1\Device\StdPeriph_Driver\inc

<h2>Collection of Component Files used:</h2>

   * Component: Keil::CH32F1xx:StdPeriph Drivers:USART:1.0.0
      Source file:   Device\StdPeriph_Driver\src\ch32f10x_usart.c
      Include file:  Device\StdPeriph_Driver\inc\ch32f10x_usart.h

   * Component: Keil::CH32F1xx:StdPeriph Drivers:RCC:1.0.0
      Source file:   Device\StdPeriph_Driver\src\ch32f10x_rcc.c
      Include file:  Device\StdPeriph_Driver\inc\ch32f10x_rcc.h

   * Component: Keil::CH32F1xx:StdPeriph Drivers:I2C:1.0.0
      Include file:  Device\StdPeriph_Driver\inc\ch32f10x_i2c.h
      Source file:   Device\StdPeriph_Driver\src\ch32f10x_i2c.c

   * Component: Keil::CH32F1xx:StdPeriph Drivers:GPIO:1.0.0
      Include file:  Device\StdPeriph_Driver\inc\ch32f10x_gpio.h
      Source file:   Device\StdPeriph_Driver\src\ch32f10x_gpio.c

   * Component: Keil::CH32F1xx:StdPeriph Drivers:Framework:1.0.0
      Source file:   Device\StdPeriph_Driver\src\ch32f10x_misc.c
      Include file:  Device\StdPeriph_Driver\inc\ch32f10x_misc.h
      Source file:   Device\StdPeriph_Driver\templates\ch32f10x_it.c
      Include file:  Device\StdPeriph_Driver\templates\ch32f10x_it.h
      Include file:  Device\StdPeriph_Driver\templates\ch32f10x_conf.h

   * Component: Keil::CH32F1xx:StdPeriph Drivers:EXTI:1.0.0
      Source file:   Device\StdPeriph_Driver\src\ch32f10x_exti.c
      Include file:  Device\StdPeriph_Driver\inc\ch32f10x_exti.h

   * Component: Keil::CH32F1xx:Startup:1.0.0
      Source file:   Device\Source\system_ch32f10x.c
      Source file:   Device\Source\ARM\CH32F1xx_OPT.s
      Source file:   Device\Source\ARM\startup_ch32f10x.s

   * Component: ARM::CMSIS:CORE:5.0.1
Build Time Elapsed:  00:00:02
</pre>
</body>
</html>
