C51 COMPILER V9.54   MAIN                                                                  05/31/2023 11:47:56 PAGE 1   


C51 COMPILER V9.54, COMPILATION OF MODULE MAIN
OBJECT MODULE PLACED IN .\Objects\main.obj
COMPILER INVOKED BY: D:\keil51\C51\BIN\C51.EXE main.c OPTIMIZE(8,SPEED) BROWSE DEBUG OBJECTEXTEND PRINT(.\Listings\main.
                    -lst) TABS(2) OBJECT(.\Objects\main.obj)

line level    source

   1          #include <REGX52.h>
   2          #include "key.h"
   3          #include "LCD1602.h"
   4          #include "delay.h"
   5          #include "Timer.h"
   6          #include <intrins.h>
   7          unsigned char KeyNum, LEDNum = 0, ledflag = 0, sw = 0;
   8          
   9          unsigned char tmp;
  10          
  11          sbit buzzer = P2 ^ 5;
  12          void Buzzer_time(int n, int m)
  13          {
  14   1          int M = 100000 * m / n;
  15   1          M = M / 8;
  16   1          while (M--)
  17   1          {
  18   2              buzzer = ~buzzer;
  19   2              Delay10us(n);
  20   2          }
  21   1      }
  22          int main(void)
  23          {
  24   1          //   LCD_Init();
  25   1          //   LCD_ShowString(1, 1, "CLOCK:");
  26   1          Timer0_Init();
  27   1          P2 = 0xfe;
  28   1          tmp = P2;
  29   1          while (1)
  30   1          {
  31   2              KeyNum = Key();
  32   2              if (KeyNum == 1)
  33   2              {
  34   3                  Buzzer_time(191, 1);
  35   3              }
  36   2               if (KeyNum == 2)
  37   2              {
  38   3                  Buzzer_time(170, 1);
  39   3              }
  40   2               if (KeyNum == 3)
  41   2              {
  42   3                  Buzzer_time(151, 1);
  43   3              }
  44   2              
  45   2          }
  46   1      }
  47          
  48          void Timer0_Routine() interrupt 1
  49          {
  50   1          static unsigned int clock;
  51   1          TL0 = 0x18; // 设置定时初始值
  52   1          TH0 = 0xFC; // 设置定时初始值
  53   1          clock++;
  54   1      
C51 COMPILER V9.54   MAIN                                                                  05/31/2023 11:47:56 PAGE 2   

  55   1          if (clock >= 500)
  56   1          {
  57   2      
  58   2              //    LCD_ShowNum(1, 8, sec, 2);
  59   2              // P2_0 = ~P2_0;
  60   2              clock = 0;
  61   2          }
  62   1      }


MODULE INFORMATION:   STATIC OVERLAYABLE
   CODE SIZE        =    186    ----
   CONSTANT SIZE    =   ----    ----
   XDATA SIZE       =   ----    ----
   PDATA SIZE       =   ----    ----
   DATA SIZE        =      7       4
   IDATA SIZE       =   ----    ----
   BIT SIZE         =   ----    ----
END OF MODULE INFORMATION.


C51 COMPILATION COMPLETE.  0 WARNING(S),  0 ERROR(S)
