C51 COMPILER V9.54   MAIN                                                                  05/15/2023 12:56:54 PAGE 1   


C51 COMPILER V9.54, COMPILATION OF MODULE MAIN
OBJECT MODULE PLACED IN .\Objects\main.obj
COMPILER INVOKED BY: D:\keil51\C51\BIN\C51.EXE main.c OPTIMIZE(8,SPEED) BROWSE DEBUG OBJECTEXTEND PRINT(.\Listings\main.
                    -lst) TABS(2) OBJECT(.\Objects\main.obj)

line level    source

   1          #include <REGX52.h>
   2          #include "MatrixKey.h"
   3          #include "LCD1602.h"
   4          unsigned char KeyNum;
   5          
   6          unsigned int Password = 0, count = 4;
   7          int main(void)
   8          {
   9   1          LCD_Init();
  10   1          LCD_ShowString(1, 1, "Password:");
  11   1      
  12   1          while (1)
  13   1          {
  14   2              KeyNum = MatrixKey();
  15   2              if (KeyNum)
  16   2              {
  17   3                  if (KeyNum <= 10)
  18   3                  {
  19   4                      if (count > 0)
  20   4                      {
  21   5                          Password *= 10;
  22   5                          Password += KeyNum % 10;
  23   5                          LCD_ShowNum(2, 1, Password, 4);
  24   5                          count--;
  25   5                      }
  26   4                  }
  27   3                  if (KeyNum == 11)
  28   3                  {
  29   4                      if (Password == 1234)
  30   4                      {
  31   5                          LCD_ShowString(1, 10, "OK");
  32   5                      }
  33   4                      else
  34   4                      {
  35   5                          LCD_ShowString(1, 10, "ERROR");
  36   5                      }
  37   4                  }
  38   3                  if (KeyNum == 12)
  39   3                  {
  40   4                      Password = 0;
  41   4                      count = 4;
  42   4                      LCD_ShowNum(2, 1, Password, 4);
  43   4                     LCD_ShowString(1, 10, "     ");
  44   4                  }
  45   3              }
  46   2          }
  47   1      }


MODULE INFORMATION:   STATIC OVERLAYABLE
   CODE SIZE        =    174    ----
   CONSTANT SIZE    =     25    ----
   XDATA SIZE       =   ----    ----
   PDATA SIZE       =   ----    ----
C51 COMPILER V9.54   MAIN                                                                  05/15/2023 12:56:54 PAGE 2   

   DATA SIZE        =      5    ----
   IDATA SIZE       =   ----    ----
   BIT SIZE         =   ----    ----
END OF MODULE INFORMATION.


C51 COMPILATION COMPLETE.  0 WARNING(S),  0 ERROR(S)
