<html>
<body>
<pre>
<h1>礦ision Build Log</h1>
<h2>Tool Versions:</h2>
IDE-Version: μVision V5.24.2.0
Copyright (C) 2017 ARM Ltd and ARM Germany GmbH. All rights reserved.
License Information: A A, A, LIC=ATTQ1-CUUNH-X7NRZ-J11KY-70GQ9-XFNGQ
 
Tool Versions:
Toolchain:       MDK-ARM Plus  Version: 5.24.1
Toolchain Path:  D:\keil\ARM\ARMCC\Bin
C Compiler:      Armcc.exe V5.06 update 5 (build 528)
Assembler:       Armasm.exe V5.06 update 5 (build 528)
Linker/Locator:  ArmLink.exe V5.06 update 5 (build 528)
Library Manager: ArmAr.exe V5.06 update 5 (build 528)
Hex Converter:   FromElf.exe V5.06 update 5 (build 528)
CPU DLL:         SARMCM3.DLL V5.24.1
Dialog DLL:      DCM.DLL V1.16.0.0
Target DLL:      CMSIS_AGDI.dll V1.28.3.0
Dialog DLL:      TCM.DLL V1.32.0.0
 
<h2>Project:</h2>
D:\嵌入式代码\stm32\RTOS\09_freeRTOS_信号量\FreeRTOS\Demo\CORTEX_STM32F103_Keil\RTOSDemo.uvprojx
Project File Date:  06/27/2023

<h2>Output:</h2>
*** Using Compiler 'V5.06 update 5 (build 528)', folder: 'D:\keil\ARM\ARMCC\Bin'
Build target 'Target 1'
compiling main.c...
main.c(212): warning:  #550-D: variable "xMessage"  was set but never used
  	xLCDMessage xMessage;
main.c(79): warning:  #177-D: function "prvConfigureLCD"  was declared but never referenced
  static void prvConfigureLCD(void);
main.c(87): warning:  #177-D: function "vLCDTask"  was declared but never referenced
  static void vLCDTask(void *pvParameters);
main.c(209): warning:  #177-D: function "vCheckTask"  was declared but never referenced
  static void vCheckTask(void *pvParameters)
main.c(124): warning:  #177-D: variable "xQueueHandle1"  was declared but never referenced
  static QueueHandle_t xQueueHandle1;
main.c(125): warning:  #177-D: variable "xQueueHandle2"  was declared but never referenced
  static QueueHandle_t xQueueHandle2;
main.c(126): warning:  #177-D: variable "xQueueset"  was declared but never referenced
  static QueueSetHandle_t xQueueset;
main.c: 7 warnings, 0 errors
linking...
Program Size: Code=20618 RO-data=306 RW-data=276 ZI-data=19100  
FromELF: creating hex file...
"..\..\RTOSDemo.axf" - 0 Error(s), 7 Warning(s).

<h2>Software Packages used:</h2>

Package Vendor: Keil
                http://www.keil.com/pack/Keil.STM32F1xx_DFP.2.2.0.pack
                Keil.STM32F1xx_DFP.2.2.0
                STMicroelectronics STM32F1 Series Device Support, Drivers and Examples

<h2>Collection of Component include folders:</h2>
  .\RTE\_Target_1
  D:\keil\ARM\PACK\Keil\STM32F1xx_DFP\2.2.0\Device\Include

<h2>Collection of Component Files used:</h2>
Build Time Elapsed:  00:00:00
</pre>
</body>
</html>
