Component: ARM Compiler 5.06 update 5 (build 528) Tool: armlink [4d35e2]

==============================================================================

Section Cross References

    main.o(i.main) refers to led.o(i.LED_Init) for LED_Init
    main.o(i.main) refers to oled.o(i.OLED_Init) for OLED_Init
    main.o(i.main) refers to tft.o(i.Lcd_Init) for Lcd_Init
    main.o(i.main) refers to tft.o(i.LCD_Clear) for LCD_Clear
    main.o(i.main) refers to main.o(i.xianshi) for xianshi
    main.o(i.main) refers to oled.o(i.OLED_ShowString) for OLED_ShowString
    main.o(i.main) refers to oled.o(i.OLED_ShowChineseString) for OLED_ShowChineseString
    main.o(i.main) refers to main.o(i.showimage) for showimage
    main.o(i.main) refers to tft.o(i.LCD_ShowNum) for LCD_ShowNum
    main.o(i.main) refers to tft.o(i.showhanzi) for showhanzi
    main.o(i.main) refers to delay.o(i.Delay_ms) for Delay_ms
    main.o(i.main) refers to tft.o(.data) for BACK_COLOR
    main.o(i.main) refers to main.o(.data) for i
    main.o(i.showimage) refers to tft.o(i.Address_set) for Address_set
    main.o(i.showimage) refers to tft.o(i.LCD_WR_DATA8) for LCD_WR_DATA8
    main.o(i.showimage) refers to main.o(.constdata) for image
    main.o(i.showimage) refers to main.o(.data) for ref
    main.o(i.xianshi) refers to tft.o(i.showhanzi) for showhanzi
    main.o(i.xianshi) refers to tft.o(.data) for BACK_COLOR
    oled.o(i.OLED_Clear) refers to oled.o(i.OLED_SetCursor) for OLED_SetCursor
    oled.o(i.OLED_Clear) refers to oled.o(i.OLED_WriteData) for OLED_WriteData
    oled.o(i.OLED_I2C_Init) refers to ch32f10x_rcc.o(i.RCC_APB2PeriphClockCmd) for RCC_APB2PeriphClockCmd
    oled.o(i.OLED_I2C_Init) refers to ch32f10x_gpio.o(i.GPIO_Init) for GPIO_Init
    oled.o(i.OLED_I2C_Init) refers to ch32f10x_gpio.o(i.GPIO_WriteBit) for GPIO_WriteBit
    oled.o(i.OLED_I2C_SendByte) refers to ch32f10x_gpio.o(i.GPIO_WriteBit) for GPIO_WriteBit
    oled.o(i.OLED_I2C_Start) refers to ch32f10x_gpio.o(i.GPIO_WriteBit) for GPIO_WriteBit
    oled.o(i.OLED_I2C_Stop) refers to ch32f10x_gpio.o(i.GPIO_WriteBit) for GPIO_WriteBit
    oled.o(i.OLED_Init) refers to oled.o(i.OLED_I2C_Init) for OLED_I2C_Init
    oled.o(i.OLED_Init) refers to oled.o(i.OLED_WriteCommand) for OLED_WriteCommand
    oled.o(i.OLED_Init) refers to oled.o(i.OLED_Clear) for OLED_Clear
    oled.o(i.OLED_SetCursor) refers to oled.o(i.OLED_WriteCommand) for OLED_WriteCommand
    oled.o(i.OLED_ShowBinNum) refers to oled.o(i.OLED_Pow) for OLED_Pow
    oled.o(i.OLED_ShowBinNum) refers to oled.o(i.OLED_ShowChar) for OLED_ShowChar
    oled.o(i.OLED_ShowChar) refers to oled.o(i.OLED_SetCursor) for OLED_SetCursor
    oled.o(i.OLED_ShowChar) refers to oled.o(i.OLED_WriteData) for OLED_WriteData
    oled.o(i.OLED_ShowChar) refers to oled.o(.constdata) for OLED_F8x16
    oled.o(i.OLED_ShowChineseChar) refers to oled.o(i.OLED_SetCursor) for OLED_SetCursor
    oled.o(i.OLED_ShowChineseChar) refers to oled.o(i.OLED_WriteData) for OLED_WriteData
    oled.o(i.OLED_ShowChineseChar) refers to oled.o(.constdata) for Hzk
    oled.o(i.OLED_ShowChineseString) refers to oled.o(i.OLED_ShowChineseChar) for OLED_ShowChineseChar
    oled.o(i.OLED_ShowHexNum) refers to oled.o(i.OLED_Pow) for OLED_Pow
    oled.o(i.OLED_ShowHexNum) refers to oled.o(i.OLED_ShowChar) for OLED_ShowChar
    oled.o(i.OLED_ShowNum) refers to oled.o(i.OLED_Pow) for OLED_Pow
    oled.o(i.OLED_ShowNum) refers to oled.o(i.OLED_ShowChar) for OLED_ShowChar
    oled.o(i.OLED_ShowSignedNum) refers to oled.o(i.OLED_ShowChar) for OLED_ShowChar
    oled.o(i.OLED_ShowSignedNum) refers to oled.o(i.OLED_Pow) for OLED_Pow
    oled.o(i.OLED_ShowString) refers to oled.o(i.OLED_ShowChar) for OLED_ShowChar
    oled.o(i.OLED_WriteCommand) refers to oled.o(i.OLED_I2C_Start) for OLED_I2C_Start
    oled.o(i.OLED_WriteCommand) refers to oled.o(i.OLED_I2C_SendByte) for OLED_I2C_SendByte
    oled.o(i.OLED_WriteCommand) refers to oled.o(i.OLED_I2C_Stop) for OLED_I2C_Stop
    oled.o(i.OLED_WriteData) refers to oled.o(i.OLED_I2C_Start) for OLED_I2C_Start
    oled.o(i.OLED_WriteData) refers to oled.o(i.OLED_I2C_SendByte) for OLED_I2C_SendByte
    oled.o(i.OLED_WriteData) refers to oled.o(i.OLED_I2C_Stop) for OLED_I2C_Stop
    ds18b20.o(i.DS18B20_Check) refers to ds18b20.o(i.DS18B20_IO_IN) for DS18B20_IO_IN
    ds18b20.o(i.DS18B20_Check) refers to delay.o(i.Delay_us) for Delay_us
    ds18b20.o(i.DS18B20_GetTemperture) refers to ds18b20.o(i.DS18B20_Start) for DS18B20_Start
    ds18b20.o(i.DS18B20_GetTemperture) refers to ds18b20.o(i.DS18B20_Reset) for DS18B20_Reset
    ds18b20.o(i.DS18B20_GetTemperture) refers to ds18b20.o(i.DS18B20_Check) for DS18B20_Check
    ds18b20.o(i.DS18B20_GetTemperture) refers to ds18b20.o(i.DS18B20_Write_Byte) for DS18B20_Write_Byte
    ds18b20.o(i.DS18B20_GetTemperture) refers to ds18b20.o(i.DS18B20_Read_Byte) for DS18B20_Read_Byte
    ds18b20.o(i.DS18B20_GetTemperture) refers to dflt_clz.o(x$fpl$dfltu) for __aeabi_ui2d
[...]
    defsig_pvfn_inner.o(.text) refers to defsig_general.o(.text) for __default_signal_display
    defsig_cppl_inner.o(.text) refers to defsig_general.o(.text) for __default_signal_display
    defsig_segv_inner.o(.text) refers to defsig_general.o(.text) for __default_signal_display
    defsig_other.o(.text) refers to defsig_general.o(.text) for __default_signal_display


==============================================================================

Removing Unused input sections from the image.

    Removing main.o(.rev16_text), (4 bytes).
    Removing main.o(.revsh_text), (4 bytes).
    Removing main.o(.rrx_text), (6 bytes).
    Removing oled.o(.rev16_text), (4 bytes).
    Removing oled.o(.revsh_text), (4 bytes).
    Removing oled.o(.rrx_text), (6 bytes).
    Removing oled.o(i.OLED_Pow), (20 bytes).
    Removing oled.o(i.OLED_ShowBinNum), (62 bytes).
    Removing oled.o(i.OLED_ShowHexNum), (84 bytes).
    Removing oled.o(i.OLED_ShowNum), (68 bytes).
    Removing oled.o(i.OLED_ShowSignedNum), (102 bytes).
    Removing ds18b20.o(.rev16_text), (4 bytes).
    Removing ds18b20.o(.revsh_text), (4 bytes).
    Removing ds18b20.o(.rrx_text), (6 bytes).
    Removing ds18b20.o(i.DS18B20_Check), (80 bytes).
    Removing ds18b20.o(i.DS18B20_GetTemperture), (128 bytes).
    Removing ds18b20.o(i.DS18B20_IO_IN), (32 bytes).
    Removing ds18b20.o(i.DS18B20_IO_OUT), (36 bytes).
    Removing ds18b20.o(i.DS18B20_Init), (64 bytes).
    Removing ds18b20.o(i.DS18B20_Read_Bit), (68 bytes).
    Removing ds18b20.o(i.DS18B20_Read_Byte), (34 bytes).
    Removing ds18b20.o(i.DS18B20_Reset), (44 bytes).
    Removing ds18b20.o(i.DS18B20_Start), (24 bytes).
    Removing ds18b20.o(i.DS18B20_Write_Byte), (92 bytes).
    Removing key.o(.rev16_text), (4 bytes).
    Removing key.o(.revsh_text), (4 bytes).
    Removing key.o(.rrx_text), (6 bytes).
    Removing key.o(i.Key_GetNum), (172 bytes).
    Removing key.o(i.Key_Init), (44 bytes).
    Removing led.o(.rev16_text), (4 bytes).
    Removing led.o(.revsh_text), (4 bytes).
    Removing led.o(.rrx_text), (6 bytes).
    Removing led.o(i.LED0_OFF), (20 bytes).
    Removing led.o(i.LED0_ON), (20 bytes).
    Removing led.o(i.LED0_Turn), (44 bytes).
    Removing lightsensor.o(.rev16_text), (4 bytes).
    Removing lightsensor.o(.revsh_text), (4 bytes).
    Removing lightsensor.o(.rrx_text), (6 bytes).
    Removing lightsensor.o(i.LightSensor_Get), (20 bytes).
    Removing lightsensor.o(i.LightSensor_Init), (44 bytes).
    Removing serial.o(.rev16_text), (4 bytes).
    Removing serial.o(.revsh_text), (4 bytes).
    Removing serial.o(.rrx_text), (6 bytes).
    Removing serial.o(i.Serial_Init), (184 bytes).
    Removing serial.o(i.Serial_Pow), (20 bytes).
    Removing serial.o(i.Serial_Printf), (36 bytes).
    Removing serial.o(i.Serial_SendArray), (26 bytes).
    Removing serial.o(i.Serial_SendByte), (32 bytes).
    Removing serial.o(i.Serial_SendNumber), (58 bytes).
    Removing serial.o(i.Serial_SendString), (26 bytes).
    Removing serial.o(i.fputc), (16 bytes).
    Removing tft.o(.rev16_text), (4 bytes).
    Removing tft.o(.revsh_text), (4 bytes).
    Removing tft.o(.rrx_text), (6 bytes).
    Removing tft.o(i.Draw_Circle), (136 bytes).
    Removing tft.o(i.LCD_DrawLine), (168 bytes).
    Removing tft.o(i.LCD_DrawPoint_big), (32 bytes).
    Removing tft.o(i.LCD_DrawRectangle), (64 bytes).
    Removing tft.o(i.LCD_Fill), (62 bytes).
    Removing tft.o(i.LCD_Show2Num), (74 bytes).
    Removing tft.o(i.LCD_ShowString), (60 bytes).
    Removing tft.o(i.LCD_WR_REG_DATA), (20 bytes).
    Removing delay.o(.rev16_text), (4 bytes).
    Removing delay.o(.revsh_text), (4 bytes).
    Removing delay.o(.rrx_text), (6 bytes).
    Removing delay.o(i.Delay_s), (24 bytes).
    Removing ch32f10x_adc.o(.rev16_text), (4 bytes).
    Removing ch32f10x_adc.o(.revsh_text), (4 bytes).
    Removing ch32f10x_adc.o(.rrx_text), (6 bytes).
    Removing ch32f10x_adc.o(i.ADC_AnalogWatchdogCmd), (20 bytes).
    Removing ch32f10x_adc.o(i.ADC_AnalogWatchdogSingleChannelConfig), (16 bytes).
    Removing ch32f10x_adc.o(i.ADC_AnalogWatchdogThresholdsConfig), (6 bytes).
    Removing ch32f10x_adc.o(i.ADC_AutoInjectedConvCmd), (22 bytes).
    Removing ch32f10x_adc.o(i.ADC_ClearFlag), (6 bytes).
    Removing ch32f10x_adc.o(i.ADC_ClearITPendingBit), (10 bytes).
    Removing ch32f10x_adc.o(i.ADC_Cmd), (22 bytes).
    Removing ch32f10x_adc.o(i.ADC_DMACmd), (22 bytes).
    Removing ch32f10x_adc.o(i.ADC_DeInit), (32 bytes).
    Removing ch32f10x_adc.o(i.ADC_DiscModeChannelCountConfig), (24 bytes).
    Removing ch32f10x_adc.o(i.ADC_DiscModeCmd), (22 bytes).
    Removing ch32f10x_adc.o(i.ADC_ExternalTrigConvCmd), (22 bytes).
    Removing ch32f10x_adc.o(i.ADC_ExternalTrigInjectedConvCmd), (22 bytes).
    Removing ch32f10x_adc.o(i.ADC_ExternalTrigInjectedConvConfig), (16 bytes).
    Removing ch32f10x_adc.o(i.ADC_GetCalibrationStatus), (20 bytes).
    Removing ch32f10x_adc.o(i.ADC_GetConversionValue), (8 bytes).
    Removing ch32f10x_adc.o(i.ADC_GetDualModeConversionValue), (12 bytes).
    Removing ch32f10x_adc.o(i.ADC_GetFlagStatus), (18 bytes).
    Removing ch32f10x_adc.o(i.ADC_GetITStatus), (36 bytes).
    Removing ch32f10x_adc.o(i.ADC_GetInjectedConversionValue), (28 bytes).
    Removing ch32f10x_adc.o(i.ADC_GetResetCalibrationStatus), (20 bytes).
    Removing ch32f10x_adc.o(i.ADC_GetSoftwareStartConvStatus), (20 bytes).
    Removing ch32f10x_adc.o(i.ADC_GetSoftwareStartInjectedConvCmdStatus), (20 bytes).
    Removing ch32f10x_adc.o(i.ADC_ITConfig), (24 bytes).
    Removing ch32f10x_adc.o(i.ADC_Init), (80 bytes).
    Removing ch32f10x_adc.o(i.ADC_InjectedChannelConfig), (130 bytes).
    Removing ch32f10x_adc.o(i.ADC_InjectedDiscModeCmd), (22 bytes).
    Removing ch32f10x_adc.o(i.ADC_InjectedSequencerLengthConfig), (24 bytes).
    Removing ch32f10x_adc.o(i.ADC_RegularChannelConfig), (184 bytes).
    Removing ch32f10x_adc.o(i.ADC_ResetCalibration), (10 bytes).
    Removing ch32f10x_adc.o(i.ADC_SetInjectedOffset), (20 bytes).
    Removing ch32f10x_adc.o(i.ADC_SoftwareStartConvCmd), (22 bytes).
    Removing ch32f10x_adc.o(i.ADC_SoftwareStartInjectedConvCmd), (22 bytes).
    Removing ch32f10x_adc.o(i.ADC_StartCalibration), (10 bytes).
    Removing ch32f10x_adc.o(i.ADC_StructInit), (18 bytes).
    Removing ch32f10x_adc.o(i.ADC_TempSensorVrefintCmd), (36 bytes).
    Removing ch32f10x_can.o(.rev16_text), (4 bytes).
    Removing ch32f10x_can.o(.revsh_text), (4 bytes).
    Removing ch32f10x_can.o(.rrx_text), (6 bytes).
    Removing ch32f10x_can.o(i.CAN_CancelTransmit), (48 bytes).
    Removing ch32f10x_can.o(i.CAN_ClearFlag), (56 bytes).
    Removing ch32f10x_can.o(i.CAN_ClearITPendingBit), (168 bytes).
    Removing ch32f10x_can.o(i.CAN_DBGFreeze), (22 bytes).
    Removing ch32f10x_can.o(i.CAN_DeInit), (36 bytes).
    Removing ch32f10x_can.o(i.CAN_FIFORelease), (22 bytes).
    Removing ch32f10x_can.o(i.CAN_FilterInit), (264 bytes).
    Removing ch32f10x_can.o(i.CAN_GetFlagStatus), (120 bytes).
    Removing ch32f10x_can.o(i.CAN_GetITStatus), (288 bytes).
    Removing ch32f10x_can.o(i.CAN_GetLSBTransmitErrorCounter), (12 bytes).
    Removing ch32f10x_can.o(i.CAN_GetLastErrorCode), (12 bytes).
    Removing ch32f10x_can.o(i.CAN_GetReceiveErrorCounter), (10 bytes).
    Removing ch32f10x_can.o(i.CAN_ITConfig), (18 bytes).
    Removing ch32f10x_can.o(i.CAN_Init), (276 bytes).
    Removing ch32f10x_can.o(i.CAN_MessagePending), (30 bytes).
    Removing ch32f10x_can.o(i.CAN_OperatingModeRequest), (162 bytes).
    Removing ch32f10x_can.o(i.CAN_Receive), (240 bytes).
    Removing ch32f10x_can.o(i.CAN_SlaveStartBank), (52 bytes).
    Removing ch32f10x_can.o(i.CAN_Sleep), (30 bytes).
    Removing ch32f10x_can.o(i.CAN_StructInit), (32 bytes).
    Removing ch32f10x_can.o(i.CAN_TTComModeCmd), (118 bytes).
    Removing ch32f10x_can.o(i.CAN_Transmit), (294 bytes).
    Removing ch32f10x_can.o(i.CAN_TransmitStatus), (160 bytes).
    Removing ch32f10x_can.o(i.CAN_WakeUp), (48 bytes).
    Removing ch32f10x_can.o(i.CheckITStatus), (18 bytes).
    Removing ch32f10x_dma.o(.rev16_text), (4 bytes).
    Removing ch32f10x_dma.o(.revsh_text), (4 bytes).
    Removing ch32f10x_dma.o(.rrx_text), (6 bytes).
    Removing ch32f10x_dma.o(i.DMA_ClearFlag), (28 bytes).
    Removing ch32f10x_dma.o(i.DMA_ClearITPendingBit), (28 bytes).
    Removing ch32f10x_dma.o(i.DMA_Cmd), (24 bytes).
    Removing ch32f10x_dma.o(i.DMA_DeInit), (332 bytes).
    Removing ch32f10x_dma.o(i.DMA_GetCurrDataCounter), (8 bytes).
    Removing ch32f10x_dma.o(i.DMA_GetFlagStatus), (44 bytes).
    Removing ch32f10x_dma.o(i.DMA_GetITStatus), (44 bytes).
    Removing ch32f10x_dma.o(i.DMA_ITConfig), (18 bytes).
    Removing ch32f10x_dma.o(i.DMA_Init), (60 bytes).
    Removing ch32f10x_dma.o(i.DMA_SetCurrDataCounter), (4 bytes).
    Removing ch32f10x_dma.o(i.DMA_StructInit), (26 bytes).
    Removing ch32f10x_exti.o(.rev16_text), (4 bytes).
    Removing ch32f10x_exti.o(.revsh_text), (4 bytes).
    Removing ch32f10x_exti.o(.rrx_text), (6 bytes).
    Removing ch32f10x_exti.o(i.EXTI_ClearFlag), (12 bytes).
    Removing ch32f10x_exti.o(i.EXTI_ClearITPendingBit), (12 bytes).
    Removing ch32f10x_exti.o(i.EXTI_DeInit), (36 bytes).
    Removing ch32f10x_exti.o(i.EXTI_GenerateSWInterrupt), (16 bytes).
    Removing ch32f10x_exti.o(i.EXTI_GetFlagStatus), (24 bytes).
    Removing ch32f10x_exti.o(i.EXTI_GetITStatus), (40 bytes).
    Removing ch32f10x_exti.o(i.EXTI_Init), (148 bytes).
    Removing ch32f10x_exti.o(i.EXTI_StructInit), (16 bytes).
    Removing ch32f10x_gpio.o(.rev16_text), (4 bytes).
    Removing ch32f10x_gpio.o(.revsh_text), (4 bytes).
    Removing ch32f10x_gpio.o(.rrx_text), (6 bytes).
    Removing ch32f10x_gpio.o(i.GPIO_AFIODeInit), (20 bytes).
    Removing ch32f10x_gpio.o(i.GPIO_DeInit), (200 bytes).
    Removing ch32f10x_gpio.o(i.GPIO_EXTILineConfig), (64 bytes).
    Removing ch32f10x_gpio.o(i.GPIO_EventOutputCmd), (12 bytes).
    Removing ch32f10x_gpio.o(i.GPIO_EventOutputConfig), (32 bytes).
    Removing ch32f10x_gpio.o(i.GPIO_PinLockConfig), (18 bytes).
    Removing ch32f10x_gpio.o(i.GPIO_PinRemapConfig), (144 bytes).
    Removing ch32f10x_gpio.o(i.GPIO_ReadInputData), (8 bytes).
    Removing ch32f10x_gpio.o(i.GPIO_ReadInputDataBit), (18 bytes).
    Removing ch32f10x_gpio.o(i.GPIO_ReadOutputData), (8 bytes).
    Removing ch32f10x_gpio.o(i.GPIO_ReadOutputDataBit), (18 bytes).
    Removing ch32f10x_gpio.o(i.GPIO_StructInit), (16 bytes).
    Removing ch32f10x_gpio.o(i.GPIO_Write), (4 bytes).
    Removing ch32f10x_i2c.o(.rev16_text), (4 bytes).
    Removing ch32f10x_i2c.o(.revsh_text), (4 bytes).
    Removing ch32f10x_i2c.o(.rrx_text), (6 bytes).
    Removing ch32f10x_i2c.o(i.I2C_ARPCmd), (24 bytes).
    Removing ch32f10x_i2c.o(i.I2C_AcknowledgeConfig), (24 bytes).
    Removing ch32f10x_i2c.o(i.I2C_CalculatePEC), (24 bytes).
    Removing ch32f10x_i2c.o(i.I2C_CheckEvent), (42 bytes).
    Removing ch32f10x_i2c.o(i.I2C_ClearFlag), (12 bytes).
    Removing ch32f10x_i2c.o(i.I2C_ClearITPendingBit), (12 bytes).
    Removing ch32f10x_i2c.o(i.I2C_Cmd), (24 bytes).
    Removing ch32f10x_i2c.o(i.I2C_DMACmd), (24 bytes).
    Removing ch32f10x_i2c.o(i.I2C_DMALastTransferCmd), (24 bytes).
    Removing ch32f10x_i2c.o(i.I2C_DeInit), (56 bytes).
    Removing ch32f10x_i2c.o(i.I2C_DualAddressCmd), (24 bytes).
    Removing ch32f10x_i2c.o(i.I2C_FastModeDutyCycleConfig), (28 bytes).
    Removing ch32f10x_i2c.o(i.I2C_GeneralCallCmd), (24 bytes).
    Removing ch32f10x_i2c.o(i.I2C_GenerateSTART), (24 bytes).
    Removing ch32f10x_i2c.o(i.I2C_GenerateSTOP), (24 bytes).
    Removing ch32f10x_i2c.o(i.I2C_GetFlagStatus), (58 bytes).
    Removing ch32f10x_i2c.o(i.I2C_GetITStatus), (38 bytes).
    Removing ch32f10x_i2c.o(i.I2C_GetLastEvent), (26 bytes).
    Removing ch32f10x_i2c.o(i.I2C_GetPEC), (8 bytes).
    Removing ch32f10x_i2c.o(i.I2C_ITConfig), (18 bytes).
    Removing ch32f10x_i2c.o(i.I2C_Init), (236 bytes).
    Removing ch32f10x_i2c.o(i.I2C_NACKPositionConfig), (28 bytes).
    Removing ch32f10x_i2c.o(i.I2C_OwnAddress2Config), (22 bytes).
    Removing ch32f10x_i2c.o(i.I2C_PECPositionConfig), (28 bytes).
    Removing ch32f10x_i2c.o(i.I2C_ReadRegister), (22 bytes).
    Removing ch32f10x_i2c.o(i.I2C_ReceiveData), (8 bytes).
    Removing ch32f10x_i2c.o(i.I2C_SMBusAlertConfig), (28 bytes).
    Removing ch32f10x_i2c.o(i.I2C_Send7bitAddress), (18 bytes).
    Removing ch32f10x_i2c.o(i.I2C_SendData), (4 bytes).
    Removing ch32f10x_i2c.o(i.I2C_SoftwareResetCmd), (22 bytes).
    Removing ch32f10x_i2c.o(i.I2C_StretchClockCmd), (24 bytes).
    Removing ch32f10x_i2c.o(i.I2C_StructInit), (30 bytes).
    Removing ch32f10x_i2c.o(i.I2C_TransmitPEC), (24 bytes).
    Removing ch32f10x_misc.o(.rev16_text), (4 bytes).
    Removing ch32f10x_misc.o(.revsh_text), (4 bytes).
    Removing ch32f10x_misc.o(.rrx_text), (6 bytes).
    Removing ch32f10x_misc.o(i.NVIC_Init), (112 bytes).
    Removing ch32f10x_misc.o(i.NVIC_PriorityGroupConfig), (20 bytes).
    Removing ch32f10x_misc.o(i.NVIC_SetVectorTable), (20 bytes).
    Removing ch32f10x_misc.o(i.NVIC_SystemLPConfig), (32 bytes).
    Removing ch32f10x_misc.o(i.SysTick_CLKSourceConfig), (40 bytes).
    Removing ch32f10x_rcc.o(.rev16_text), (4 bytes).
    Removing ch32f10x_rcc.o(.revsh_text), (4 bytes).
    Removing ch32f10x_rcc.o(.rrx_text), (6 bytes).
    Removing ch32f10x_rcc.o(i.RCC_ADCCLKConfig), (24 bytes).
    Removing ch32f10x_rcc.o(i.RCC_AHBPeriphClockCmd), (32 bytes).
    Removing ch32f10x_rcc.o(i.RCC_APB1PeriphClockCmd), (32 bytes).
    Removing ch32f10x_rcc.o(i.RCC_APB1PeriphResetCmd), (32 bytes).
    Removing ch32f10x_rcc.o(i.RCC_APB2PeriphResetCmd), (32 bytes).
    Removing ch32f10x_rcc.o(i.RCC_AdjustHSICalibrationValue), (24 bytes).
    Removing ch32f10x_rcc.o(i.RCC_BackupResetCmd), (12 bytes).
    Removing ch32f10x_rcc.o(i.RCC_ClearFlag), (20 bytes).
    Removing ch32f10x_rcc.o(i.RCC_ClearITPendingBit), (12 bytes).
    Removing ch32f10x_rcc.o(i.RCC_ClockSecuritySystemCmd), (12 bytes).
    Removing ch32f10x_rcc.o(i.RCC_DeInit), (76 bytes).
    Removing ch32f10x_rcc.o(i.RCC_GetClocksFreq), (212 bytes).
    Removing ch32f10x_rcc.o(i.RCC_GetFlagStatus), (60 bytes).
    Removing ch32f10x_rcc.o(i.RCC_GetITStatus), (24 bytes).
    Removing ch32f10x_rcc.o(i.RCC_GetSYSCLKSource), (16 bytes).
    Removing ch32f10x_rcc.o(i.RCC_HCLKConfig), (24 bytes).
    Removing ch32f10x_rcc.o(i.RCC_HSEConfig), (76 bytes).
    Removing ch32f10x_rcc.o(i.RCC_HSICmd), (12 bytes).
    Removing ch32f10x_rcc.o(i.RCC_ITConfig), (32 bytes).
    Removing ch32f10x_rcc.o(i.RCC_LSEConfig), (52 bytes).
    Removing ch32f10x_rcc.o(i.RCC_LSICmd), (12 bytes).
    Removing ch32f10x_rcc.o(i.RCC_MCOConfig), (12 bytes).
    Removing ch32f10x_rcc.o(i.RCC_PCLK1Config), (24 bytes).
    Removing ch32f10x_rcc.o(i.RCC_PCLK2Config), (24 bytes).
    Removing ch32f10x_rcc.o(i.RCC_PLLCmd), (12 bytes).
    Removing ch32f10x_rcc.o(i.RCC_PLLConfig), (28 bytes).
    Removing ch32f10x_rcc.o(i.RCC_RTCCLKCmd), (12 bytes).
    Removing ch32f10x_rcc.o(i.RCC_RTCCLKConfig), (16 bytes).
    Removing ch32f10x_rcc.o(i.RCC_SYSCLKConfig), (24 bytes).
    Removing ch32f10x_rcc.o(i.RCC_USBCLKConfig), (12 bytes).
    Removing ch32f10x_rcc.o(i.RCC_WaitForHSEStartUp), (56 bytes).
    Removing ch32f10x_rcc.o(.data), (20 bytes).
    Removing ch32f10x_spi.o(.rev16_text), (4 bytes).
    Removing ch32f10x_spi.o(.revsh_text), (4 bytes).
    Removing ch32f10x_spi.o(.rrx_text), (6 bytes).
    Removing ch32f10x_spi.o(i.I2S_Cmd), (24 bytes).
    Removing ch32f10x_spi.o(i.I2S_Init), (232 bytes).
    Removing ch32f10x_spi.o(i.I2S_StructInit), (20 bytes).
    Removing ch32f10x_spi.o(i.SPI_BiDirectionalLineConfig), (28 bytes).
    Removing ch32f10x_spi.o(i.SPI_CalculateCRC), (24 bytes).
    Removing ch32f10x_spi.o(i.SPI_Cmd), (24 bytes).
    Removing ch32f10x_spi.o(i.SPI_DataSizeConfig), (18 bytes).
    Removing ch32f10x_spi.o(i.SPI_GetCRC), (16 bytes).
    Removing ch32f10x_spi.o(i.SPI_GetCRCPolynomial), (6 bytes).
    Removing ch32f10x_spi.o(i.SPI_I2S_ClearFlag), (6 bytes).
    Removing ch32f10x_spi.o(i.SPI_I2S_ClearITPendingBit), (20 bytes).
    Removing ch32f10x_spi.o(i.SPI_I2S_DMACmd), (18 bytes).
    Removing ch32f10x_spi.o(i.SPI_I2S_DeInit), (88 bytes).
    Removing ch32f10x_spi.o(i.SPI_I2S_GetFlagStatus), (18 bytes).
    Removing ch32f10x_spi.o(i.SPI_I2S_GetITStatus), (52 bytes).
    Removing ch32f10x_spi.o(i.SPI_I2S_ITConfig), (32 bytes).
    Removing ch32f10x_spi.o(i.SPI_I2S_ReceiveData), (6 bytes).
    Removing ch32f10x_spi.o(i.SPI_I2S_SendData), (4 bytes).
    Removing ch32f10x_spi.o(i.SPI_Init), (60 bytes).
    Removing ch32f10x_spi.o(i.SPI_NSSInternalSoftwareConfig), (30 bytes).
    Removing ch32f10x_spi.o(i.SPI_SSOutputCmd), (24 bytes).
    Removing ch32f10x_spi.o(i.SPI_StructInit), (22 bytes).
    Removing ch32f10x_spi.o(i.SPI_TransmitCRC), (10 bytes).
    Removing ch32f10x_tim.o(.rev16_text), (4 bytes).
    Removing ch32f10x_tim.o(.revsh_text), (4 bytes).
    Removing ch32f10x_tim.o(.rrx_text), (6 bytes).
    Removing ch32f10x_tim.o(i.TI1_Config), (108 bytes).
    Removing ch32f10x_tim.o(i.TI2_Config), (132 bytes).
    Removing ch32f10x_tim.o(i.TI3_Config), (124 bytes).
    Removing ch32f10x_tim.o(i.TI4_Config), (132 bytes).
    Removing ch32f10x_tim.o(i.TIM_ARRPreloadConfig), (24 bytes).
    Removing ch32f10x_tim.o(i.TIM_BDTRConfig), (32 bytes).
    Removing ch32f10x_tim.o(i.TIM_BDTRStructInit), (18 bytes).
    Removing ch32f10x_tim.o(i.TIM_CCPreloadControl), (24 bytes).
    Removing ch32f10x_tim.o(i.TIM_CCxCmd), (30 bytes).
    Removing ch32f10x_tim.o(i.TIM_CCxNCmd), (30 bytes).
    Removing ch32f10x_tim.o(i.TIM_ClearFlag), (6 bytes).
    Removing ch32f10x_tim.o(i.TIM_ClearITPendingBit), (6 bytes).
    Removing ch32f10x_tim.o(i.TIM_ClearOC1Ref), (18 bytes).
    Removing ch32f10x_tim.o(i.TIM_ClearOC2Ref), (24 bytes).
    Removing ch32f10x_tim.o(i.TIM_ClearOC3Ref), (18 bytes).
    Removing ch32f10x_tim.o(i.TIM_ClearOC4Ref), (24 bytes).
    Removing ch32f10x_tim.o(i.TIM_Cmd), (24 bytes).
    Removing ch32f10x_tim.o(i.TIM_CounterModeConfig), (18 bytes).
    Removing ch32f10x_tim.o(i.TIM_CtrlPWMOutputs), (30 bytes).
    Removing ch32f10x_tim.o(i.TIM_DMACmd), (18 bytes).
    Removing ch32f10x_tim.o(i.TIM_DMAConfig), (10 bytes).
    Removing ch32f10x_tim.o(i.TIM_DeInit), (112 bytes).
    Removing ch32f10x_tim.o(i.TIM_ETRClockMode1Config), (54 bytes).
    Removing ch32f10x_tim.o(i.TIM_ETRClockMode2Config), (32 bytes).
    Removing ch32f10x_tim.o(i.TIM_ETRConfig), (28 bytes).
    Removing ch32f10x_tim.o(i.TIM_EncoderInterfaceConfig), (66 bytes).
    Removing ch32f10x_tim.o(i.TIM_ForcedOC1Config), (18 bytes).
    Removing ch32f10x_tim.o(i.TIM_ForcedOC2Config), (26 bytes).
    Removing ch32f10x_tim.o(i.TIM_ForcedOC3Config), (18 bytes).
    Removing ch32f10x_tim.o(i.TIM_ForcedOC4Config), (26 bytes).
    Removing ch32f10x_tim.o(i.TIM_GenerateEvent), (4 bytes).
    Removing ch32f10x_tim.o(i.TIM_GetCapture1), (6 bytes).
    Removing ch32f10x_tim.o(i.TIM_GetCapture2), (6 bytes).
    Removing ch32f10x_tim.o(i.TIM_GetCapture3), (6 bytes).
    Removing ch32f10x_tim.o(i.TIM_GetCapture4), (8 bytes).
    Removing ch32f10x_tim.o(i.TIM_GetCounter), (6 bytes).
    Removing ch32f10x_tim.o(i.TIM_GetFlagStatus), (18 bytes).
    Removing ch32f10x_tim.o(i.TIM_GetITStatus), (34 bytes).
    Removing ch32f10x_tim.o(i.TIM_GetPrescaler), (6 bytes).
    Removing ch32f10x_tim.o(i.TIM_ICInit), (110 bytes).
    Removing ch32f10x_tim.o(i.TIM_ICStructInit), (18 bytes).
    Removing ch32f10x_tim.o(i.TIM_ITConfig), (18 bytes).
    Removing ch32f10x_tim.o(i.TIM_ITRxExternalClockConfig), (24 bytes).
    Removing ch32f10x_tim.o(i.TIM_InternalClockConfig), (12 bytes).
    Removing ch32f10x_tim.o(i.TIM_OC1FastConfig), (18 bytes).
    Removing ch32f10x_tim.o(i.TIM_OC1Init), (108 bytes).
    Removing ch32f10x_tim.o(i.TIM_OC1NPolarityConfig), (18 bytes).
    Removing ch32f10x_tim.o(i.TIM_OC1PolarityConfig), (18 bytes).
    Removing ch32f10x_tim.o(i.TIM_OC1PreloadConfig), (18 bytes).
    Removing ch32f10x_tim.o(i.TIM_OC2FastConfig), (26 bytes).
    Removing ch32f10x_tim.o(i.TIM_OC2Init), (148 bytes).
    Removing ch32f10x_tim.o(i.TIM_OC2NPolarityConfig), (26 bytes).
    Removing ch32f10x_tim.o(i.TIM_OC2PolarityConfig), (26 bytes).
    Removing ch32f10x_tim.o(i.TIM_OC2PreloadConfig), (26 bytes).
    Removing ch32f10x_tim.o(i.TIM_OC3FastConfig), (18 bytes).
    Removing ch32f10x_tim.o(i.TIM_OC3Init), (144 bytes).
    Removing ch32f10x_tim.o(i.TIM_OC3NPolarityConfig), (26 bytes).
    Removing ch32f10x_tim.o(i.TIM_OC3PolarityConfig), (26 bytes).
    Removing ch32f10x_tim.o(i.TIM_OC3PreloadConfig), (18 bytes).
    Removing ch32f10x_tim.o(i.TIM_OC4FastConfig), (26 bytes).
    Removing ch32f10x_tim.o(i.TIM_OC4Init), (108 bytes).
    Removing ch32f10x_tim.o(i.TIM_OC4PolarityConfig), (26 bytes).
    Removing ch32f10x_tim.o(i.TIM_OC4PreloadConfig), (26 bytes).
    Removing ch32f10x_tim.o(i.TIM_OCStructInit), (20 bytes).
    Removing ch32f10x_tim.o(i.TIM_PWMIConfig), (124 bytes).
    Removing ch32f10x_tim.o(i.TIM_PrescalerConfig), (6 bytes).
    Removing ch32f10x_tim.o(i.TIM_SelectCCDMA), (24 bytes).
    Removing ch32f10x_tim.o(i.TIM_SelectCOM), (24 bytes).
    Removing ch32f10x_tim.o(i.TIM_SelectHallSensor), (24 bytes).
    Removing ch32f10x_tim.o(i.TIM_SelectInputTrigger), (18 bytes).
    Removing ch32f10x_tim.o(i.TIM_SelectMasterSlaveMode), (18 bytes).
    Removing ch32f10x_tim.o(i.TIM_SelectOCxM), (82 bytes).
    Removing ch32f10x_tim.o(i.TIM_SelectOnePulseMode), (18 bytes).
    Removing ch32f10x_tim.o(i.TIM_SelectOutputTrigger), (18 bytes).
    Removing ch32f10x_tim.o(i.TIM_SelectSlaveMode), (18 bytes).
    Removing ch32f10x_tim.o(i.TIM_SetAutoreload), (4 bytes).
    Removing ch32f10x_tim.o(i.TIM_SetClockDivision), (18 bytes).
    Removing ch32f10x_tim.o(i.TIM_SetCompare1), (4 bytes).
    Removing ch32f10x_tim.o(i.TIM_SetCompare2), (4 bytes).
    Removing ch32f10x_tim.o(i.TIM_SetCompare3), (4 bytes).
    Removing ch32f10x_tim.o(i.TIM_SetCompare4), (6 bytes).
    Removing ch32f10x_tim.o(i.TIM_SetCounter), (4 bytes).
    Removing ch32f10x_tim.o(i.TIM_SetIC1Prescaler), (18 bytes).
    Removing ch32f10x_tim.o(i.TIM_SetIC2Prescaler), (26 bytes).
    Removing ch32f10x_tim.o(i.TIM_SetIC3Prescaler), (18 bytes).
    Removing ch32f10x_tim.o(i.TIM_SetIC4Prescaler), (26 bytes).
    Removing ch32f10x_tim.o(i.TIM_TIxExternalClockConfig), (62 bytes).
    Removing ch32f10x_tim.o(i.TIM_TimeBaseInit), (76 bytes).
    Removing ch32f10x_tim.o(i.TIM_TimeBaseStructInit), (18 bytes).
    Removing ch32f10x_tim.o(i.TIM_UpdateDisableConfig), (24 bytes).
    Removing ch32f10x_tim.o(i.TIM_UpdateRequestConfig), (24 bytes).
    Removing ch32f10x_usart.o(.rev16_text), (4 bytes).
    Removing ch32f10x_usart.o(.revsh_text), (4 bytes).
    Removing ch32f10x_usart.o(.rrx_text), (6 bytes).
    Removing ch32f10x_usart.o(i.USART_ClearFlag), (6 bytes).
    Removing ch32f10x_usart.o(i.USART_ClockInit), (34 bytes).
    Removing ch32f10x_usart.o(i.USART_ClockStructInit), (12 bytes).
    Removing ch32f10x_usart.o(i.USART_Cmd), (24 bytes).
    Removing ch32f10x_usart.o(i.USART_DMACmd), (18 bytes).
    Removing ch32f10x_usart.o(i.USART_DeInit), (156 bytes).
    Removing ch32f10x_usart.o(i.USART_GetFlagStatus), (18 bytes).
    Removing ch32f10x_usart.o(i.USART_HalfDuplexCmd), (24 bytes).
    Removing ch32f10x_usart.o(i.USART_ITConfig), (64 bytes).
    Removing ch32f10x_usart.o(i.USART_Init), (208 bytes).
    Removing ch32f10x_usart.o(i.USART_IrDACmd), (24 bytes).
    Removing ch32f10x_usart.o(i.USART_IrDAConfig), (18 bytes).
    Removing ch32f10x_usart.o(i.USART_LINBreakDetectLengthConfig), (18 bytes).
    Removing ch32f10x_usart.o(i.USART_LINCmd), (24 bytes).
    Removing ch32f10x_usart.o(i.USART_OneBitMethodCmd), (24 bytes).
    Removing ch32f10x_usart.o(i.USART_OverSampling8Cmd), (22 bytes).
    Removing ch32f10x_usart.o(i.USART_ReceiverWakeUpCmd), (24 bytes).
    Removing ch32f10x_usart.o(i.USART_SendBreak), (10 bytes).
    Removing ch32f10x_usart.o(i.USART_SendData), (8 bytes).
    Removing ch32f10x_usart.o(i.USART_SetAddress), (18 bytes).
    Removing ch32f10x_usart.o(i.USART_SetGuardTime), (16 bytes).
    Removing ch32f10x_usart.o(i.USART_SetPrescaler), (16 bytes).
    Removing ch32f10x_usart.o(i.USART_SmartCardCmd), (24 bytes).
    Removing ch32f10x_usart.o(i.USART_SmartCardNACKCmd), (24 bytes).
    Removing ch32f10x_usart.o(i.USART_StructInit), (24 bytes).
    Removing ch32f10x_usart.o(i.USART_WakeUpConfig), (18 bytes).
    Removing system_ch32f10x.o(.rev16_text), (4 bytes).
    Removing system_ch32f10x.o(.revsh_text), (4 bytes).
    Removing system_ch32f10x.o(.rrx_text), (6 bytes).
    Removing system_ch32f10x.o(i.SystemCoreClockUpdate), (164 bytes).
    Removing system_ch32f10x.o(.data), (20 bytes).

407 unused section(s) (total 14950 bytes) removed from the image.

==============================================================================

Image Symbol Table

    Local Symbols

    Symbol Name                              Value     Ov Type        Size  Object(Section)

    ../clib/angel/boardlib.s                 0x00000000   Number         0  boardshut.o ABSOLUTE
    ../clib/angel/boardlib.s                 0x00000000   Number         0  boardinit3.o ABSOLUTE
    ../clib/angel/boardlib.s                 0x00000000   Number         0  boardinit2.o ABSOLUTE
    ../clib/angel/boardlib.s                 0x00000000   Number         0  boardinit1.o ABSOLUTE
    ../clib/angel/dczerorl2.s                0x00000000   Number         0  __dczerorl2.o ABSOLUTE
    ../clib/angel/handlers.s                 0x00000000   Number         0  __scatter_zi.o ABSOLUTE
    ../clib/angel/kernel.s                   0x00000000   Number         0  rtexit2.o ABSOLUTE
    ../clib/angel/kernel.s                   0x00000000   Number         0  rtexit.o ABSOLUTE
    ../clib/angel/kernel.s                   0x00000000   Number         0  __rtentry4.o ABSOLUTE
    ../clib/angel/kernel.s                   0x00000000   Number         0  __rtentry.o ABSOLUTE
    ../clib/angel/kernel.s                   0x00000000   Number         0  __rtentry2.o ABSOLUTE
    ../clib/angel/rt.s                       0x00000000   Number         0  rt_locale_intlibspace.o ABSOLUTE
    ../clib/angel/rt.s                       0x00000000   Number         0  rt_locale.o ABSOLUTE
    ../clib/angel/rt.s                       0x00000000   Number         0  rt_ctype_table.o ABSOLUTE
    ../clib/angel/rt.s                       0x00000000   Number         0  rt_raise.o ABSOLUTE
    ../clib/angel/scatter.s                  0x00000000   Number         0  __scatter.o ABSOLUTE
    ../clib/angel/startup.s                  0x00000000   Number         0  __main.o ABSOLUTE
    ../clib/angel/sys.s                      0x00000000   Number         0  libspace.o ABSOLUTE
    ../clib/angel/sys.s                      0x00000000   Number         0  sys_stackheap_outer.o ABSOLUTE
    ../clib/angel/sys.s                      0x00000000   Number         0  indicate_semi.o ABSOLUTE
    ../clib/angel/sys.s                      0x00000000   Number         0  use_no_semi.o ABSOLUTE
    ../clib/angel/sysapp.c                   0x00000000   Number         0  sys_exit.o ABSOLUTE
    ../clib/angel/sysapp.c                   0x00000000   Number         0  sys_command.o ABSOLUTE
    ../clib/angel/sysapp.c                   0x00000000   Number         0  sys_wrch.o ABSOLUTE
    ../clib/armsys.c                         0x00000000   Number         0  argv_veneer.o ABSOLUTE
    ../clib/armsys.c                         0x00000000   Number         0  argv_veneer.o ABSOLUTE
    ../clib/armsys.c                         0x00000000   Number         0  no_argv.o ABSOLUTE
    ../clib/armsys.c                         0x00000000   Number         0  _get_argv_nomalloc.o ABSOLUTE
    ../clib/bigflt.c                         0x00000000   Number         0  bigflt0.o ABSOLUTE
    ../clib/btod.s                           0x00000000   Number         0  btod.o ABSOLUTE
    ../clib/heapalloc.c                      0x00000000   Number         0  hrguard.o ABSOLUTE
    ../clib/heapaux.c                        0x00000000   Number         0  heapauxi.o ABSOLUTE
    ../clib/libinit.s                        0x00000000   Number         0  libinit2.o ABSOLUTE
    ../clib/libinit.s                        0x00000000   Number         0  libinit.o ABSOLUTE
    ../clib/libinit.s                        0x00000000   Number         0  libshutdown.o ABSOLUTE
    ../clib/libinit.s                        0x00000000   Number         0  libshutdown2.o ABSOLUTE
    ../clib/locale.c                         0x00000000   Number         0  _wcrtomb.o ABSOLUTE
    ../clib/locale.s                         0x00000000   Number         0  lc_numeric_c.o ABSOLUTE
    ../clib/locale.s                         0x00000000   Number         0  lc_ctype_c.o ABSOLUTE
    ../clib/longlong.s                       0x00000000   Number         0  lludiv10.o ABSOLUTE
    ../clib/memcpset.s                       0x00000000   Number         0  strcmpv7m.o ABSOLUTE
    ../clib/misc.s                           0x00000000   Number         0  printf_stubs.o ABSOLUTE
    ../clib/printf.c                         0x00000000   Number         0  _printf_hex_ptr.o ABSOLUTE
    ../clib/printf.c                         0x00000000   Number         0  _printf_hex_int_ptr.o ABSOLUTE
    ../clib/printf.c                         0x00000000   Number         0  _printf_hex_ll_ptr.o ABSOLUTE
    ../clib/printf.c                         0x00000000   Number         0  _printf_wchar.o ABSOLUTE
    ../clib/printf.c                         0x00000000   Number         0  _printf_fp_dec.o ABSOLUTE
    ../clib/printf.c                         0x00000000   Number         0  _printf_intcommon.o ABSOLUTE
    ../clib/printf.c                         0x00000000   Number         0  _printf_pad.o ABSOLUTE
    ../clib/printf.c                         0x00000000   Number         0  _printf_truncate.o ABSOLUTE
    ../clib/printf.c                         0x00000000   Number         0  _printf_str.o ABSOLUTE
    ../clib/printf.c                         0x00000000   Number         0  __printf_flags_ss_wp.o ABSOLUTE
    ../clib/printf.c                         0x00000000   Number         0  __printf.o ABSOLUTE
    ../clib/printf.c                         0x00000000   Number         0  _printf_hex_int_ll_ptr.o ABSOLUTE
    ../clib/printf.c                         0x00000000   Number         0  __printf_flags.o ABSOLUTE
    ../clib/printf.c                         0x00000000   Number         0  __printf_ss.o ABSOLUTE
    ../clib/printf.c                         0x00000000   Number         0  vsprintf.o ABSOLUTE
    ../clib/printf.c                         0x00000000   Number         0  _printf_fp_hex.o ABSOLUTE
    ../clib/printf.c                         0x00000000   Number         0  _printf_dec.o ABSOLUTE
    ../clib/printf.c                         0x00000000   Number         0  __printf_flags_ss.o ABSOLUTE
    ../clib/printf.c                         0x00000000   Number         0  __printf_wp.o ABSOLUTE
    ../clib/printf.c                         0x00000000   Number         0  _printf_fp_infnan.o ABSOLUTE
    ../clib/printf.c                         0x00000000   Number         0  __printf_flags_wp.o ABSOLUTE
    ../clib/printf.c                         0x00000000   Number         0  _printf_charcount.o ABSOLUTE
    ../clib/printf.c                         0x00000000   Number         0  __printf_ss_wp.o ABSOLUTE
    ../clib/printf.c                         0x00000000   Number         0  _sputc.o ABSOLUTE
    ../clib/printf.c                         0x00000000   Number         0  _printf_wctomb.o ABSOLUTE
    ../clib/printf.c                         0x00000000   Number         0  __printf_nopercent.o ABSOLUTE
    ../clib/printf.c                         0x00000000   Number         0  _printf_longlong_dec.o ABSOLUTE
    ../clib/printf.c                         0x00000000   Number         0  _printf_oct_ll.o ABSOLUTE
    ../clib/printf.c                         0x00000000   Number         0  _printf_oct_int.o ABSOLUTE
    ../clib/printf.c                         0x00000000   Number         0  _printf_oct_int_ll.o ABSOLUTE
    ../clib/printf.c                         0x00000000   Number         0  _printf_char.o ABSOLUTE
    ../clib/printf.c                         0x00000000   Number         0  _printf_hex_ll.o ABSOLUTE
    ../clib/printf.c                         0x00000000   Number         0  _printf_hex_int.o ABSOLUTE
    ../clib/printf.c                         0x00000000   Number         0  _printf_hex_int_ll.o ABSOLUTE
    ../clib/printf.c                         0x00000000   Number         0  _printf_char_common.o ABSOLUTE
    ../clib/printf_percent.s                 0x00000000   Number         0  _printf_lli.o ABSOLUTE
    ../clib/printf_percent.s                 0x00000000   Number         0  _printf_lld.o ABSOLUTE
    ../clib/printf_percent.s                 0x00000000   Number         0  _printf_llu.o ABSOLUTE
    ../clib/printf_percent.s                 0x00000000   Number         0  _printf_ll.o ABSOLUTE
    ../clib/printf_percent.s                 0x00000000   Number         0  _printf_l.o ABSOLUTE
    ../clib/printf_percent.s                 0x00000000   Number         0  _printf_lc.o ABSOLUTE
    ../clib/printf_percent.s                 0x00000000   Number         0  _printf_percent_end.o ABSOLUTE
    ../clib/printf_percent.s                 0x00000000   Number         0  _printf_x.o ABSOLUTE
    ../clib/printf_percent.s                 0x00000000   Number         0  _printf_o.o ABSOLUTE
    ../clib/printf_percent.s                 0x00000000   Number         0  _printf_n.o ABSOLUTE
    ../clib/printf_percent.s                 0x00000000   Number         0  _printf_s.o ABSOLUTE
    ../clib/printf_percent.s                 0x00000000   Number         0  _printf_c.o ABSOLUTE
    ../clib/printf_percent.s                 0x00000000   Number         0  _printf_p.o ABSOLUTE
    ../clib/printf_percent.s                 0x00000000   Number         0  _printf_llx.o ABSOLUTE
    ../clib/printf_percent.s                 0x00000000   Number         0  _printf_llo.o ABSOLUTE
    ../clib/printf_percent.s                 0x00000000   Number         0  _printf_ls.o ABSOLUTE
    ../clib/printf_percent.s                 0x00000000   Number         0  _printf_i.o ABSOLUTE
    ../clib/printf_percent.s                 0x00000000   Number         0  _printf_d.o ABSOLUTE
    ../clib/printf_percent.s                 0x00000000   Number         0  _printf_u.o ABSOLUTE
    ../clib/printf_percent.s                 0x00000000   Number         0  _printf_f.o ABSOLUTE
    ../clib/printf_percent.s                 0x00000000   Number         0  _printf_e.o ABSOLUTE
    ../clib/printf_percent.s                 0x00000000   Number         0  _printf_g.o ABSOLUTE
    ../clib/printf_percent.s                 0x00000000   Number         0  _printf_a.o ABSOLUTE
    ../clib/printf_percent.s                 0x00000000   Number         0  _printf_percent.o ABSOLUTE
    ../clib/signal.c                         0x00000000   Number         0  defsig_stak_inner.o ABSOLUTE
    ../clib/signal.c                         0x00000000   Number         0  defsig_fpe_inner.o ABSOLUTE
    ../clib/signal.c                         0x00000000   Number         0  defsig_abrt_inner.o ABSOLUTE
    ../clib/signal.c                         0x00000000   Number         0  defsig_general.o ABSOLUTE
    ../clib/signal.c                         0x00000000   Number         0  __raise.o ABSOLUTE
    ../clib/signal.c                         0x00000000   Number         0  defsig_rtmem_inner.o ABSOLUTE
    ../clib/signal.c                         0x00000000   Number         0  defsig_exit.o ABSOLUTE
    ../clib/signal.c                         0x00000000   Number         0  defsig_rtmem_formal.o ABSOLUTE
    ../clib/signal.c                         0x00000000   Number         0  defsig_rtmem_outer.o ABSOLUTE
    ../clib/signal.c                         0x00000000   Number         0  defsig_rtred_inner.o ABSOLUTE
    ../clib/signal.c                         0x00000000   Number         0  defsig_other.o ABSOLUTE
    ../clib/signal.c                         0x00000000   Number         0  defsig_segv_inner.o ABSOLUTE
    ../clib/signal.c                         0x00000000   Number         0  defsig_cppl_inner.o ABSOLUTE
    ../clib/signal.c                         0x00000000   Number         0  defsig_pvfn_inner.o ABSOLUTE
    ../clib/signal.s                         0x00000000   Number         0  defsig.o ABSOLUTE
    ../clib/stdlib.c                         0x00000000   Number         0  exit.o ABSOLUTE
    ../fplib/d2f.s                           0x00000000   Number         0  d2f.o ABSOLUTE
    ../fplib/dflt.s                          0x00000000   Number         0  dflt_clz.o ABSOLUTE
    ../fplib/dmul.s                          0x00000000   Number         0  dmul.o ABSOLUTE
    ../fplib/dnaninf.s                       0x00000000   Number         0  dnaninf.o ABSOLUTE
    ../fplib/dretinf.s                       0x00000000   Number         0  dretinf.o ABSOLUTE
    ../fplib/fpinit.s                        0x00000000   Number         0  fpinit.o ABSOLUTE
    ../fplib/fretinf.s                       0x00000000   Number         0  fretinf.o ABSOLUTE
    ../fplib/istatus.s                       0x00000000   Number         0  istatus.o ABSOLUTE
    ../fplib/printf1.s                       0x00000000   Number         0  printf1.o ABSOLUTE
    ../fplib/printf2.s                       0x00000000   Number         0  printf2.o ABSOLUTE
    ../fplib/printf2a.s                      0x00000000   Number         0  printf2a.o ABSOLUTE
    ../fplib/printf2b.s                      0x00000000   Number         0  printf2b.o ABSOLUTE
    ../fplib/usenofp.s                       0x00000000   Number         0  usenofp.o ABSOLUTE
    ../mathlib/fpclassify.c                  0x00000000   Number         0  fpclassify.o ABSOLUTE
    D:\\keil\\ARM\\PACK\\Keil\\WCH32F1xx_DFP\\1.0.1\\Device\\StdPeriph_Driver\\src\\ch32f10x_adc.c 0x00000000   Number         0  ch32f10x_adc.o ABSOLUTE
    D:\\keil\\ARM\\PACK\\Keil\\WCH32F1xx_DFP\\1.0.1\\Device\\StdPeriph_Driver\\src\\ch32f10x_can.c 0x00000000   Number         0  ch32f10x_can.o ABSOLUTE
    D:\\keil\\ARM\\PACK\\Keil\\WCH32F1xx_DFP\\1.0.1\\Device\\StdPeriph_Driver\\src\\ch32f10x_dma.c 0x00000000   Number         0  ch32f10x_dma.o ABSOLUTE
    D:\\keil\\ARM\\PACK\\Keil\\WCH32F1xx_DFP\\1.0.1\\Device\\StdPeriph_Driver\\src\\ch32f10x_exti.c 0x00000000   Number         0  ch32f10x_exti.o ABSOLUTE
    D:\\keil\\ARM\\PACK\\Keil\\WCH32F1xx_DFP\\1.0.1\\Device\\StdPeriph_Driver\\src\\ch32f10x_gpio.c 0x00000000   Number         0  ch32f10x_gpio.o ABSOLUTE
    D:\\keil\\ARM\\PACK\\Keil\\WCH32F1xx_DFP\\1.0.1\\Device\\StdPeriph_Driver\\src\\ch32f10x_i2c.c 0x00000000   Number         0  ch32f10x_i2c.o ABSOLUTE
    D:\\keil\\ARM\\PACK\\Keil\\WCH32F1xx_DFP\\1.0.1\\Device\\StdPeriph_Driver\\src\\ch32f10x_misc.c 0x00000000   Number         0  ch32f10x_misc.o ABSOLUTE
    D:\\keil\\ARM\\PACK\\Keil\\WCH32F1xx_DFP\\1.0.1\\Device\\StdPeriph_Driver\\src\\ch32f10x_rcc.c 0x00000000   Number         0  ch32f10x_rcc.o ABSOLUTE
    D:\\keil\\ARM\\PACK\\Keil\\WCH32F1xx_DFP\\1.0.1\\Device\\StdPeriph_Driver\\src\\ch32f10x_spi.c 0x00000000   Number         0  ch32f10x_spi.o ABSOLUTE
    D:\\keil\\ARM\\PACK\\Keil\\WCH32F1xx_DFP\\1.0.1\\Device\\StdPeriph_Driver\\src\\ch32f10x_tim.c 0x00000000   Number         0  ch32f10x_tim.o ABSOLUTE
    D:\\keil\\ARM\\PACK\\Keil\\WCH32F1xx_DFP\\1.0.1\\Device\\StdPeriph_Driver\\src\\ch32f10x_usart.c 0x00000000   Number         0  ch32f10x_usart.o ABSOLUTE
    D:\keil\ARM\PACK\Keil\WCH32F1xx_DFP\1.0.1\Device\StdPeriph_Driver\src\ch32f10x_adc.c 0x00000000   Number         0  ch32f10x_adc.o ABSOLUTE
    D:\keil\ARM\PACK\Keil\WCH32F1xx_DFP\1.0.1\Device\StdPeriph_Driver\src\ch32f10x_can.c 0x00000000   Number         0  ch32f10x_can.o ABSOLUTE
    D:\keil\ARM\PACK\Keil\WCH32F1xx_DFP\1.0.1\Device\StdPeriph_Driver\src\ch32f10x_dma.c 0x00000000   Number         0  ch32f10x_dma.o ABSOLUTE
    D:\keil\ARM\PACK\Keil\WCH32F1xx_DFP\1.0.1\Device\StdPeriph_Driver\src\ch32f10x_exti.c 0x00000000   Number         0  ch32f10x_exti.o ABSOLUTE
    D:\keil\ARM\PACK\Keil\WCH32F1xx_DFP\1.0.1\Device\StdPeriph_Driver\src\ch32f10x_gpio.c 0x00000000   Number         0  ch32f10x_gpio.o ABSOLUTE
    D:\keil\ARM\PACK\Keil\WCH32F1xx_DFP\1.0.1\Device\StdPeriph_Driver\src\ch32f10x_i2c.c 0x00000000   Number         0  ch32f10x_i2c.o ABSOLUTE
    D:\keil\ARM\PACK\Keil\WCH32F1xx_DFP\1.0.1\Device\StdPeriph_Driver\src\ch32f10x_misc.c 0x00000000   Number         0  ch32f10x_misc.o ABSOLUTE
    D:\keil\ARM\PACK\Keil\WCH32F1xx_DFP\1.0.1\Device\StdPeriph_Driver\src\ch32f10x_rcc.c 0x00000000   Number         0  ch32f10x_rcc.o ABSOLUTE
    D:\keil\ARM\PACK\Keil\WCH32F1xx_DFP\1.0.1\Device\StdPeriph_Driver\src\ch32f10x_spi.c 0x00000000   Number         0  ch32f10x_spi.o ABSOLUTE
    D:\keil\ARM\PACK\Keil\WCH32F1xx_DFP\1.0.1\Device\StdPeriph_Driver\src\ch32f10x_tim.c 0x00000000   Number         0  ch32f10x_tim.o ABSOLUTE
    D:\keil\ARM\PACK\Keil\WCH32F1xx_DFP\1.0.1\Device\StdPeriph_Driver\src\ch32f10x_usart.c 0x00000000   Number         0  ch32f10x_usart.o ABSOLUTE
    RTE\CH32F1xx\CH32F103C8\startup_ch32f10x.s 0x00000000   Number         0  startup_ch32f10x.o ABSOLUTE
    RTE\CH32F1xx\CH32F103C8\system_ch32f10x.c 0x00000000   Number         0  system_ch32f10x.o ABSOLUTE
    RTE\\CH32F1xx\\CH32F103C8\\system_ch32f10x.c 0x00000000   Number         0  system_ch32f10x.o ABSOLUTE
    USER\\main.c                             0x00000000   Number         0  main.o ABSOLUTE
    USER\main.c                              0x00000000   Number         0  main.o ABSOLUTE
    dc.s                                     0x00000000   Number         0  dc.o ABSOLUTE
    hardware\Key.c                           0x00000000   Number         0  key.o ABSOLUTE
    hardware\LED.c                           0x00000000   Number         0  led.o ABSOLUTE
    hardware\LightSensor.c                   0x00000000   Number         0  lightsensor.o ABSOLUTE
    hardware\OLED.c                          0x00000000   Number         0  oled.o ABSOLUTE
    hardware\Serial.c                        0x00000000   Number         0  serial.o ABSOLUTE
    hardware\TFT.c                           0x00000000   Number         0  tft.o ABSOLUTE
    hardware\\Key.c                          0x00000000   Number         0  key.o ABSOLUTE
    hardware\\LED.c                          0x00000000   Number         0  led.o ABSOLUTE
    hardware\\LightSensor.c                  0x00000000   Number         0  lightsensor.o ABSOLUTE
    hardware\\OLED.c                         0x00000000   Number         0  oled.o ABSOLUTE
    hardware\\Serial.c                       0x00000000   Number         0  serial.o ABSOLUTE
    hardware\\TFT.c                          0x00000000   Number         0  tft.o ABSOLUTE
    hardware\\ds18b20.c                      0x00000000   Number         0  ds18b20.o ABSOLUTE
    hardware\ds18b20.c                       0x00000000   Number         0  ds18b20.o ABSOLUTE
    system\Delay.c                           0x00000000   Number         0  delay.o ABSOLUTE
    system\\Delay.c                          0x00000000   Number         0  delay.o ABSOLUTE
    RESET                                    0x08000000   Section      240  startup_ch32f10x.o(RESET)
    !!!main                                  0x080000f0   Section        8  __main.o(!!!main)
    !!!scatter                               0x080000f8   Section       52  __scatter.o(!!!scatter)
    !!dczerorl2                              0x0800012c   Section       90  __dczerorl2.o(!!dczerorl2)
    !!handler_zi                             0x08000188   Section       28  __scatter_zi.o(!!handler_zi)
    .ARM.Collect$$libinit$$00000000          0x080001a4   Section        2  libinit.o(.ARM.Collect$$libinit$$00000000)
    .ARM.Collect$$libinit$$00000002          0x080001a6   Section        0  libinit2.o(.ARM.Collect$$libinit$$00000002)
    .ARM.Collect$$libinit$$00000004          0x080001a6   Section        0  libinit2.o(.ARM.Collect$$libinit$$00000004)
    .ARM.Collect$$libinit$$0000000A          0x080001a6   Section        0  libinit2.o(.ARM.Collect$$libinit$$0000000A)
    .ARM.Collect$$libinit$$0000000C          0x080001a6   Section        0  libinit2.o(.ARM.Collect$$libinit$$0000000C)
    .ARM.Collect$$libinit$$0000000E          0x080001a6   Section        0  libinit2.o(.ARM.Collect$$libinit$$0000000E)
    .ARM.Collect$$libinit$$00000011          0x080001a6   Section        0  libinit2.o(.ARM.Collect$$libinit$$00000011)
    .ARM.Collect$$libinit$$00000013          0x080001a6   Section        0  libinit2.o(.ARM.Collect$$libinit$$00000013)
    .ARM.Collect$$libinit$$00000015          0x080001a6   Section        0  libinit2.o(.ARM.Collect$$libinit$$00000015)
    .ARM.Collect$$libinit$$00000017          0x080001a6   Section        0  libinit2.o(.ARM.Collect$$libinit$$00000017)
    .ARM.Collect$$libinit$$00000019          0x080001a6   Section        0  libinit2.o(.ARM.Collect$$libinit$$00000019)
    .ARM.Collect$$libinit$$0000001B          0x080001a6   Section        0  libinit2.o(.ARM.Collect$$libinit$$0000001B)
    .ARM.Collect$$libinit$$0000001D          0x080001a6   Section        0  libinit2.o(.ARM.Collect$$libinit$$0000001D)
    .ARM.Collect$$libinit$$0000001F          0x080001a6   Section        0  libinit2.o(.ARM.Collect$$libinit$$0000001F)
    .ARM.Collect$$libinit$$00000021          0x080001a6   Section        0  libinit2.o(.ARM.Collect$$libinit$$00000021)
    .ARM.Collect$$libinit$$00000023          0x080001a6   Section        0  libinit2.o(.ARM.Collect$$libinit$$00000023)
    .ARM.Collect$$libinit$$00000025          0x080001a6   Section        0  libinit2.o(.ARM.Collect$$libinit$$00000025)
    .ARM.Collect$$libinit$$0000002C          0x080001a6   Section        0  libinit2.o(.ARM.Collect$$libinit$$0000002C)
    .ARM.Collect$$libinit$$0000002E          0x080001a6   Section        0  libinit2.o(.ARM.Collect$$libinit$$0000002E)
    .ARM.Collect$$libinit$$00000030          0x080001a6   Section        0  libinit2.o(.ARM.Collect$$libinit$$00000030)
    .ARM.Collect$$libinit$$00000032          0x080001a6   Section        0  libinit2.o(.ARM.Collect$$libinit$$00000032)
    .ARM.Collect$$libinit$$00000033          0x080001a6   Section        2  libinit2.o(.ARM.Collect$$libinit$$00000033)
    .ARM.Collect$$libshutdown$$00000000      0x080001a8   Section        2  libshutdown.o(.ARM.Collect$$libshutdown$$00000000)
    .ARM.Collect$$libshutdown$$00000002      0x080001aa   Section        0  libshutdown2.o(.ARM.Collect$$libshutdown$$00000002)
    .ARM.Collect$$libshutdown$$00000004      0x080001aa   Section        0  libshutdown2.o(.ARM.Collect$$libshutdown$$00000004)
    .ARM.Collect$$libshutdown$$00000007      0x080001aa   Section        0  libshutdown2.o(.ARM.Collect$$libshutdown$$00000007)
    .ARM.Collect$$libshutdown$$0000000A      0x080001aa   Section        0  libshutdown2.o(.ARM.Collect$$libshutdown$$0000000A)
    .ARM.Collect$$libshutdown$$0000000C      0x080001aa   Section        0  libshutdown2.o(.ARM.Collect$$libshutdown$$0000000C)
    .ARM.Collect$$libshutdown$$0000000F      0x080001aa   Section        0  libshutdown2.o(.ARM.Collect$$libshutdown$$0000000F)
    .ARM.Collect$$libshutdown$$00000010      0x080001aa   Section        2  libshutdown2.o(.ARM.Collect$$libshutdown$$00000010)
    .ARM.Collect$$rtentry$$00000000          0x080001ac   Section        0  __rtentry.o(.ARM.Collect$$rtentry$$00000000)
    .ARM.Collect$$rtentry$$00000002          0x080001ac   Section        0  __rtentry2.o(.ARM.Collect$$rtentry$$00000002)
    .ARM.Collect$$rtentry$$00000004          0x080001ac   Section        6  __rtentry4.o(.ARM.Collect$$rtentry$$00000004)
    .ARM.Collect$$rtentry$$00000009          0x080001b2   Section        0  __rtentry2.o(.ARM.Collect$$rtentry$$00000009)
    .ARM.Collect$$rtentry$$0000000A          0x080001b2   Section        4  __rtentry2.o(.ARM.Collect$$rtentry$$0000000A)
    .ARM.Collect$$rtentry$$0000000C          0x080001b6   Section        0  __rtentry2.o(.ARM.Collect$$rtentry$$0000000C)
    .ARM.Collect$$rtentry$$0000000D          0x080001b6   Section        8  __rtentry2.o(.ARM.Collect$$rtentry$$0000000D)
    .ARM.Collect$$rtexit$$00000000           0x080001be   Section        2  rtexit.o(.ARM.Collect$$rtexit$$00000000)
    .ARM.Collect$$rtexit$$00000002           0x080001c0   Section        0  rtexit2.o(.ARM.Collect$$rtexit$$00000002)
    .ARM.Collect$$rtexit$$00000003           0x080001c0   Section        4  rtexit2.o(.ARM.Collect$$rtexit$$00000003)
    .ARM.Collect$$rtexit$$00000004           0x080001c4   Section        6  rtexit2.o(.ARM.Collect$$rtexit$$00000004)
    .text                                    0x080001cc   Section       64  startup_ch32f10x.o(.text)
    .text                                    0x0800020c   Section        0  heapauxi.o(.text)
    .text                                    0x08000212   Section       74  sys_stackheap_outer.o(.text)
    .text                                    0x0800025c   Section        0  exit.o(.text)
    .text                                    0x08000270   Section        8  libspace.o(.text)
    .text                                    0x08000278   Section        0  sys_exit.o(.text)
    .text                                    0x08000284   Section        2  use_no_semi.o(.text)
    .text                                    0x08000286   Section        0  indicate_semi.o(.text)
    i.Address_set                            0x08000286   Section        0  tft.o(i.Address_set)
    i.Delay_ms                               0x080002e0   Section        0  delay.o(i.Delay_ms)
    i.Delay_us                               0x080002f8   Section        0  delay.o(i.Delay_us)
    i.GPIO_Init                              0x08000326   Section        0  ch32f10x_gpio.o(i.GPIO_Init)
    i.GPIO_ResetBits                         0x0800043c   Section        0  ch32f10x_gpio.o(i.GPIO_ResetBits)
    i.GPIO_SetBits                           0x08000440   Section        0  ch32f10x_gpio.o(i.GPIO_SetBits)
    i.GPIO_WriteBit                          0x08000444   Section        0  ch32f10x_gpio.o(i.GPIO_WriteBit)
    i.LCD_Clear                              0x0800044e   Section        0  tft.o(i.LCD_Clear)
    i.LCD_DrawPoint                          0x0800047c   Section        0  tft.o(i.LCD_DrawPoint)
    i.LCD_ShowChar                           0x0800049c   Section        0  tft.o(i.LCD_ShowChar)
    i.LCD_ShowNum                            0x08000580   Section        0  tft.o(i.LCD_ShowNum)
    i.LCD_WR_DATA                            0x080005fc   Section        0  tft.o(i.LCD_WR_DATA)
    i.LCD_WR_DATA8                           0x0800061c   Section        0  tft.o(i.LCD_WR_DATA8)
    i.LCD_WR_REG                             0x08000634   Section        0  tft.o(i.LCD_WR_REG)
    i.LCD_Writ_Bus                           0x0800064c   Section        0  tft.o(i.LCD_Writ_Bus)
    i.LED_Init                               0x08000690   Section        0  led.o(i.LED_Init)
    i.Lcd_Init                               0x080006c4   Section        0  tft.o(i.Lcd_Init)
    i.OLED_Clear                             0x080008b4   Section        0  oled.o(i.OLED_Clear)
    i.OLED_I2C_Init                          0x080008e0   Section        0  oled.o(i.OLED_I2C_Init)
    i.OLED_I2C_SendByte                      0x08000930   Section        0  oled.o(i.OLED_I2C_SendByte)
    i.OLED_I2C_Start                         0x08000984   Section        0  oled.o(i.OLED_I2C_Start)
    i.OLED_I2C_Stop                          0x080009b8   Section        0  oled.o(i.OLED_I2C_Stop)
    i.OLED_Init                              0x080009e0   Section        0  oled.o(i.OLED_Init)
    i.OLED_SetCursor                         0x08000a8e   Section        0  oled.o(i.OLED_SetCursor)
    i.OLED_ShowChar                          0x08000ab0   Section        0  oled.o(i.OLED_ShowChar)
    i.OLED_ShowChineseChar                   0x08000b24   Section        0  oled.o(i.OLED_ShowChineseChar)
    i.OLED_ShowChineseString                 0x08000b90   Section        0  oled.o(i.OLED_ShowChineseString)
    i.OLED_ShowString                        0x08000bc6   Section        0  oled.o(i.OLED_ShowString)
    i.OLED_WriteCommand                      0x08000bee   Section        0  oled.o(i.OLED_WriteCommand)
    i.OLED_WriteData                         0x08000c0e   Section        0  oled.o(i.OLED_WriteData)
    i.RCC_APB2PeriphClockCmd                 0x08000c30   Section        0  ch32f10x_rcc.o(i.RCC_APB2PeriphClockCmd)
    i.SetSysClock                            0x08000c50   Section        0  system_ch32f10x.o(i.SetSysClock)
    SetSysClock                              0x08000c51   Thumb Code     8  system_ch32f10x.o(i.SetSysClock)
    i.SetSysClockTo72                        0x08000c58   Section        0  system_ch32f10x.o(i.SetSysClockTo72)
    SetSysClockTo72                          0x08000c59   Thumb Code   214  system_ch32f10x.o(i.SetSysClockTo72)
    i.SystemInit                             0x08000d38   Section        0  system_ch32f10x.o(i.SystemInit)
    i.USART1_IRQHandler                      0x08000d98   Section        0  serial.o(i.USART1_IRQHandler)
    i.USART_ClearITPendingBit                0x08000e38   Section        0  ch32f10x_usart.o(i.USART_ClearITPendingBit)
    i.USART_GetITStatus                      0x08000e4c   Section        0  ch32f10x_usart.o(i.USART_GetITStatus)
    i.USART_ReceiveData                      0x08000e98   Section        0  ch32f10x_usart.o(i.USART_ReceiveData)
    i.main                                   0x08000ea4   Section        0  main.o(i.main)
    i.mypow                                  0x08000fc0   Section        0  tft.o(i.mypow)
    i.showhanzi                              0x08000fd8   Section        0  tft.o(i.showhanzi)
    i.showimage                              0x08001048   Section        0  main.o(i.showimage)
    i.xianshi                                0x080010bc   Section        0  main.o(i.xianshi)
    .constdata                               0x080010f8   Section     3200  main.o(.constdata)
    .constdata                               0x08001d78   Section     2864  oled.o(.constdata)
    .constdata                               0x080028a8   Section     1520  tft.o(.constdata)
    .data                                    0x20000000   Section       20  main.o(.data)
    .data                                    0x20000014   Section        3  serial.o(.data)
    RxState                                  0x20000015   Data           1  serial.o(.data)
    pRxPacket                                0x20000016   Data           1  serial.o(.data)
    .data                                    0x20000018   Section     2632  tft.o(.data)
    .bss                                     0x20000a60   Section      100  serial.o(.bss)
    .bss                                     0x20000ac4   Section       96  libspace.o(.bss)
    HEAP                                     0x20000b28   Section      512  startup_ch32f10x.o(HEAP)
    Heap_Mem                                 0x20000b28   Data         512  startup_ch32f10x.o(HEAP)
    STACK                                    0x20000d28   Section     1024  startup_ch32f10x.o(STACK)
    Stack_Mem                                0x20000d28   Data        1024  startup_ch32f10x.o(STACK)
    __initial_sp                             0x20001128   Data           0  startup_ch32f10x.o(STACK)

    Global Symbols

    Symbol Name                              Value     Ov Type        Size  Object(Section)

    BuildAttributes$$THM_ISAv4$P$D$K$B$S$PE$A:L22UL41UL21$X:L11$S22US41US21$IEEE1$IW$USESV6$~STKCKD$USESV7$~SHL$OTIME$ROPI$IEEEJ$EBA8$UX$STANDARDLIB$REQ8$PRES8$EABIv2 0x00000000   Number         0  anon$$obj.o ABSOLUTE
    __ARM_use_no_argv                        0x00000000   Number         0  main.o ABSOLUTE
    _printf_flags                            0x00000000   Number         0  printf_stubs.o ABSOLUTE
    _printf_return_value                     0x00000000   Number         0  printf_stubs.o ABSOLUTE
    _printf_sizespec                         0x00000000   Number         0  printf_stubs.o ABSOLUTE
    _printf_widthprec                        0x00000000   Number         0  printf_stubs.o ABSOLUTE
    __ARM_exceptions_init                     - Undefined Weak Reference
    __alloca_initialize                       - Undefined Weak Reference
    __arm_preinit_                            - Undefined Weak Reference
    __cpp_initialize__aeabi_                  - Undefined Weak Reference
    __cxa_finalize                            - Undefined Weak Reference
    __sigvec_lookup                           - Undefined Weak Reference
    _atexit_init                              - Undefined Weak Reference
    _call_atexit_fns                          - Undefined Weak Reference
    _clock_init                               - Undefined Weak Reference
    _fp_trap_init                             - Undefined Weak Reference
    _fp_trap_shutdown                         - Undefined Weak Reference
    _get_lc_collate                           - Undefined Weak Reference
    _get_lc_monetary                          - Undefined Weak Reference
    _get_lc_time                              - Undefined Weak Reference
    _getenv_init                              - Undefined Weak Reference
    _handle_redirection                       - Undefined Weak Reference
    _init_alloc                               - Undefined Weak Reference
    _init_user_alloc                          - Undefined Weak Reference
    _initio                                   - Undefined Weak Reference
    _printf_mbtowc                            - Undefined Weak Reference
    _printf_wc                                - Undefined Weak Reference
    _rand_init                                - Undefined Weak Reference
    _signal_finish                            - Undefined Weak Reference
    _signal_init                              - Undefined Weak Reference
    _terminate_alloc                          - Undefined Weak Reference
    _terminate_user_alloc                     - Undefined Weak Reference
    _terminateio                              - Undefined Weak Reference
    __Vectors_Size                           0x000000f0   Number         0  startup_ch32f10x.o ABSOLUTE
    __Vectors                                0x08000000   Data           4  startup_ch32f10x.o(RESET)
    __Vectors_End                            0x080000f0   Data           0  startup_ch32f10x.o(RESET)
    __main                                   0x080000f1   Thumb Code     8  __main.o(!!!main)
    __scatterload                            0x080000f9   Thumb Code     0  __scatter.o(!!!scatter)
    __scatterload_rt2                        0x080000f9   Thumb Code    44  __scatter.o(!!!scatter)
    __scatterload_rt2_thumb_only             0x080000f9   Thumb Code     0  __scatter.o(!!!scatter)
    __scatterload_null                       0x08000107   Thumb Code     0  __scatter.o(!!!scatter)
    __decompress                             0x0800012d   Thumb Code    90  __dczerorl2.o(!!dczerorl2)
    __decompress1                            0x0800012d   Thumb Code     0  __dczerorl2.o(!!dczerorl2)
    __scatterload_zeroinit                   0x08000189   Thumb Code    28  __scatter_zi.o(!!handler_zi)
    __rt_lib_init                            0x080001a5   Thumb Code     0  libinit.o(.ARM.Collect$$libinit$$00000000)
    __rt_lib_init_alloca_1                   0x080001a7   Thumb Code     0  libinit2.o(.ARM.Collect$$libinit$$0000002E)
    __rt_lib_init_argv_1                     0x080001a7   Thumb Code     0  libinit2.o(.ARM.Collect$$libinit$$0000002C)
    __rt_lib_init_atexit_1                   0x080001a7   Thumb Code     0  libinit2.o(.ARM.Collect$$libinit$$0000001B)
    __rt_lib_init_clock_1                    0x080001a7   Thumb Code     0  libinit2.o(.ARM.Collect$$libinit$$00000021)
    __rt_lib_init_cpp_1                      0x080001a7   Thumb Code     0  libinit2.o(.ARM.Collect$$libinit$$00000032)
    __rt_lib_init_exceptions_1               0x080001a7   Thumb Code     0  libinit2.o(.ARM.Collect$$libinit$$00000030)
    __rt_lib_init_fp_1                       0x080001a7   Thumb Code     0  libinit2.o(.ARM.Collect$$libinit$$00000002)
    __rt_lib_init_fp_trap_1                  0x080001a7   Thumb Code     0  libinit2.o(.ARM.Collect$$libinit$$0000001F)
    __rt_lib_init_getenv_1                   0x080001a7   Thumb Code     0  libinit2.o(.ARM.Collect$$libinit$$00000023)
    __rt_lib_init_heap_1                     0x080001a7   Thumb Code     0  libinit2.o(.ARM.Collect$$libinit$$0000000A)
    __rt_lib_init_lc_collate_1               0x080001a7   Thumb Code     0  libinit2.o(.ARM.Collect$$libinit$$00000011)
    __rt_lib_init_lc_ctype_1                 0x080001a7   Thumb Code     0  libinit2.o(.ARM.Collect$$libinit$$00000013)
    __rt_lib_init_lc_monetary_1              0x080001a7   Thumb Code     0  libinit2.o(.ARM.Collect$$libinit$$00000015)
    __rt_lib_init_lc_numeric_1               0x080001a7   Thumb Code     0  libinit2.o(.ARM.Collect$$libinit$$00000017)
    __rt_lib_init_lc_time_1                  0x080001a7   Thumb Code     0  libinit2.o(.ARM.Collect$$libinit$$00000019)
    __rt_lib_init_preinit_1                  0x080001a7   Thumb Code     0  libinit2.o(.ARM.Collect$$libinit$$00000004)
    __rt_lib_init_rand_1                     0x080001a7   Thumb Code     0  libinit2.o(.ARM.Collect$$libinit$$0000000E)
    __rt_lib_init_return                     0x080001a7   Thumb Code     0  libinit2.o(.ARM.Collect$$libinit$$00000033)
    __rt_lib_init_signal_1                   0x080001a7   Thumb Code     0  libinit2.o(.ARM.Collect$$libinit$$0000001D)
    __rt_lib_init_stdio_1                    0x080001a7   Thumb Code     0  libinit2.o(.ARM.Collect$$libinit$$00000025)
    __rt_lib_init_user_alloc_1               0x080001a7   Thumb Code     0  libinit2.o(.ARM.Collect$$libinit$$0000000C)
    __rt_lib_shutdown                        0x080001a9   Thumb Code     0  libshutdown.o(.ARM.Collect$$libshutdown$$00000000)
    __rt_lib_shutdown_cpp_1                  0x080001ab   Thumb Code     0  libshutdown2.o(.ARM.Collect$$libshutdown$$00000002)
    __rt_lib_shutdown_fp_trap_1              0x080001ab   Thumb Code     0  libshutdown2.o(.ARM.Collect$$libshutdown$$00000007)
    __rt_lib_shutdown_heap_1                 0x080001ab   Thumb Code     0  libshutdown2.o(.ARM.Collect$$libshutdown$$0000000F)
    __rt_lib_shutdown_return                 0x080001ab   Thumb Code     0  libshutdown2.o(.ARM.Collect$$libshutdown$$00000010)
    __rt_lib_shutdown_signal_1               0x080001ab   Thumb Code     0  libshutdown2.o(.ARM.Collect$$libshutdown$$0000000A)
    __rt_lib_shutdown_stdio_1                0x080001ab   Thumb Code     0  libshutdown2.o(.ARM.Collect$$libshutdown$$00000004)
    __rt_lib_shutdown_user_alloc_1           0x080001ab   Thumb Code     0  libshutdown2.o(.ARM.Collect$$libshutdown$$0000000C)
    __rt_entry                               0x080001ad   Thumb Code     0  __rtentry.o(.ARM.Collect$$rtentry$$00000000)
    __rt_entry_presh_1                       0x080001ad   Thumb Code     0  __rtentry2.o(.ARM.Collect$$rtentry$$00000002)
    __rt_entry_sh                            0x080001ad   Thumb Code     0  __rtentry4.o(.ARM.Collect$$rtentry$$00000004)
    __rt_entry_li                            0x080001b3   Thumb Code     0  __rtentry2.o(.ARM.Collect$$rtentry$$0000000A)
    __rt_entry_postsh_1                      0x080001b3   Thumb Code     0  __rtentry2.o(.ARM.Collect$$rtentry$$00000009)
    __rt_entry_main                          0x080001b7   Thumb Code     0  __rtentry2.o(.ARM.Collect$$rtentry$$0000000D)
    __rt_entry_postli_1                      0x080001b7   Thumb Code     0  __rtentry2.o(.ARM.Collect$$rtentry$$0000000C)
    __rt_exit                                0x080001bf   Thumb Code     0  rtexit.o(.ARM.Collect$$rtexit$$00000000)
    __rt_exit_ls                             0x080001c1   Thumb Code     0  rtexit2.o(.ARM.Collect$$rtexit$$00000003)
    __rt_exit_prels_1                        0x080001c1   Thumb Code     0  rtexit2.o(.ARM.Collect$$rtexit$$00000002)
    __rt_exit_exit                           0x080001c5   Thumb Code     0  rtexit2.o(.ARM.Collect$$rtexit$$00000004)
    Reset_Handler                            0x080001cd   Thumb Code     8  startup_ch32f10x.o(.text)
    NMI_Handler                              0x080001d5   Thumb Code     2  startup_ch32f10x.o(.text)
    HardFault_Handler                        0x080001d7   Thumb Code     2  startup_ch32f10x.o(.text)
    MemManage_Handler                        0x080001d9   Thumb Code     2  startup_ch32f10x.o(.text)
    BusFault_Handler                         0x080001db   Thumb Code     2  startup_ch32f10x.o(.text)
    UsageFault_Handler                       0x080001dd   Thumb Code     2  startup_ch32f10x.o(.text)
    SVC_Handler                              0x080001df   Thumb Code     2  startup_ch32f10x.o(.text)
    DebugMon_Handler                         0x080001e1   Thumb Code     2  startup_ch32f10x.o(.text)
    PendSV_Handler                           0x080001e3   Thumb Code     2  startup_ch32f10x.o(.text)
    SysTick_Handler                          0x080001e5   Thumb Code     2  startup_ch32f10x.o(.text)
    ADC1_2_IRQHandler                        0x080001e7   Thumb Code     0  startup_ch32f10x.o(.text)
    CAN1_RX1_IRQHandler                      0x080001e7   Thumb Code     0  startup_ch32f10x.o(.text)
    CAN1_SCE_IRQHandler                      0x080001e7   Thumb Code     0  startup_ch32f10x.o(.text)
    DMA1_Channel1_IRQHandler                 0x080001e7   Thumb Code     0  startup_ch32f10x.o(.text)
    DMA1_Channel2_IRQHandler                 0x080001e7   Thumb Code     0  startup_ch32f10x.o(.text)
    DMA1_Channel3_IRQHandler                 0x080001e7   Thumb Code     0  startup_ch32f10x.o(.text)
    DMA1_Channel4_IRQHandler                 0x080001e7   Thumb Code     0  startup_ch32f10x.o(.text)
    DMA1_Channel5_IRQHandler                 0x080001e7   Thumb Code     0  startup_ch32f10x.o(.text)
    DMA1_Channel6_IRQHandler                 0x080001e7   Thumb Code     0  startup_ch32f10x.o(.text)
    DMA1_Channel7_IRQHandler                 0x080001e7   Thumb Code     0  startup_ch32f10x.o(.text)
    EXTI0_IRQHandler                         0x080001e7   Thumb Code     0  startup_ch32f10x.o(.text)
    EXTI15_10_IRQHandler                     0x080001e7   Thumb Code     0  startup_ch32f10x.o(.text)
    EXTI1_IRQHandler                         0x080001e7   Thumb Code     0  startup_ch32f10x.o(.text)
    EXTI2_IRQHandler                         0x080001e7   Thumb Code     0  startup_ch32f10x.o(.text)
    EXTI3_IRQHandler                         0x080001e7   Thumb Code     0  startup_ch32f10x.o(.text)
    EXTI4_IRQHandler                         0x080001e7   Thumb Code     0  startup_ch32f10x.o(.text)
    EXTI9_5_IRQHandler                       0x080001e7   Thumb Code     0  startup_ch32f10x.o(.text)
    FLASH_IRQHandler                         0x080001e7   Thumb Code     0  startup_ch32f10x.o(.text)
    I2C1_ER_IRQHandler                       0x080001e7   Thumb Code     0  startup_ch32f10x.o(.text)
    I2C1_EV_IRQHandler                       0x080001e7   Thumb Code     0  startup_ch32f10x.o(.text)
    I2C2_ER_IRQHandler                       0x080001e7   Thumb Code     0  startup_ch32f10x.o(.text)
    I2C2_EV_IRQHandler                       0x080001e7   Thumb Code     0  startup_ch32f10x.o(.text)
    PVD_IRQHandler                           0x080001e7   Thumb Code     0  startup_ch32f10x.o(.text)
    RCC_IRQHandler                           0x080001e7   Thumb Code     0  startup_ch32f10x.o(.text)
    RTCAlarm_IRQHandler                      0x080001e7   Thumb Code     0  startup_ch32f10x.o(.text)
    RTC_IRQHandler                           0x080001e7   Thumb Code     0  startup_ch32f10x.o(.text)
    SPI1_IRQHandler                          0x080001e7   Thumb Code     0  startup_ch32f10x.o(.text)
    SPI2_IRQHandler                          0x080001e7   Thumb Code     0  startup_ch32f10x.o(.text)
    TAMPER_IRQHandler                        0x080001e7   Thumb Code     0  startup_ch32f10x.o(.text)
    TIM1_BRK_IRQHandler                      0x080001e7   Thumb Code     0  startup_ch32f10x.o(.text)
    TIM1_CC_IRQHandler                       0x080001e7   Thumb Code     0  startup_ch32f10x.o(.text)
    TIM1_TRG_COM_IRQHandler                  0x080001e7   Thumb Code     0  startup_ch32f10x.o(.text)
    TIM1_UP_IRQHandler                       0x080001e7   Thumb Code     0  startup_ch32f10x.o(.text)
    TIM2_IRQHandler                          0x080001e7   Thumb Code     0  startup_ch32f10x.o(.text)
    TIM3_IRQHandler                          0x080001e7   Thumb Code     0  startup_ch32f10x.o(.text)
    TIM4_IRQHandler                          0x080001e7   Thumb Code     0  startup_ch32f10x.o(.text)
    USART2_IRQHandler                        0x080001e7   Thumb Code     0  startup_ch32f10x.o(.text)
    USART3_IRQHandler                        0x080001e7   Thumb Code     0  startup_ch32f10x.o(.text)
    USBWakeUp_IRQHandler                     0x080001e7   Thumb Code     0  startup_ch32f10x.o(.text)
    USB_HP_CAN1_TX_IRQHandler                0x080001e7   Thumb Code     0  startup_ch32f10x.o(.text)
    USB_IRQHandler                           0x080001e7   Thumb Code     0  startup_ch32f10x.o(.text)
    USB_LP_CAN1_RX0_IRQHandler               0x080001e7   Thumb Code     0  startup_ch32f10x.o(.text)
    WWDG_IRQHandler                          0x080001e7   Thumb Code     0  startup_ch32f10x.o(.text)
    __user_initial_stackheap                 0x080001e9   Thumb Code     0  startup_ch32f10x.o(.text)
    __use_two_region_memory                  0x0800020d   Thumb Code     2  heapauxi.o(.text)
    __rt_heap_escrow$2region                 0x0800020f   Thumb Code     2  heapauxi.o(.text)
    __rt_heap_expand$2region                 0x08000211   Thumb Code     2  heapauxi.o(.text)
    __user_setup_stackheap                   0x08000213   Thumb Code    74  sys_stackheap_outer.o(.text)
    exit                                     0x0800025d   Thumb Code    18  exit.o(.text)
    __user_libspace                          0x08000271   Thumb Code     8  libspace.o(.text)
    __user_perproc_libspace                  0x08000271   Thumb Code     0  libspace.o(.text)
    __user_perthread_libspace                0x08000271   Thumb Code     0  libspace.o(.text)
    _sys_exit                                0x08000279   Thumb Code     8  sys_exit.o(.text)
    __I$use$semihosting                      0x08000285   Thumb Code     0  use_no_semi.o(.text)
    __use_no_semihosting_swi                 0x08000285   Thumb Code     2  use_no_semi.o(.text)
    Address_set                              0x08000287   Thumb Code    90  tft.o(i.Address_set)
    __semihosting_library_function           0x08000287   Thumb Code     0  indicate_semi.o(.text)
    Delay_ms                                 0x080002e1   Thumb Code    24  delay.o(i.Delay_ms)
    Delay_us                                 0x080002f9   Thumb Code    46  delay.o(i.Delay_us)
    GPIO_Init                                0x08000327   Thumb Code   278  ch32f10x_gpio.o(i.GPIO_Init)
    GPIO_ResetBits                           0x0800043d   Thumb Code     4  ch32f10x_gpio.o(i.GPIO_ResetBits)
    GPIO_SetBits                             0x08000441   Thumb Code     4  ch32f10x_gpio.o(i.GPIO_SetBits)
    GPIO_WriteBit                            0x08000445   Thumb Code    10  ch32f10x_gpio.o(i.GPIO_WriteBit)
    LCD_Clear                                0x0800044f   Thumb Code    44  tft.o(i.LCD_Clear)
    LCD_DrawPoint                            0x0800047d   Thumb Code    28  tft.o(i.LCD_DrawPoint)
    LCD_ShowChar                             0x0800049d   Thumb Code   214  tft.o(i.LCD_ShowChar)
    LCD_ShowNum                              0x08000581   Thumb Code   122  tft.o(i.LCD_ShowNum)
    LCD_WR_DATA                              0x080005fd   Thumb Code    28  tft.o(i.LCD_WR_DATA)
    LCD_WR_DATA8                             0x0800061d   Thumb Code    20  tft.o(i.LCD_WR_DATA8)
    LCD_WR_REG                               0x08000635   Thumb Code    20  tft.o(i.LCD_WR_REG)
    LCD_Writ_Bus                             0x0800064d   Thumb Code    62  tft.o(i.LCD_Writ_Bus)
    LED_Init                                 0x08000691   Thumb Code    48  led.o(i.LED_Init)
    Lcd_Init                                 0x080006c5   Thumb Code   488  tft.o(i.Lcd_Init)
    OLED_Clear                               0x080008b5   Thumb Code    42  oled.o(i.OLED_Clear)
    OLED_I2C_Init                            0x080008e1   Thumb Code    76  oled.o(i.OLED_I2C_Init)
    OLED_I2C_SendByte                        0x08000931   Thumb Code    80  oled.o(i.OLED_I2C_SendByte)
    OLED_I2C_Start                           0x08000985   Thumb Code    48  oled.o(i.OLED_I2C_Start)
    OLED_I2C_Stop                            0x080009b9   Thumb Code    36  oled.o(i.OLED_I2C_Stop)
    OLED_Init                                0x080009e1   Thumb Code   174  oled.o(i.OLED_Init)
    OLED_SetCursor                           0x08000a8f   Thumb Code    34  oled.o(i.OLED_SetCursor)
    OLED_ShowChar                            0x08000ab1   Thumb Code   110  oled.o(i.OLED_ShowChar)
    OLED_ShowChineseChar                     0x08000b25   Thumb Code   102  oled.o(i.OLED_ShowChineseChar)
    OLED_ShowChineseString                   0x08000b91   Thumb Code    54  oled.o(i.OLED_ShowChineseString)
    OLED_ShowString                          0x08000bc7   Thumb Code    40  oled.o(i.OLED_ShowString)
    OLED_WriteCommand                        0x08000bef   Thumb Code    32  oled.o(i.OLED_WriteCommand)
    OLED_WriteData                           0x08000c0f   Thumb Code    32  oled.o(i.OLED_WriteData)
    RCC_APB2PeriphClockCmd                   0x08000c31   Thumb Code    26  ch32f10x_rcc.o(i.RCC_APB2PeriphClockCmd)
    SystemInit                               0x08000d39   Thumb Code    78  system_ch32f10x.o(i.SystemInit)
    USART1_IRQHandler                        0x08000d99   Thumb Code   140  serial.o(i.USART1_IRQHandler)
    USART_ClearITPendingBit                  0x08000e39   Thumb Code    20  ch32f10x_usart.o(i.USART_ClearITPendingBit)
    USART_GetITStatus                        0x08000e4d   Thumb Code    76  ch32f10x_usart.o(i.USART_GetITStatus)
    USART_ReceiveData                        0x08000e99   Thumb Code    10  ch32f10x_usart.o(i.USART_ReceiveData)
    main                                     0x08000ea5   Thumb Code   258  main.o(i.main)
    mypow                                    0x08000fc1   Thumb Code    22  tft.o(i.mypow)
    showhanzi                                0x08000fd9   Thumb Code    98  tft.o(i.showhanzi)
    showimage                                0x08001049   Thumb Code   106  main.o(i.showimage)
    xianshi                                  0x080010bd   Thumb Code    52  main.o(i.xianshi)
    image                                    0x080010f8   Data        3200  main.o(.constdata)
    Hzk                                      0x08001d78   Data        1344  oled.o(.constdata)
    OLED_F8x16                               0x080022b8   Data        1520  oled.o(.constdata)
    asc2_1608                                0x080028a8   Data        1520  tft.o(.constdata)
    Region$$Table$$Base                      0x08002e98   Number         0  anon$$obj.o(Region$$Table)
    Region$$Table$$Limit                     0x08002eb8   Number         0  anon$$obj.o(Region$$Table)
    i                                        0x20000000   Data           1  main.o(.data)
    ref                                      0x20000001   Data           1  main.o(.data)
    vx                                       0x20000004   Data           4  main.o(.data)
    vy                                       0x20000008   Data           4  main.o(.data)
    chx                                      0x2000000c   Data           4  main.o(.data)
    chy                                      0x20000010   Data           4  main.o(.data)
    Serial_RxFlag                            0x20000014   Data           1  serial.o(.data)
    hanzi                                    0x20000018   Data        2176  tft.o(.data)
    Hzk2                                     0x20000898   Data         448  tft.o(.data)
    BACK_COLOR                               0x20000a58   Data           4  tft.o(.data)
    POINT_COLOR                              0x20000a5c   Data           4  tft.o(.data)
    Serial_RxPacket                          0x20000a60   Data         100  serial.o(.bss)
    __libspace_start                         0x20000ac4   Data          96  libspace.o(.bss)
    __temporary_stack_top$libspace           0x20000b24   Data           0  libspace.o(.bss)



==============================================================================

Memory Map of the image

  Image Entry point : 0x080000f1

  Load Region LR_IROM1 (Base: 0x08000000, Size: 0x00003918, Max: 0x00010000, ABSOLUTE, COMPRESSED[0x00003450])

    Execution Region ER_IROM1 (Exec base: 0x08000000, Load base: 0x08000000, Size: 0x00002eb8, Max: 0x00010000, ABSOLUTE)

    Exec Addr    Load Addr    Size         Type   Attr      Idx    E Section Name        Object

    0x08000000   0x08000000   0x000000f0   Data   RO         2813    RESET               startup_ch32f10x.o
    0x080000f0   0x080000f0   0x00000008   Code   RO         2870  * !!!main             c_w.l(__main.o)
    0x080000f8   0x080000f8   0x00000034   Code   RO         3209    !!!scatter          c_w.l(__scatter.o)
    0x0800012c   0x0800012c   0x0000005a   Code   RO         3207    !!dczerorl2         c_w.l(__dczerorl2.o)
    0x08000186   0x08000186   0x00000002   PAD
    0x08000188   0x08000188   0x0000001c   Code   RO         3211    !!handler_zi        c_w.l(__scatter_zi.o)
    0x080001a4   0x080001a4   0x00000002   Code   RO         3068    .ARM.Collect$$libinit$$00000000  c_w.l(libinit.o)
    0x080001a6   0x080001a6   0x00000000   Code   RO         3084    .ARM.Collect$$libinit$$00000002  c_w.l(libinit2.o)
    0x080001a6   0x080001a6   0x00000000   Code   RO         3086    .ARM.Collect$$libinit$$00000004  c_w.l(libinit2.o)
    0x080001a6   0x080001a6   0x00000000   Code   RO         3089    .ARM.Collect$$libinit$$0000000A  c_w.l(libinit2.o)
    0x080001a6   0x080001a6   0x00000000   Code   RO         3091    .ARM.Collect$$libinit$$0000000C  c_w.l(libinit2.o)
    0x080001a6   0x080001a6   0x00000000   Code   RO         3093    .ARM.Collect$$libinit$$0000000E  c_w.l(libinit2.o)
    0x080001a6   0x080001a6   0x00000000   Code   RO         3096    .ARM.Collect$$libinit$$00000011  c_w.l(libinit2.o)
    0x080001a6   0x080001a6   0x00000000   Code   RO         3098    .ARM.Collect$$libinit$$00000013  c_w.l(libinit2.o)
    0x080001a6   0x080001a6   0x00000000   Code   RO         3100    .ARM.Collect$$libinit$$00000015  c_w.l(libinit2.o)
    0x080001a6   0x080001a6   0x00000000   Code   RO         3102    .ARM.Collect$$libinit$$00000017  c_w.l(libinit2.o)
    0x080001a6   0x080001a6   0x00000000   Code   RO         3104    .ARM.Collect$$libinit$$00000019  c_w.l(libinit2.o)
    0x080001a6   0x080001a6   0x00000000   Code   RO         3106    .ARM.Collect$$libinit$$0000001B  c_w.l(libinit2.o)
    0x080001a6   0x080001a6   0x00000000   Code   RO         3108    .ARM.Collect$$libinit$$0000001D  c_w.l(libinit2.o)
    0x080001a6   0x080001a6   0x00000000   Code   RO         3110    .ARM.Collect$$libinit$$0000001F  c_w.l(libinit2.o)
    0x080001a6   0x080001a6   0x00000000   Code   RO         3112    .ARM.Collect$$libinit$$00000021  c_w.l(libinit2.o)
    0x080001a6   0x080001a6   0x00000000   Code   RO         3114    .ARM.Collect$$libinit$$00000023  c_w.l(libinit2.o)
    0x080001a6   0x080001a6   0x00000000   Code   RO         3116    .ARM.Collect$$libinit$$00000025  c_w.l(libinit2.o)
    0x080001a6   0x080001a6   0x00000000   Code   RO         3120    .ARM.Collect$$libinit$$0000002C  c_w.l(libinit2.o)
    0x080001a6   0x080001a6   0x00000000   Code   RO         3122    .ARM.Collect$$libinit$$0000002E  c_w.l(libinit2.o)
    0x080001a6   0x080001a6   0x00000000   Code   RO         3124    .ARM.Collect$$libinit$$00000030  c_w.l(libinit2.o)
    0x080001a6   0x080001a6   0x00000000   Code   RO         3126    .ARM.Collect$$libinit$$00000032  c_w.l(libinit2.o)
    0x080001a6   0x080001a6   0x00000002   Code   RO         3127    .ARM.Collect$$libinit$$00000033  c_w.l(libinit2.o)
    0x080001a8   0x080001a8   0x00000002   Code   RO         3147    .ARM.Collect$$libshutdown$$00000000  c_w.l(libshutdown.o)
    0x080001aa   0x080001aa   0x00000000   Code   RO         3160    .ARM.Collect$$libshutdown$$00000002  c_w.l(libshutdown2.o)
    0x080001aa   0x080001aa   0x00000000   Code   RO         3162    .ARM.Collect$$libshutdown$$00000004  c_w.l(libshutdown2.o)
    0x080001aa   0x080001aa   0x00000000   Code   RO         3165    .ARM.Collect$$libshutdown$$00000007  c_w.l(libshutdown2.o)
    0x080001aa   0x080001aa   0x00000000   Code   RO         3168    .ARM.Collect$$libshutdown$$0000000A  c_w.l(libshutdown2.o)
    0x080001aa   0x080001aa   0x00000000   Code   RO         3170    .ARM.Collect$$libshutdown$$0000000C  c_w.l(libshutdown2.o)
    0x080001aa   0x080001aa   0x00000000   Code   RO         3173    .ARM.Collect$$libshutdown$$0000000F  c_w.l(libshutdown2.o)
    0x080001aa   0x080001aa   0x00000002   Code   RO         3174    .ARM.Collect$$libshutdown$$00000010  c_w.l(libshutdown2.o)
    0x080001ac   0x080001ac   0x00000000   Code   RO         2882    .ARM.Collect$$rtentry$$00000000  c_w.l(__rtentry.o)
    0x080001ac   0x080001ac   0x00000000   Code   RO         2990    .ARM.Collect$$rtentry$$00000002  c_w.l(__rtentry2.o)
    0x080001ac   0x080001ac   0x00000006   Code   RO         3002    .ARM.Collect$$rtentry$$00000004  c_w.l(__rtentry4.o)
    0x080001b2   0x080001b2   0x00000000   Code   RO         2992    .ARM.Collect$$rtentry$$00000009  c_w.l(__rtentry2.o)
    0x080001b2   0x080001b2   0x00000004   Code   RO         2993    .ARM.Collect$$rtentry$$0000000A  c_w.l(__rtentry2.o)
    0x080001b6   0x080001b6   0x00000000   Code   RO         2995    .ARM.Collect$$rtentry$$0000000C  c_w.l(__rtentry2.o)
    0x080001b6   0x080001b6   0x00000008   Code   RO         2996    .ARM.Collect$$rtentry$$0000000D  c_w.l(__rtentry2.o)
    0x080001be   0x080001be   0x00000002   Code   RO         3076    .ARM.Collect$$rtexit$$00000000  c_w.l(rtexit.o)
    0x080001c0   0x080001c0   0x00000000   Code   RO         3129    .ARM.Collect$$rtexit$$00000002  c_w.l(rtexit2.o)
    0x080001c0   0x080001c0   0x00000004   Code   RO         3130    .ARM.Collect$$rtexit$$00000003  c_w.l(rtexit2.o)
    0x080001c4   0x080001c4   0x00000006   Code   RO         3131    .ARM.Collect$$rtexit$$00000004  c_w.l(rtexit2.o)
    0x080001ca   0x080001ca   0x00000002   PAD
    0x080001cc   0x080001cc   0x00000040   Code   RO         2814    .text               startup_ch32f10x.o
    0x0800020c   0x0800020c   0x00000006   Code   RO         2868    .text               c_w.l(heapauxi.o)
    0x08000212   0x08000212   0x0000004a   Code   RO         3022    .text               c_w.l(sys_stackheap_outer.o)
    0x0800025c   0x0800025c   0x00000012   Code   RO         3061    .text               c_w.l(exit.o)
    0x0800026e   0x0800026e   0x00000002   PAD
    0x08000270   0x08000270   0x00000008   Code   RO         3073    .text               c_w.l(libspace.o)
    0x08000278   0x08000278   0x0000000c   Code   RO         3139    .text               c_w.l(sys_exit.o)
    0x08000284   0x08000284   0x00000002   Code   RO         3150    .text               c_w.l(use_no_semi.o)
    0x08000286   0x08000286   0x00000000   Code   RO         3152    .text               c_w.l(indicate_semi.o)
    0x08000286   0x08000286   0x0000005a   Code   RO          556    i.Address_set       tft.o
    0x080002e0   0x080002e0   0x00000018   Code   RO          704    i.Delay_ms          delay.o
    0x080002f8   0x080002f8   0x0000002e   Code   RO          706    i.Delay_us          delay.o
    0x08000326   0x08000326   0x00000116   Code   RO         1315    i.GPIO_Init         ch32f10x_gpio.o
    0x0800043c   0x0800043c   0x00000004   Code   RO         1322    i.GPIO_ResetBits    ch32f10x_gpio.o
    0x08000440   0x08000440   0x00000004   Code   RO         1323    i.GPIO_SetBits      ch32f10x_gpio.o
    0x08000444   0x08000444   0x0000000a   Code   RO         1326    i.GPIO_WriteBit     ch32f10x_gpio.o
    0x0800044e   0x0800044e   0x0000002c   Code   RO          558    i.LCD_Clear         tft.o
    0x0800047a   0x0800047a   0x00000002   PAD
    0x0800047c   0x0800047c   0x00000020   Code   RO          560    i.LCD_DrawPoint     tft.o
    0x0800049c   0x0800049c   0x000000e4   Code   RO          565    i.LCD_ShowChar      tft.o
    0x08000580   0x08000580   0x0000007a   Code   RO          566    i.LCD_ShowNum       tft.o
    0x080005fa   0x080005fa   0x00000002   PAD
    0x080005fc   0x080005fc   0x00000020   Code   RO          568    i.LCD_WR_DATA       tft.o
    0x0800061c   0x0800061c   0x00000018   Code   RO          569    i.LCD_WR_DATA8      tft.o
    0x08000634   0x08000634   0x00000018   Code   RO          570    i.LCD_WR_REG        tft.o
    0x0800064c   0x0800064c   0x00000044   Code   RO          572    i.LCD_Writ_Bus      tft.o
    0x08000690   0x08000690   0x00000034   Code   RO          404    i.LED_Init          led.o
    0x080006c4   0x080006c4   0x000001f0   Code   RO          573    i.Lcd_Init          tft.o
    0x080008b4   0x080008b4   0x0000002a   Code   RO          149    i.OLED_Clear        oled.o
    0x080008de   0x080008de   0x00000002   PAD
    0x080008e0   0x080008e0   0x00000050   Code   RO          150    i.OLED_I2C_Init     oled.o
    0x08000930   0x08000930   0x00000054   Code   RO          151    i.OLED_I2C_SendByte  oled.o
    0x08000984   0x08000984   0x00000034   Code   RO          152    i.OLED_I2C_Start    oled.o
    0x080009b8   0x080009b8   0x00000028   Code   RO          153    i.OLED_I2C_Stop     oled.o
    0x080009e0   0x080009e0   0x000000ae   Code   RO          154    i.OLED_Init         oled.o
    0x08000a8e   0x08000a8e   0x00000022   Code   RO          156    i.OLED_SetCursor    oled.o
    0x08000ab0   0x08000ab0   0x00000074   Code   RO          158    i.OLED_ShowChar     oled.o
    0x08000b24   0x08000b24   0x0000006c   Code   RO          159    i.OLED_ShowChineseChar  oled.o
    0x08000b90   0x08000b90   0x00000036   Code   RO          160    i.OLED_ShowChineseString  oled.o
    0x08000bc6   0x08000bc6   0x00000028   Code   RO          164    i.OLED_ShowString   oled.o
    0x08000bee   0x08000bee   0x00000020   Code   RO          165    i.OLED_WriteCommand  oled.o
    0x08000c0e   0x08000c0e   0x00000020   Code   RO          166    i.OLED_WriteData    oled.o
    0x08000c2e   0x08000c2e   0x00000002   PAD
    0x08000c30   0x08000c30   0x00000020   Code   RO         1698    i.RCC_APB2PeriphClockCmd  ch32f10x_rcc.o
    0x08000c50   0x08000c50   0x00000008   Code   RO         2821    i.SetSysClock       system_ch32f10x.o
    0x08000c58   0x08000c58   0x000000e0   Code   RO         2822    i.SetSysClockTo72   system_ch32f10x.o
    0x08000d38   0x08000d38   0x00000060   Code   RO         2824    i.SystemInit        system_ch32f10x.o
    0x08000d98   0x08000d98   0x000000a0   Code   RO          480    i.USART1_IRQHandler  serial.o
    0x08000e38   0x08000e38   0x00000014   Code   RO         2623    i.USART_ClearITPendingBit  ch32f10x_usart.o
    0x08000e4c   0x08000e4c   0x0000004c   Code   RO         2630    i.USART_GetITStatus  ch32f10x_usart.o
    0x08000e98   0x08000e98   0x0000000a   Code   RO         2640    i.USART_ReceiveData  ch32f10x_usart.o
    0x08000ea2   0x08000ea2   0x00000002   PAD
    0x08000ea4   0x08000ea4   0x0000011c   Code   RO            4    i.main              main.o
    0x08000fc0   0x08000fc0   0x00000016   Code   RO          574    i.mypow             tft.o
    0x08000fd6   0x08000fd6   0x00000002   PAD
    0x08000fd8   0x08000fd8   0x00000070   Code   RO          575    i.showhanzi         tft.o
    0x08001048   0x08001048   0x00000074   Code   RO            5    i.showimage         main.o
    0x080010bc   0x080010bc   0x0000003c   Code   RO            6    i.xianshi           main.o
    0x080010f8   0x080010f8   0x00000c80   Data   RO            7    .constdata          main.o
    0x08001d78   0x08001d78   0x00000b30   Data   RO          167    .constdata          oled.o
    0x080028a8   0x080028a8   0x000005f0   Data   RO          576    .constdata          tft.o
    0x08002e98   0x08002e98   0x00000020   Data   RO         3205    Region$$Table       anon$$obj.o


    Execution Region RW_IRAM1 (Exec base: 0x20000000, Load base: 0x08002eb8, Size: 0x00001128, Max: 0x00005000, ABSOLUTE, COMPRESSED[0x00000598])

    Exec Addr    Load Addr    Size         Type   Attr      Idx    E Section Name        Object

    0x20000000   COMPRESSED   0x00000014   Data   RW            8    .data               main.o
    0x20000014   COMPRESSED   0x00000003   Data   RW          483    .data               serial.o
    0x20000017   COMPRESSED   0x00000001   PAD
    0x20000018   COMPRESSED   0x00000a48   Data   RW          577    .data               tft.o
    0x20000a60        -       0x00000064   Zero   RW          482    .bss                serial.o
    0x20000ac4        -       0x00000060   Zero   RW         3074    .bss                c_w.l(libspace.o)
    0x20000b24   COMPRESSED   0x00000004   PAD
    0x20000b28        -       0x00000200   Zero   RW         2812    HEAP                startup_ch32f10x.o
    0x20000d28        -       0x00000400   Zero   RW         2811    STACK               startup_ch32f10x.o


==============================================================================

Image component sizes


      Code (inc. data)   RO Data    RW Data    ZI Data      Debug   Object Name

         0          0          0          0          0     160756   ch32f10x_adc.o
       296          0          0          0          0       3784   ch32f10x_gpio.o
        32          6          0          0          0        597   ch32f10x_rcc.o
       106          0          0          0          0       3582   ch32f10x_usart.o
        70          0          0          0          0        858   delay.o
        52          4          0          0          0        427   led.o
       460         44       3200         20          0      12593   main.o
       888         28       2864          0          0       7211   oled.o
       160         20          0          3        100       1216   serial.o
        64         26        240          0       1536        784   startup_ch32f10x.o
       328         28          0          0          0       1861   system_ch32f10x.o
      1294         58       1520       2632          0       7813   tft.o

    ----------------------------------------------------------------------
      3762        214       7856       2656       1636     201482   Object Totals
         0          0         32          0          0          0   (incl. Generated)
        12          0          0          1          0          0   (incl. Padding)

    ----------------------------------------------------------------------

      Code (inc. data)   RO Data    RW Data    ZI Data      Debug   Library Member Name

        90          0          0          0          0          0   __dczerorl2.o
         8          0          0          0          0         68   __main.o
         0          0          0          0          0          0   __rtentry.o
        12          0          0          0          0          0   __rtentry2.o
         6          0          0          0          0          0   __rtentry4.o
        52          8          0          0          0          0   __scatter.o
        28          0          0          0          0          0   __scatter_zi.o
        18          0          0          0          0         80   exit.o
         6          0          0          0          0        152   heapauxi.o
         0          0          0          0          0          0   indicate_semi.o
         2          0          0          0          0          0   libinit.o
         2          0          0          0          0          0   libinit2.o
         2          0          0          0          0          0   libshutdown.o
         2          0          0          0          0          0   libshutdown2.o
         8          4          0          0         96         68   libspace.o
         2          0          0          0          0          0   rtexit.o
        10          0          0          0          0          0   rtexit2.o
        12          4          0          0          0         68   sys_exit.o
        74          0          0          0          0         80   sys_stackheap_outer.o
         2          0          0          0          0         68   use_no_semi.o

    ----------------------------------------------------------------------
       342         16          0          0        100        584   Library Totals
         6          0          0          0          4          0   (incl. Padding)

    ----------------------------------------------------------------------

      Code (inc. data)   RO Data    RW Data    ZI Data      Debug   Library Name

       336         16          0          0         96        584   c_w.l

    ----------------------------------------------------------------------
       342         16          0          0        100        584   Library Totals

    ----------------------------------------------------------------------

==============================================================================


      Code (inc. data)   RO Data    RW Data    ZI Data      Debug   

      4104        230       7856       2656       1736     199826   Grand Totals
      4104        230       7856       1432       1736     199826   ELF Image Totals (compressed)
      4104        230       7856       1432          0          0   ROM Totals

==============================================================================

    Total RO  Size (Code + RO Data)                11960 (  11.68kB)
    Total RW  Size (RW Data + ZI Data)              4392 (   4.29kB)
    Total ROM Size (Code + RO Data + RW Data)      13392 (  13.08kB)

==============================================================================

